Archive member included because of file (symbol)

c:/freescale/kds_v3/toolchain/bin/../lib/gcc/arm-none-eabi/4.8.4/armv7e-m\libgcc.a(_arm_addsubsf3.o)
                              ./Generated_Code/PwmLdd1.o (__aeabi_i2f)
c:/freescale/kds_v3/toolchain/bin/../lib/gcc/arm-none-eabi/4.8.4/armv7e-m\libgcc.a(_arm_muldivsf3.o)
                              ./Generated_Code/PwmLdd1.o (__aeabi_fmul)
c:/freescale/kds_v3/toolchain/bin/../lib/gcc/arm-none-eabi/4.8.4/armv7e-m\libgcc.a(_arm_cmpsf2.o)
                              ./Generated_Code/PwmLdd1.o (__aeabi_fcmpgt)
c:/freescale/kds_v3/toolchain/bin/../lib/gcc/arm-none-eabi/4.8.4/armv7e-m\libgcc.a(_arm_fixunssfsi.o)
                              ./Generated_Code/PwmLdd1.o (__aeabi_f2uiz)
c:/freescale/kds_v3/toolchain/bin/../lib/gcc/arm-none-eabi/4.8.4/../../../../arm-none-eabi/lib/armv7e-m\libg_s.a(lib_a-exit.o)
                              c:/freescale/kds_v3/toolchain/bin/../lib/gcc/arm-none-eabi/4.8.4/../../../../arm-none-eabi/lib/armv7e-m/crt0.o (exit)
c:/freescale/kds_v3/toolchain/bin/../lib/gcc/arm-none-eabi/4.8.4/../../../../arm-none-eabi/lib/armv7e-m\libg_s.a(lib_a-impure.o)
                              c:/freescale/kds_v3/toolchain/bin/../lib/gcc/arm-none-eabi/4.8.4/../../../../arm-none-eabi/lib/armv7e-m\libg_s.a(lib_a-exit.o) (_global_impure_ptr)
c:/freescale/kds_v3/toolchain/bin/../lib/gcc/arm-none-eabi/4.8.4/../../../../arm-none-eabi/lib/armv7e-m\libg_s.a(lib_a-init.o)
                              c:/freescale/kds_v3/toolchain/bin/../lib/gcc/arm-none-eabi/4.8.4/../../../../arm-none-eabi/lib/armv7e-m/crt0.o (__libc_init_array)
c:/freescale/kds_v3/toolchain/bin/../lib/gcc/arm-none-eabi/4.8.4/../../../../arm-none-eabi/lib/armv7e-m\libg_s.a(lib_a-memset.o)
                              c:/freescale/kds_v3/toolchain/bin/../lib/gcc/arm-none-eabi/4.8.4/../../../../arm-none-eabi/lib/armv7e-m/crt0.o (memset)
c:/freescale/kds_v3/toolchain/bin/../lib/gcc/arm-none-eabi/4.8.4/../../../../arm-none-eabi/lib/armv7e-m\libg_s.a(lib_a-sscanf.o)
                              ./Sources/main.o (sscanf)
c:/freescale/kds_v3/toolchain/bin/../lib/gcc/arm-none-eabi/4.8.4/../../../../arm-none-eabi/lib/armv7e-m\libg_s.a(lib_a-stdio.o)
                              c:/freescale/kds_v3/toolchain/bin/../lib/gcc/arm-none-eabi/4.8.4/../../../../arm-none-eabi/lib/armv7e-m\libg_s.a(lib_a-sscanf.o) (__seofread)
c:/freescale/kds_v3/toolchain/bin/../lib/gcc/arm-none-eabi/4.8.4/../../../../arm-none-eabi/lib/armv7e-m\libg_s.a(lib_a-strlen.o)
                              c:/freescale/kds_v3/toolchain/bin/../lib/gcc/arm-none-eabi/4.8.4/../../../../arm-none-eabi/lib/armv7e-m\libg_s.a(lib_a-sscanf.o) (strlen)
c:/freescale/kds_v3/toolchain/bin/../lib/gcc/arm-none-eabi/4.8.4/../../../../arm-none-eabi/lib/armv7e-m\libg_s.a(lib_a-svfscanf.o)
                              c:/freescale/kds_v3/toolchain/bin/../lib/gcc/arm-none-eabi/4.8.4/../../../../arm-none-eabi/lib/armv7e-m\libg_s.a(lib_a-sscanf.o) (__ssvfscanf_r)
c:/freescale/kds_v3/toolchain/bin/../lib/gcc/arm-none-eabi/4.8.4/../../../../arm-none-eabi/lib/armv7e-m\libg_s.a(lib_a-ungetc.o)
                              c:/freescale/kds_v3/toolchain/bin/../lib/gcc/arm-none-eabi/4.8.4/../../../../arm-none-eabi/lib/armv7e-m\libg_s.a(lib_a-svfscanf.o) (__submore)
c:/freescale/kds_v3/toolchain/bin/../lib/gcc/arm-none-eabi/4.8.4/../../../../arm-none-eabi/lib/armv7e-m\libg_s.a(lib_a-vfscanf_i.o)
                              c:/freescale/kds_v3/toolchain/bin/../lib/gcc/arm-none-eabi/4.8.4/../../../../arm-none-eabi/lib/armv7e-m\libg_s.a(lib_a-svfscanf.o) (_scanf_chars)
c:/freescale/kds_v3/toolchain/bin/../lib/gcc/arm-none-eabi/4.8.4/../../../../arm-none-eabi/lib/armv7e-m\libg_s.a(lib_a-writer.o)
                              c:/freescale/kds_v3/toolchain/bin/../lib/gcc/arm-none-eabi/4.8.4/../../../../arm-none-eabi/lib/armv7e-m\libg_s.a(lib_a-stdio.o) (_write_r)
c:/freescale/kds_v3/toolchain/bin/../lib/gcc/arm-none-eabi/4.8.4/../../../../arm-none-eabi/lib/armv7e-m\libg_s.a(lib_a-closer.o)
                              c:/freescale/kds_v3/toolchain/bin/../lib/gcc/arm-none-eabi/4.8.4/../../../../arm-none-eabi/lib/armv7e-m\libg_s.a(lib_a-stdio.o) (_close_r)
c:/freescale/kds_v3/toolchain/bin/../lib/gcc/arm-none-eabi/4.8.4/../../../../arm-none-eabi/lib/armv7e-m\libg_s.a(lib_a-ctype_.o)
                              c:/freescale/kds_v3/toolchain/bin/../lib/gcc/arm-none-eabi/4.8.4/../../../../arm-none-eabi/lib/armv7e-m\libg_s.a(lib_a-svfscanf.o) (__ctype_ptr__)
c:/freescale/kds_v3/toolchain/bin/../lib/gcc/arm-none-eabi/4.8.4/../../../../arm-none-eabi/lib/armv7e-m\libg_s.a(lib_a-fflush.o)
                              c:/freescale/kds_v3/toolchain/bin/../lib/gcc/arm-none-eabi/4.8.4/../../../../arm-none-eabi/lib/armv7e-m\libg_s.a(lib_a-ungetc.o) (_fflush_r)
c:/freescale/kds_v3/toolchain/bin/../lib/gcc/arm-none-eabi/4.8.4/../../../../arm-none-eabi/lib/armv7e-m\libg_s.a(lib_a-findfp.o)
[...]
Memory Configuration

Name             Origin             Length             Attributes
m_interrupts     0x00000000         0x000000f8         xr
m_text           0x00000410         0x0001fbf0         xr
m_data           0x1fffe000         0x00002000         rw
m_data_20000000  0x20000000         0x00002000         rw
m_cfmprotrom     0x00000400         0x00000010         xr
*default*        0x00000000         0xffffffff

Linker script and memory map

LOAD c:/freescale/kds_v3/toolchain/bin/../lib/gcc/arm-none-eabi/4.8.4/armv7e-m/crti.o
LOAD c:/freescale/kds_v3/toolchain/bin/../lib/gcc/arm-none-eabi/4.8.4/armv7e-m/crtbegin.o
LOAD c:/freescale/kds_v3/toolchain/bin/../lib/gcc/arm-none-eabi/4.8.4/../../../../arm-none-eabi/lib/armv7e-m/crt0.o
LOAD ./Sources/Events.o
LOAD ./Sources/main.o
LOAD ./Project_Settings/Startup_Code/startup.o
LOAD ./Generated_Code/ASerialLdd1.o
LOAD ./Generated_Code/Blue.o
LOAD ./Generated_Code/Cpu.o
LOAD ./Generated_Code/Green.o
LOAD ./Generated_Code/Inhr1.o
LOAD ./Generated_Code/PE_LDD.o
LOAD ./Generated_Code/PwmLdd1.o
LOAD ./Generated_Code/PwmLdd2.o
LOAD ./Generated_Code/PwmLdd3.o
LOAD ./Generated_Code/Red.o
LOAD ./Generated_Code/TU1.o
LOAD ./Generated_Code/Term1.o
LOAD ./Generated_Code/Vectors.o
LOAD c:/freescale/kds_v3/toolchain/bin/../lib/gcc/arm-none-eabi/4.8.4/../../../../arm-none-eabi/lib/armv7e-m\libstdc++_s.a
LOAD c:/freescale/kds_v3/toolchain/bin/../lib/gcc/arm-none-eabi/4.8.4/../../../../arm-none-eabi/lib/armv7e-m\libm.a
START GROUP
LOAD c:/freescale/kds_v3/toolchain/bin/../lib/gcc/arm-none-eabi/4.8.4/armv7e-m\libgcc.a
LOAD c:/freescale/kds_v3/toolchain/bin/../lib/gcc/arm-none-eabi/4.8.4/../../../../arm-none-eabi/lib/armv7e-m\libg_s.a
LOAD c:/freescale/kds_v3/toolchain/bin/../lib/gcc/arm-none-eabi/4.8.4/../../../../arm-none-eabi/lib/armv7e-m\libc_s.a
END GROUP
START GROUP
LOAD c:/freescale/kds_v3/toolchain/bin/../lib/gcc/arm-none-eabi/4.8.4/armv7e-m\libgcc.a
LOAD c:/freescale/kds_v3/toolchain/bin/../lib/gcc/arm-none-eabi/4.8.4/../../../../arm-none-eabi/lib/armv7e-m\libc_s.a
LOAD c:/freescale/kds_v3/toolchain/bin/../lib/gcc/arm-none-eabi/4.8.4/../../../../arm-none-eabi/lib/armv7e-m\libnosys.a
END GROUP
START GROUP
LOAD c:/freescale/kds_v3/toolchain/bin/../lib/gcc/arm-none-eabi/4.8.4/armv7e-m\libgcc.a
LOAD c:/freescale/kds_v3/toolchain/bin/../lib/gcc/arm-none-eabi/4.8.4/../../../../arm-none-eabi/lib/armv7e-m\libc_s.a
LOAD c:/freescale/kds_v3/toolchain/bin/../lib/gcc/arm-none-eabi/4.8.4/../../../../arm-none-eabi/lib/armv7e-m\libnosys.a
END GROUP
LOAD c:/freescale/kds_v3/toolchain/bin/../lib/gcc/arm-none-eabi/4.8.4/armv7e-m/crtend.o
LOAD c:/freescale/kds_v3/toolchain/bin/../lib/gcc/arm-none-eabi/4.8.4/armv7e-m/crtn.o
                0x20000000                _estack = 0x20000000
                0x20000000                __SP_INIT = _estack
                0x20000000                __stack = _estack
                0x00000000                __heap_size = 0x0
                0x00000400                __stack_size = 0x400

.interrupts     0x00000000       0xf8
                0x00000000                __vector_table = .
                0x00000000                . = ALIGN (0x4)
 *(.vectortable)
 .vectortable   0x00000000       0xf8 ./Generated_Code/Vectors.o
                0x00000000                __vect_table
                0x000000f8                . = ALIGN (0x4)

.cfmprotect     0x00000400       0x10
                0x00000400                . = ALIGN (0x4)
 *(.cfmconfig)
 .cfmconfig     0x00000400       0x10 ./Generated_Code/Cpu.o
                0x00000400                _cfm
                0x00000410                . = ALIGN (0x4)

.text           0x00000410     0x2684
                0x00000410                . = ALIGN (0x4)
 *(.text)
 .text          0x00000410       0x54 c:/freescale/kds_v3/toolchain/bin/../lib/gcc/arm-none-eabi/4.8.4/armv7e-m/crtbegin.o
 .text          0x00000464       0x74 c:/freescale/kds_v3/toolchain/bin/../lib/gcc/arm-none-eabi/4.8.4/../../../../arm-none-eabi/lib/armv7e-m/crt0.o
                0x00000464                _start
                0x00000464                _mainCRTStartup
 *(.text*)
 .text.Cpu_OnNMIINT
                0x000004d8        0xc ./Sources/Events.o
                0x000004d8                Cpu_OnNMIINT
 .text.initialdisplay.6702
                0x000004e4      0x198 ./Sources/main.o
 .text.main     0x0000067c      0x154 ./Sources/main.o
                0x0000067c                main
 .text.delay.6714
                0x000007d0       0x28 ./Sources/main.o
 .text.redinput.6720
                0x000007f8       0xec ./Sources/main.o
 .text.greeninput.6723
                0x000008e4       0xec ./Sources/main.o
 .text.blueinput.6726
                0x000009d0       0xe8 ./Sources/main.o
 .text.__copy_rom_section
                0x00000ab8       0xe4 ./Project_Settings/Startup_Code/startup.o
                0x00000ab8                __copy_rom_section
 .text.__copy_rom_sections_to_ram
                0x00000b9c       0x9c ./Project_Settings/Startup_Code/startup.o
                0x00000b9c                __copy_rom_sections_to_ram
 .text.__init_registers
                0x00000c38        0xc ./Project_Settings/Startup_Code/startup.o
                0x00000c38                __init_registers
 .text.__init_user
                0x00000c44        0xc ./Project_Settings/Startup_Code/startup.o
                0x00000c44                __init_user
 .text.__thumb_startup
                0x00000c50       0x34 ./Project_Settings/Startup_Code/startup.o
                0x00000c50                __thumb_startup
 .text.ASerialLdd1_Init
                0x00000c84      0x160 ./Generated_Code/ASerialLdd1.o
                0x00000c84                ASerialLdd1_Init
 .text.ASerialLdd1_ReceiveBlock
                0x00000de4       0x48 ./Generated_Code/ASerialLdd1.o
                0x00000de4                ASerialLdd1_ReceiveBlock
 .text.ASerialLdd1_SendBlock
                0x00000e2c       0x58 ./Generated_Code/ASerialLdd1.o
                0x00000e2c                ASerialLdd1_SendBlock
 .text.ASerialLdd1_GetReceivedDataNum
                0x00000e84       0x1c ./Generated_Code/ASerialLdd1.o
                0x00000e84                ASerialLdd1_GetReceivedDataNum
 .text.InterruptRx
                0x00000ea0       0x50 ./Generated_Code/ASerialLdd1.o
 .text.InterruptTx
                0x00000ef0       0x60 ./Generated_Code/ASerialLdd1.o
 .text.ASerialLdd1_Main
                0x00000f50       0xd8 ./Generated_Code/ASerialLdd1.o
                0x00000f50                ASerialLdd1_Main
 .text.ASerialLdd1_GetError
                0x00001028       0x2c ./Generated_Code/ASerialLdd1.o
                0x00001028                ASerialLdd1_GetError
 .text.Cpu_INT_NMIInterrupt
                0x00001054       0x1c ./Generated_Code/Cpu.o
                0x00001054                Cpu_INT_NMIInterrupt
 .text.Cpu_Interrupt
                0x00001070       0x18 ./Generated_Code/Cpu.o
                0x00001070                Cpu_Interrupt
 .text.__init_hardware
                0x00001088      0x11c ./Generated_Code/Cpu.o
                0x00001088                __init_hardware
 .text.Cpu_SetBASEPRI
                0x000011a4       0x18 ./Generated_Code/Cpu.o
                0x000011a4                Cpu_SetBASEPRI
 .text.PE_low_level_init
                0x000011bc       0xbc ./Generated_Code/Cpu.o
                0x000011bc                PE_low_level_init
 .text.HWEnDi   0x00001278       0x1c ./Generated_Code/Inhr1.o
 .text.Inhr1_RecvChar
                0x00001294       0x80 ./Generated_Code/Inhr1.o
                0x00001294                Inhr1_RecvChar
 .text.Inhr1_SendChar
                0x00001314       0x5c ./Generated_Code/Inhr1.o
                0x00001314                Inhr1_SendChar
 .text.Inhr1_Init
                0x00001370       0x24 ./Generated_Code/Inhr1.o
                0x00001370                Inhr1_Init
 .text.ASerialLdd1_OnBreak
                0x00001394       0x24 ./Generated_Code/Inhr1.o
                0x00001394                ASerialLdd1_OnBreak
 .text.PwmLdd1_Init
                0x000013b8       0x58 ./Generated_Code/PwmLdd1.o
                0x000013b8                PwmLdd1_Init
 .text.PwmLdd1_SetRatio8
                0x00001410       0x2c ./Generated_Code/PwmLdd1.o
                0x00001410                PwmLdd1_SetRatio8
 .text.SetRatio
                0x0000143c       0x54 ./Generated_Code/PwmLdd1.o
 .text.PwmLdd2_Init
                0x00001490       0x58 ./Generated_Code/PwmLdd2.o
                0x00001490                PwmLdd2_Init
 .text.PwmLdd2_SetRatio8
                0x000014e8       0x2c ./Generated_Code/PwmLdd2.o
                0x000014e8                PwmLdd2_SetRatio8
 .text.SetRatio
                0x00001514       0x54 ./Generated_Code/PwmLdd2.o
 .text.PwmLdd3_Init
                0x00001568       0x58 ./Generated_Code/PwmLdd3.o
                0x00001568                PwmLdd3_Init
 .text.PwmLdd3_SetRatio8
                0x000015c0       0x2c ./Generated_Code/PwmLdd3.o
                0x000015c0                PwmLdd3_SetRatio8
 .text.SetRatio
                0x000015ec       0x54 ./Generated_Code/PwmLdd3.o
 .text.TU1_Init
                0x00001640      0x140 ./Generated_Code/TU1.o
                0x00001640                TU1_Init
 .text.TU1_GetPeriodTicks
                0x00001780       0x30 ./Generated_Code/TU1.o
                0x00001780                TU1_GetPeriodTicks
 .text.TU1_SetOffsetTicks
                0x000017b0       0x54 ./Generated_Code/TU1.o
                0x000017b0                TU1_SetOffsetTicks
 .text.Term1_ReadLine
                0x00001804       0x48 ./Generated_Code/Term1.o
                0x00001804                Term1_ReadLine
 .text.Term1_SendChar
                0x0000184c       0x20 ./Generated_Code/Term1.o
                0x0000184c                Term1_SendChar
 .text.SendESCPrefix
                0x0000186c       0x24 ./Generated_Code/Term1.o
 .text.Term1_SendStr
                0x00001890       0x34 ./Generated_Code/Term1.o
                0x00001890                Term1_SendStr
 .text.LongToStr
                0x000018c4       0xf4 ./Generated_Code/Term1.o
 .text.Term1_SendNum
                0x000019b8       0x54 ./Generated_Code/Term1.o
                0x000019b8                Term1_SendNum
 .text.Term1_Cls
                0x00001a0c       0x28 ./Generated_Code/Term1.o
                0x00001a0c                Term1_Cls
 .text.Term1_MoveTo
                0x00001a34       0x44 ./Generated_Code/Term1.o
                0x00001a34                Term1_MoveTo
 .text.Term1_EraseLine
                0x00001a78       0x18 ./Generated_Code/Term1.o
                0x00001a78                Term1_EraseLine
 .text.exit     0x00001a90       0x28 c:/freescale/kds_v3/toolchain/bin/../lib/gcc/arm-none-eabi/4.8.4/../../../../arm-none-eabi/lib/armv7e-m\libg_s.a(lib_a-exit.o)
                0x00001a90                exit
 .text.__libc_init_array
                0x00001ab8       0x4c c:/freescale/kds_v3/toolchain/bin/../lib/gcc/arm-none-eabi/4.8.4/../../../../arm-none-eabi/lib/armv7e-m\libg_s.a(lib_a-init.o)
                0x00001ab8                __libc_init_array
 .text.memset   0x00001b04       0x10 c:/freescale/kds_v3/toolchain/bin/../lib/gcc/arm-none-eabi/4.8.4/../../../../arm-none-eabi/lib/armv7e-m\libg_s.a(lib_a-memset.o)
                0x00001b04                memset
 .text.sscanf   0x00001b14       0x54 c:/freescale/kds_v3/toolchain/bin/../lib/gcc/arm-none-eabi/4.8.4/../../../../arm-none-eabi/lib/armv7e-m\libg_s.a(lib_a-sscanf.o)
                0x00001b14                siscanf
                0x00001b14                sscanf
 .text.__seofread
                0x00001b68        0x4 c:/freescale/kds_v3/toolchain/bin/../lib/gcc/arm-none-eabi/4.8.4/../../../../arm-none-eabi/lib/armv7e-m\libg_s.a(lib_a-stdio.o)
                0x00001b68                __seofread
 .text.strlen   0x00001b6c       0x10 c:/freescale/kds_v3/toolchain/bin/../lib/gcc/arm-none-eabi/4.8.4/../../../../arm-none-eabi/lib/armv7e-m\libg_s.a(lib_a-strlen.o)
                0x00001b6c                strlen
 .text._sungetc_r
                0x00001b7c       0x7a c:/freescale/kds_v3/toolchain/bin/../lib/gcc/arm-none-eabi/4.8.4/../../../../arm-none-eabi/lib/armv7e-m\libg_s.a(lib_a-svfscanf.o)
                0x00001b7c                _sungetc_r
 .text.__ssrefill_r
                0x00001bf6       0x3a c:/freescale/kds_v3/toolchain/bin/../lib/gcc/arm-none-eabi/4.8.4/../../../../arm-none-eabi/lib/armv7e-m\libg_s.a(lib_a-svfscanf.o)
                0x00001bf6                __ssrefill_r
 .text.__ssvfscanf_r
                0x00001c30      0x29c c:/freescale/kds_v3/toolchain/bin/../lib/gcc/arm-none-eabi/4.8.4/../../../../arm-none-eabi/lib/armv7e-m\libg_s.a(lib_a-svfscanf.o)
                0x00001c30                __ssvfiscanf_r
                0x00001c30                __ssvfscanf_r
 .text.__submore
                0x00001ecc       0x76 c:/freescale/kds_v3/toolchain/bin/../lib/gcc/arm-none-eabi/4.8.4/../../../../arm-none-eabi/lib/armv7e-m\libg_s.a(lib_a-ungetc.o)
                0x00001ecc                __submore
 *fill*         0x00001f42        0x2 
 .text._scanf_chars
                0x00001f44       0xc0 c:/freescale/kds_v3/toolchain/bin/../lib/gcc/arm-none-eabi/4.8.4/../../../../arm-none-eabi/lib/armv7e-m\libg_s.a(lib_a-vfscanf_i.o)
                0x00001f44                _scanf_chars
 .text._scanf_i
                0x00002004      0x1ec c:/freescale/kds_v3/toolchain/bin/../lib/gcc/arm-none-eabi/4.8.4/../../../../arm-none-eabi/lib/armv7e-m\libg_s.a(lib_a-vfscanf_i.o)
                0x00002004                _scanf_i
 .text.memchr   0x000021f0       0x1e c:/freescale/kds_v3/toolchain/bin/../lib/gcc/arm-none-eabi/4.8.4/../../../../arm-none-eabi/lib/armv7e-m\libg_s.a(lib_a-memchr-stub.o)
                0x000021f0                memchr
 .text.memcpy   0x0000220e       0x12 c:/freescale/kds_v3/toolchain/bin/../lib/gcc/arm-none-eabi/4.8.4/../../../../arm-none-eabi/lib/armv7e-m\libg_s.a(lib_a-memcpy-stub.o)
                0x0000220e                memcpy
 .text._free_r  0x00002220       0x88 c:/freescale/kds_v3/toolchain/bin/../lib/gcc/arm-none-eabi/4.8.4/../../../../arm-none-eabi/lib/armv7e-m\libg_s.a(lib_a-nano-freer.o)
                0x00002220                _free_r
 .text._malloc_r
                0x000022a8       0xa8 c:/freescale/kds_v3/toolchain/bin/../lib/gcc/arm-none-eabi/4.8.4/../../../../arm-none-eabi/lib/armv7e-m\libg_s.a(lib_a-nano-mallocr.o)
                0x000022a8                _malloc_r
 .text._realloc_r
                0x00002350       0x4c c:/freescale/kds_v3/toolchain/bin/../lib/gcc/arm-none-eabi/4.8.4/../../../../arm-none-eabi/lib/armv7e-m\libg_s.a(lib_a-nano-reallocr.o)
                0x00002350                _realloc_r
 .text._sbrk_r  0x0000239c       0x20 c:/freescale/kds_v3/toolchain/bin/../lib/gcc/arm-none-eabi/4.8.4/../../../../arm-none-eabi/lib/armv7e-m\libg_s.a(lib_a-sbrkr.o)
                0x0000239c                _sbrk_r
 .text.__sccl   0x000023bc       0x64 c:/freescale/kds_v3/toolchain/bin/../lib/gcc/arm-none-eabi/4.8.4/../../../../arm-none-eabi/lib/armv7e-m\libg_s.a(lib_a-sccl.o)
                0x000023bc                __sccl
 .text._strtol_r
                0x00002420      0x104 c:/freescale/kds_v3/toolchain/bin/../lib/gcc/arm-none-eabi/4.8.4/../../../../arm-none-eabi/lib/armv7e-m\libg_s.a(lib_a-strtol.o)
                0x00002420                _strtol_r
 .text._strtoul_r
                0x00002524       0xf0 c:/freescale/kds_v3/toolchain/bin/../lib/gcc/arm-none-eabi/4.8.4/../../../../arm-none-eabi/lib/armv7e-m\libg_s.a(lib_a-strtoul.o)
                0x00002524                _strtoul_r
 .text._malloc_usable_size_r
                0x00002614       0x12 c:/freescale/kds_v3/toolchain/bin/../lib/gcc/arm-none-eabi/4.8.4/../../../../arm-none-eabi/lib/armv7e-m\libg_s.a(lib_a-nano-msizer.o)
                0x00002614                _malloc_usable_size_r
 *fill*         0x00002626        0x2 
 .text._sbrk    0x00002628       0x34 c:/freescale/kds_v3/toolchain/bin/../lib/gcc/arm-none-eabi/4.8.4/../../../../arm-none-eabi/lib/armv7e-m\libnosys.a(sbrk.o)
                0x00002628                _sbrk
 .text._exit    0x0000265c        0x4 c:/freescale/kds_v3/toolchain/bin/../lib/gcc/arm-none-eabi/4.8.4/../../../../arm-none-eabi/lib/armv7e-m\libnosys.a(_exit.o)
                0x0000265c                _exit
 *(.rodata)
 .rodata        0x00002660      0x280 ./Sources/main.o
 .rodata        0x000028e0        0xc c:/freescale/kds_v3/toolchain/bin/../lib/gcc/arm-none-eabi/4.8.4/../../../../arm-none-eabi/lib/armv7e-m\libg_s.a(lib_a-vfscanf_i.o)
 *(.rodata*)
 .rodata.ChannelDevice
                0x000028ec        0x4 ./Generated_Code/TU1.o
 .rodata.ChannelMode
                0x000028f0        0x4 ./Generated_Code/TU1.o
 .rodata.str1.1
                0x000028f4        0x2 c:/freescale/kds_v3/toolchain/bin/../lib/gcc/arm-none-eabi/4.8.4/../../../../arm-none-eabi/lib/armv7e-m\libg_s.a(lib_a-impure.o)
 *fill*         0x000028f6        0x2 
 .rodata._global_impure_ptr
                0x000028f8        0x4 c:/freescale/kds_v3/toolchain/bin/../lib/gcc/arm-none-eabi/4.8.4/../../../../arm-none-eabi/lib/armv7e-m\libg_s.a(lib_a-impure.o)
                0x000028f8                _global_impure_ptr
 .rodata.str1.1
                0x000028fc        0x4 c:/freescale/kds_v3/toolchain/bin/../lib/gcc/arm-none-eabi/4.8.4/../../../../arm-none-eabi/lib/armv7e-m\libg_s.a(lib_a-svfscanf.o)
 .rodata.str1.1
                0x00002900       0x1b c:/freescale/kds_v3/toolchain/bin/../lib/gcc/arm-none-eabi/4.8.4/../../../../arm-none-eabi/lib/armv7e-m\libg_s.a(lib_a-vfscanf_i.o)
 .rodata._ctype_
                0x0000291b      0x101 c:/freescale/kds_v3/toolchain/bin/../lib/gcc/arm-none-eabi/4.8.4/../../../../arm-none-eabi/lib/armv7e-m\libg_s.a(lib_a-ctype_.o)
                0x0000291b                _ctype_
 .rodata.__sf_fake_stdin
                0x00002a1c       0x20 c:/freescale/kds_v3/toolchain/bin/../lib/gcc/arm-none-eabi/4.8.4/../../../../arm-none-eabi/lib/armv7e-m\libg_s.a(lib_a-findfp.o)
                0x00002a1c                __sf_fake_stdin
 .rodata.__sf_fake_stdout
                0x00002a3c       0x20 c:/freescale/kds_v3/toolchain/bin/../lib/gcc/arm-none-eabi/4.8.4/../../../../arm-none-eabi/lib/armv7e-m\libg_s.a(lib_a-findfp.o)
                0x00002a3c                __sf_fake_stdout
 .rodata.__sf_fake_stderr
                0x00002a5c       0x20 c:/freescale/kds_v3/toolchain/bin/../lib/gcc/arm-none-eabi/4.8.4/../../../../arm-none-eabi/lib/armv7e-m\libg_s.a(lib_a-findfp.o)
                0x00002a5c                __sf_fake_stderr
 *(.glue_7)
 .glue_7        0x00000000        0x0 linker stubs
 *(.glue_7t)
 .glue_7t       0x00000000        0x0 linker stubs
 *(.eh_frame)
 .eh_frame      0x00002a7c        0x0 c:/freescale/kds_v3/toolchain/bin/../lib/gcc/arm-none-eabi/4.8.4/armv7e-m/crtbegin.o
 *(.init)
 .init          0x00002a7c        0x4 c:/freescale/kds_v3/toolchain/bin/../lib/gcc/arm-none-eabi/4.8.4/armv7e-m/crti.o
                0x00002a7c                _init
 .init          0x00002a80        0x8 c:/freescale/kds_v3/toolchain/bin/../lib/gcc/arm-none-eabi/4.8.4/armv7e-m/crtn.o
 *(.fini)
 .fini          0x00002a88        0x4 c:/freescale/kds_v3/toolchain/bin/../lib/gcc/arm-none-eabi/4.8.4/armv7e-m/crti.o
                0x00002a88                _fini
 .fini          0x00002a8c        0x8 c:/freescale/kds_v3/toolchain/bin/../lib/gcc/arm-none-eabi/4.8.4/armv7e-m/crtn.o
                0x00002a94                . = ALIGN (0x4)
                0x00002a94                _etext = .

.vfp11_veneer   0x00002a94        0x0
 .vfp11_veneer  0x00000000        0x0 linker stubs

.v4_bx          0x00002a94        0x0
 .v4_bx         0x00000000        0x0 linker stubs

.iplt           0x00002a94        0x0
 .iplt          0x00000000        0x0 c:/freescale/kds_v3/toolchain/bin/../lib/gcc/arm-none-eabi/4.8.4/armv7e-m/crtbegin.o

.ARM.extab
 *(.ARM.extab* .gnu.linkonce.armextab.*)

.ARM            0x00002a94        0x8
                0x00002a94                __exidx_start = .
 *(.ARM.exidx*)
 .ARM.exidx     0x00002a94        0x8 c:/freescale/kds_v3/toolchain/bin/../lib/gcc/arm-none-eabi/4.8.4/../../../../arm-none-eabi/lib/armv7e-m/crt0.o
                0x00002a9c                __exidx_end = .

.rel.dyn        0x00002a9c        0x0
 .rel.iplt      0x00000000        0x0 c:/freescale/kds_v3/toolchain/bin/../lib/gcc/arm-none-eabi/4.8.4/armv7e-m/crtbegin.o

.ctors          0x00002a9c        0x0
                0x00002a9c                __CTOR_LIST__ = .
 *crtbegin.o(.ctors)
 *(EXCLUDE_FILE(*crtend.o) .ctors)
 *(SORT(.ctors.*))
 *(.ctors)
                0x00002a9c                __CTOR_END__ = .

.dtors          0x00002a9c        0x0
                0x00002a9c                __DTOR_LIST__ = .
 *crtbegin.o(.dtors)
 *(EXCLUDE_FILE(*crtend.o) .dtors)
 *(SORT(.dtors.*))
 *(.dtors)
                0x00002a9c                __DTOR_END__ = .

.preinit_array  0x00002a9c        0x0
                0x00002a9c                PROVIDE (__preinit_array_start, .)
 *(.preinit_array*)
                0x00002a9c                PROVIDE (__preinit_array_end, .)

.init_array     0x00002a9c        0x4
                0x00002a9c                PROVIDE (__init_array_start, .)
 *(SORT(.init_array.*))
 *(.init_array*)
 .init_array    0x00002a9c        0x4 c:/freescale/kds_v3/toolchain/bin/../lib/gcc/arm-none-eabi/4.8.4/armv7e-m/crtbegin.o
                0x00002aa0                PROVIDE (__init_array_end, .)

.fini_array     0x00002aa0        0x4
                0x00002aa0                PROVIDE (__fini_array_start, .)
 *(SORT(.fini_array.*))
 *(.fini_array*)
 .fini_array    0x00002aa0        0x4 c:/freescale/kds_v3/toolchain/bin/../lib/gcc/arm-none-eabi/4.8.4/armv7e-m/crtbegin.o
                0x00002aa4                PROVIDE (__fini_array_end, .)
                0x00002aa4                ___ROM_AT = .

.data           0x1fffe000       0x68 load address 0x00002aa4
                0x1fffe000                . = ALIGN (0x4)
                0x1fffe000                _sdata = .
 *(.data)
 *(.data*)
 .data.impure_data
                0x1fffe000       0x60 c:/freescale/kds_v3/toolchain/bin/../lib/gcc/arm-none-eabi/4.8.4/../../../../arm-none-eabi/lib/armv7e-m\libg_s.a(lib_a-impure.o)
 .data._impure_ptr
                0x1fffe060        0x4 c:/freescale/kds_v3/toolchain/bin/../lib/gcc/arm-none-eabi/4.8.4/../../../../arm-none-eabi/lib/armv7e-m\libg_s.a(lib_a-impure.o)
                0x1fffe060                _impure_ptr
 .data.__ctype_ptr__
                0x1fffe064        0x4 c:/freescale/kds_v3/toolchain/bin/../lib/gcc/arm-none-eabi/4.8.4/../../../../arm-none-eabi/lib/armv7e-m\libg_s.a(lib_a-ctype_.o)
                0x1fffe064                __ctype_ptr__
                0x1fffe068                . = ALIGN (0x4)
                0x1fffe068                _edata = .
                0x00000068                ___data_size = (_edata - _sdata)
                0x00002b0c                ___m_data_20000000_ROMStart = (___ROM_AT + SIZEOF (.data))

.jcr            0x1fffe068        0x0 load address 0x00002b0c
 .jcr           0x1fffe068        0x0 c:/freescale/kds_v3/toolchain/bin/../lib/gcc/arm-none-eabi/4.8.4/armv7e-m/crtbegin.o

.igot.plt       0x1fffe068        0x0 load address 0x00002b0c
 .igot.plt      0x00000000        0x0 c:/freescale/kds_v3/toolchain/bin/../lib/gcc/arm-none-eabi/4.8.4/armv7e-m/crtbegin.o

.m_data_20000000
                0x20000000        0x0 load address 0x00002b0c
                0x20000000                . = ALIGN (0x4)
                0x20000000                ___m_data_20000000_RAMStart = .
 *(.m_data_20000000)
                0x20000000                ___m_data_20000000_RAMEnd = .
                0x20000000                . = ALIGN (0x4)
                0x00000000                ___m_data_20000000_ROMSize = (___m_data_20000000_RAMEnd - ___m_data_20000000_RAMStart)
                0x20000000                . = ALIGN (0x4)

.bss            0x1fffe068       0x94 load address 0x00002b0c
                0x1fffe068                __START_BSS = .
                0x1fffe068                PROVIDE (__bss_start__, __START_BSS)
 *(.bss)
 .bss           0x1fffe068       0x1c c:/freescale/kds_v3/toolchain/bin/../lib/gcc/arm-none-eabi/4.8.4/armv7e-m/crtbegin.o
 *(.bss*)
 .bss.DeviceDataPrv__DEFAULT_RTOS_ALLOC
                0x1fffe084       0x20 ./Generated_Code/ASerialLdd1.o
 .bss.SerFlag   0x1fffe0a4        0x2 ./Generated_Code/Inhr1.o
 .bss.BufferRead
                0x1fffe0a6        0x1 ./Generated_Code/Inhr1.o
 .bss.OutBuffer
                0x1fffe0a7        0x1 ./Generated_Code/Inhr1.o
 .bss.PE_LDD_DeviceDataList
                0x1fffe0a8       0x14 ./Generated_Code/PE_LDD.o
                0x1fffe0a8                PE_LDD_DeviceDataList
 .bss.DeviceDataPrv__DEFAULT_RTOS_ALLOC
                0x1fffe0bc        0xc ./Generated_Code/PwmLdd1.o
 .bss.DeviceDataPrv__DEFAULT_RTOS_ALLOC
                0x1fffe0c8        0xc ./Generated_Code/PwmLdd2.o
 .bss.DeviceDataPrv__DEFAULT_RTOS_ALLOC
                0x1fffe0d4        0xc ./Generated_Code/PwmLdd3.o
 .bss.DeviceDataPrv__DEFAULT_RTOS_ALLOC
                0x1fffe0e0        0x8 ./Generated_Code/TU1.o
 .bss.__malloc_sbrk_start
                0x1fffe0e8        0x4 c:/freescale/kds_v3/toolchain/bin/../lib/gcc/arm-none-eabi/4.8.4/../../../../arm-none-eabi/lib/armv7e-m\libg_s.a(lib_a-nano-mallocr.o)
                0x1fffe0e8                __malloc_sbrk_start
 .bss.__malloc_free_list
                0x1fffe0ec        0x4 c:/freescale/kds_v3/toolchain/bin/../lib/gcc/arm-none-eabi/4.8.4/../../../../arm-none-eabi/lib/armv7e-m\libg_s.a(lib_a-nano-mallocr.o)
                0x1fffe0ec                __malloc_free_list
 .bss.heap_end.4246
                0x1fffe0f0        0x4 c:/freescale/kds_v3/toolchain/bin/../lib/gcc/arm-none-eabi/4.8.4/../../../../arm-none-eabi/lib/armv7e-m\libnosys.a(sbrk.o)
 *(COMMON)
 COMMON         0x1fffe0f4        0x4 ./Generated_Code/Inhr1.o
                0x1fffe0f4                ASerialLdd1_DeviceDataPtr
 COMMON         0x1fffe0f8        0x4 c:/freescale/kds_v3/toolchain/bin/../lib/gcc/arm-none-eabi/4.8.4/../../../../arm-none-eabi/lib/armv7e-m\libg_s.a(lib_a-reent.o)
                0x1fffe0f8                errno
                0x1fffe0fc                . = ALIGN (0x4)
                0x1fffe0fc                __END_BSS = .
                0x1fffe0fc                PROVIDE (__bss_end__, __END_BSS)
                0x00002b0c                _romp_at = ((___ROM_AT + SIZEOF (.data)) + SIZEOF (.m_data_20000000))

.romp           0x1fffe0fc       0x24 load address 0x00002b0c
                0x00002b0c                __S_romp = _romp_at
                0x1fffe0fc        0x4 LONG 0x2aa4 ___ROM_AT
                0x1fffe100        0x4 LONG 0x1fffe000 _sdata
                0x1fffe104        0x4 LONG 0x68 ___data_size
                0x1fffe108        0x4 LONG 0x2b0c ___m_data_20000000_ROMStart
                0x1fffe10c        0x4 LONG 0x20000000 ___m_data_20000000_RAMStart
                0x1fffe110        0x4 LONG 0x0 ___m_data_20000000_ROMSize
                0x1fffe114        0x4 LONG 0x0
                0x1fffe118        0x4 LONG 0x0
                0x1fffe11c        0x4 LONG 0x0
                0x00020000                text_end = (ORIGIN (m_text) + 0x1fbf0)
                0x00002b30                data_init_end = ((___m_data_20000000_ROMStart + SIZEOF (.m_data_20000000)) + SIZEOF (.romp))
                0x00000001                ASSERT ((data_init_end <= text_end), region m_text overflowed with text and data)

._user_heap_stack
                0x1fffe120      0x400 load address 0x00002b30
                0x1fffe120                . = ALIGN (0x4)
                0x1fffe120                PROVIDE (end, .)
                0x1fffe120                PROVIDE (_end, .)
                0x1fffe120                PROVIDE (__end__, .)
                0x1fffe120                __heap_addr = .
                0x1fffe120                __HeapBase = .
                0x1fffe120                . = (. + __heap_size)
                0x1fffe120                __HeapLimit = .
                0x1fffe520                . = (. + __stack_size)
 *fill*         0x1fffe120      0x400 
                0x1fffe520                . = ALIGN (0x4)

.ARM.attributes
                0x00000000       0x2a
 *(.ARM.attributes)
 .ARM.attributes
                0x00000000       0x1e c:/freescale/kds_v3/toolchain/bin/../lib/gcc/arm-none-eabi/4.8.4/armv7e-m/crti.o
 .ARM.attributes
                0x0000001e       0x2e c:/freescale/kds_v3/toolchain/bin/../lib/gcc/arm-none-eabi/4.8.4/armv7e-m/crtbegin.o
 .ARM.attributes
                0x0000004c       0x1c c:/freescale/kds_v3/toolchain/bin/../lib/gcc/arm-none-eabi/4.8.4/../../../../arm-none-eabi/lib/armv7e-m/crt0.o
 .ARM.attributes
                0x00000068       0x33 ./Sources/Events.o
 .ARM.attributes
                0x0000009b       0x33 ./Sources/main.o
 .ARM.attributes
                0x000000ce       0x33 ./Project_Settings/Startup_Code/startup.o
 .ARM.attributes
                0x00000101       0x33 ./Generated_Code/ASerialLdd1.o
 .ARM.attributes
                0x00000134       0x33 ./Generated_Code/Cpu.o
 .ARM.attributes
                0x00000167       0x33 ./Generated_Code/Inhr1.o
 .ARM.attributes
                0x0000019a       0x33 ./Generated_Code/PE_LDD.o
 .ARM.attributes
                0x000001cd       0x33 ./Generated_Code/PwmLdd1.o
 .ARM.attributes
                0x00000200       0x33 ./Generated_Code/PwmLdd2.o
 .ARM.attributes
                0x00000233       0x33 ./Generated_Code/PwmLdd3.o
 .ARM.attributes
                0x00000266       0x33 ./Generated_Code/TU1.o
 .ARM.attributes
                0x00000299       0x33 ./Generated_Code/Term1.o
 .ARM.attributes
                0x000002cc       0x33 ./Generated_Code/Vectors.o
 .ARM.attributes
                0x000002ff       0x2e c:/freescale/kds_v3/toolchain/bin/../lib/gcc/arm-none-eabi/4.8.4/../../../../arm-none-eabi/lib/armv7e-m\libg_s.a(lib_a-exit.o)
 .ARM.attributes
                0x0000032d       0x2e c:/freescale/kds_v3/toolchain/bin/../lib/gcc/arm-none-eabi/4.8.4/../../../../arm-none-eabi/lib/armv7e-m\libg_s.a(lib_a-impure.o)
 .ARM.attributes
                0x0000035b       0x2e c:/freescale/kds_v3/toolchain/bin/../lib/gcc/arm-none-eabi/4.8.4/../../../../arm-none-eabi/lib/armv7e-m\libg_s.a(lib_a-init.o)
 .ARM.attributes
                0x00000389       0x2e c:/freescale/kds_v3/toolchain/bin/../lib/gcc/arm-none-eabi/4.8.4/../../../../arm-none-eabi/lib/armv7e-m\libg_s.a(lib_a-memset.o)
 .ARM.attributes
                0x000003b7       0x2e c:/freescale/kds_v3/toolchain/bin/../lib/gcc/arm-none-eabi/4.8.4/../../../../arm-none-eabi/lib/armv7e-m\libg_s.a(lib_a-sscanf.o)
 .ARM.attributes
                0x000003e5       0x2e c:/freescale/kds_v3/toolchain/bin/../lib/gcc/arm-none-eabi/4.8.4/../../../../arm-none-eabi/lib/armv7e-m\libg_s.a(lib_a-stdio.o)
 .ARM.attributes
                0x00000413       0x2e c:/freescale/kds_v3/toolchain/bin/../lib/gcc/arm-none-eabi/4.8.4/../../../../arm-none-eabi/lib/armv7e-m\libg_s.a(lib_a-strlen.o)
 .ARM.attributes
                0x00000441       0x2e c:/freescale/kds_v3/toolchain/bin/../lib/gcc/arm-none-eabi/4.8.4/../../../../arm-none-eabi/lib/armv7e-m\libg_s.a(lib_a-svfscanf.o)
 .ARM.attributes
                0x0000046f       0x2e c:/freescale/kds_v3/toolchain/bin/../lib/gcc/arm-none-eabi/4.8.4/../../../../arm-none-eabi/lib/armv7e-m\libg_s.a(lib_a-ungetc.o)
 .ARM.attributes
                0x0000049d       0x2e c:/freescale/kds_v3/toolchain/bin/../lib/gcc/arm-none-eabi/4.8.4/../../../../arm-none-eabi/lib/armv7e-m\libg_s.a(lib_a-vfscanf_i.o)
 .ARM.attributes
                0x000004cb       0x2e c:/freescale/kds_v3/toolchain/bin/../lib/gcc/arm-none-eabi/4.8.4/../../../../arm-none-eabi/lib/armv7e-m\libg_s.a(lib_a-ctype_.o)
 .ARM.attributes
                0x000004f9       0x2e c:/freescale/kds_v3/toolchain/bin/../lib/gcc/arm-none-eabi/4.8.4/../../../../arm-none-eabi/lib/armv7e-m\libg_s.a(lib_a-findfp.o)
 .ARM.attributes
                0x00000527       0x2e c:/freescale/kds_v3/toolchain/bin/../lib/gcc/arm-none-eabi/4.8.4/../../../../arm-none-eabi/lib/armv7e-m\libg_s.a(lib_a-memchr-stub.o)
 .ARM.attributes
                0x00000555       0x2e c:/freescale/kds_v3/toolchain/bin/../lib/gcc/arm-none-eabi/4.8.4/../../../../arm-none-eabi/lib/armv7e-m\libg_s.a(lib_a-memcpy-stub.o)
 .ARM.attributes
                0x00000583       0x2e c:/freescale/kds_v3/toolchain/bin/../lib/gcc/arm-none-eabi/4.8.4/../../../../arm-none-eabi/lib/armv7e-m\libg_s.a(lib_a-nano-freer.o)
 .ARM.attributes
                0x000005b1       0x2e c:/freescale/kds_v3/toolchain/bin/../lib/gcc/arm-none-eabi/4.8.4/../../../../arm-none-eabi/lib/armv7e-m\libg_s.a(lib_a-nano-mallocr.o)
 .ARM.attributes
                0x000005df       0x2e c:/freescale/kds_v3/toolchain/bin/../lib/gcc/arm-none-eabi/4.8.4/../../../../arm-none-eabi/lib/armv7e-m\libg_s.a(lib_a-nano-reallocr.o)
 .ARM.attributes
                0x0000060d       0x2e c:/freescale/kds_v3/toolchain/bin/../lib/gcc/arm-none-eabi/4.8.4/../../../../arm-none-eabi/lib/armv7e-m\libg_s.a(lib_a-reent.o)
 .ARM.attributes
                0x0000063b       0x2e c:/freescale/kds_v3/toolchain/bin/../lib/gcc/arm-none-eabi/4.8.4/../../../../arm-none-eabi/lib/armv7e-m\libg_s.a(lib_a-sbrkr.o)
 .ARM.attributes
                0x00000669       0x2e c:/freescale/kds_v3/toolchain/bin/../lib/gcc/arm-none-eabi/4.8.4/../../../../arm-none-eabi/lib/armv7e-m\libg_s.a(lib_a-sccl.o)
 .ARM.attributes
                0x00000697       0x2e c:/freescale/kds_v3/toolchain/bin/../lib/gcc/arm-none-eabi/4.8.4/../../../../arm-none-eabi/lib/armv7e-m\libg_s.a(lib_a-strtol.o)
 .ARM.attributes
                0x000006c5       0x2e c:/freescale/kds_v3/toolchain/bin/../lib/gcc/arm-none-eabi/4.8.4/../../../../arm-none-eabi/lib/armv7e-m\libg_s.a(lib_a-strtoul.o)
 .ARM.attributes
                0x000006f3       0x2e c:/freescale/kds_v3/toolchain/bin/../lib/gcc/arm-none-eabi/4.8.4/../../../../arm-none-eabi/lib/armv7e-m\libg_s.a(lib_a-nano-msizer.o)
 .ARM.attributes
                0x00000721       0x2e c:/freescale/kds_v3/toolchain/bin/../lib/gcc/arm-none-eabi/4.8.4/../../../../arm-none-eabi/lib/armv7e-m\libnosys.a(sbrk.o)
 .ARM.attributes
                0x0000074f       0x2e c:/freescale/kds_v3/toolchain/bin/../lib/gcc/arm-none-eabi/4.8.4/../../../../arm-none-eabi/lib/armv7e-m\libnosys.a(_exit.o)
 .ARM.attributes
                0x0000077d       0x1e c:/freescale/kds_v3/toolchain/bin/../lib/gcc/arm-none-eabi/4.8.4/armv7e-m/crtn.o
OUTPUT(Lab 7.elf elf32-littlearm)

.debug_info     0x00000000     0x311d
 .debug_info    0x00000000       0x96 ./Sources/Events.o
 .debug_info    0x00000096      0x1dd ./Sources/main.o
 .debug_info    0x00000273      0x20a ./Project_Settings/Startup_Code/startup.o
 .debug_info    0x0000047d      0x939 ./Generated_Code/ASerialLdd1.o
 .debug_info    0x00000db6      0x9e9 ./Generated_Code/Cpu.o
 .debug_info    0x0000179f      0x20b ./Generated_Code/Inhr1.o
 .debug_info    0x000019aa      0x251 ./Generated_Code/PE_LDD.o
 .debug_info    0x00001bfb      0x333 ./Generated_Code/PwmLdd1.o
 .debug_info    0x00001f2e      0x333 ./Generated_Code/PwmLdd2.o
 .debug_info    0x00002261      0x333 ./Generated_Code/PwmLdd3.o
 .debug_info    0x00002594      0x768 ./Generated_Code/TU1.o
 .debug_info    0x00002cfc      0x313 ./Generated_Code/Term1.o
 .debug_info    0x0000300f      0x10e ./Generated_Code/Vectors.o

.debug_abbrev   0x00000000      0xede
 .debug_abbrev  0x00000000       0x45 ./Sources/Events.o
 .debug_abbrev  0x00000045      0x118 ./Sources/main.o
 .debug_abbrev  0x0000015d      0x11e ./Project_Settings/Startup_Code/startup.o
 .debug_abbrev  0x0000027b      0x1c3 ./Generated_Code/ASerialLdd1.o
 .debug_abbrev  0x0000043e      0x178 ./Generated_Code/Cpu.o
 .debug_abbrev  0x000005b6      0x117 ./Generated_Code/Inhr1.o
 .debug_abbrev  0x000006cd      0x10d ./Generated_Code/PE_LDD.o
 .debug_abbrev  0x000007da      0x122 ./Generated_Code/PwmLdd1.o
 .debug_abbrev  0x000008fc      0x122 ./Generated_Code/PwmLdd2.o
 .debug_abbrev  0x00000a1e      0x122 ./Generated_Code/PwmLdd3.o
 .debug_abbrev  0x00000b40      0x198 ./Generated_Code/TU1.o
 .debug_abbrev  0x00000cd8      0x162 ./Generated_Code/Term1.o
 .debug_abbrev  0x00000e3a       0xa4 ./Generated_Code/Vectors.o

.debug_aranges  0x00000000      0x378
 .debug_aranges
                0x00000000       0x20 ./Sources/Events.o
 .debug_aranges
                0x00000020       0x48 ./Sources/main.o
 .debug_aranges
                0x00000068       0x50 ./Project_Settings/Startup_Code/startup.o
 .debug_aranges
                0x000000b8       0x58 ./Generated_Code/ASerialLdd1.o
 .debug_aranges
                0x00000110       0x40 ./Generated_Code/Cpu.o
 .debug_aranges
                0x00000150       0x48 ./Generated_Code/Inhr1.o
 .debug_aranges
                0x00000198       0x30 ./Generated_Code/PE_LDD.o
 .debug_aranges
                0x000001c8       0x48 ./Generated_Code/PwmLdd1.o
 .debug_aranges
                0x00000210       0x48 ./Generated_Code/PwmLdd2.o
 .debug_aranges
                0x00000258       0x48 ./Generated_Code/PwmLdd3.o
 .debug_aranges
                0x000002a0       0x48 ./Generated_Code/TU1.o
 .debug_aranges
                0x000002e8       0x78 ./Generated_Code/Term1.o
 .debug_aranges
                0x00000360       0x18 ./Generated_Code/Vectors.o

.debug_ranges   0x00000000      0x2a0
 .debug_ranges  0x00000000       0x10 ./Sources/Events.o
 .debug_ranges  0x00000010       0x38 ./Sources/main.o
 .debug_ranges  0x00000048       0x40 ./Project_Settings/Startup_Code/startup.o
 .debug_ranges  0x00000088       0x48 ./Generated_Code/ASerialLdd1.o
 .debug_ranges  0x000000d0       0x30 ./Generated_Code/Cpu.o
 .debug_ranges  0x00000100       0x38 ./Generated_Code/Inhr1.o
 .debug_ranges  0x00000138       0x20 ./Generated_Code/PE_LDD.o
 .debug_ranges  0x00000158       0x38 ./Generated_Code/PwmLdd1.o
 .debug_ranges  0x00000190       0x38 ./Generated_Code/PwmLdd2.o
 .debug_ranges  0x000001c8       0x38 ./Generated_Code/PwmLdd3.o
 .debug_ranges  0x00000200       0x38 ./Generated_Code/TU1.o
 .debug_ranges  0x00000238       0x68 ./Generated_Code/Term1.o

.debug_macro    0x00000000    0x1924e
 .debug_macro   0x00000000      0x150 ./Sources/Events.o
 .debug_macro   0x00000150      0x84a ./Sources/Events.o
 .debug_macro   0x0000099a       0x16 ./Sources/Events.o
 .debug_macro   0x000009b0       0x44 ./Sources/Events.o
 .debug_macro   0x000009f4      0x209 ./Sources/Events.o
 .debug_macro   0x00000bfd     0x1679 ./Sources/Events.o
 .debug_macro   0x00002276      0x14e ./Sources/Events.o
 .debug_macro   0x000023c4       0x6a ./Sources/Events.o
 .debug_macro   0x0000242e     0x9b9f ./Sources/Events.o
 .debug_macro   0x0000bfcd       0x94 ./Sources/Events.o
 .debug_macro   0x0000c061       0x5e ./Sources/Events.o
 .debug_macro   0x0000c0bf       0x11 ./Sources/Events.o
 .debug_macro   0x0000c0d0       0x94 ./Sources/Events.o
 .debug_macro   0x0000c164      0x6a0 ./Sources/Events.o
 .debug_macro   0x0000c804       0x82 ./Sources/Events.o
 .debug_macro   0x0000c886       0x3f ./Sources/Events.o
 .debug_macro   0x0000c8c5       0x2c ./Sources/Events.o
 .debug_macro   0x0000c8f1       0x45 ./Sources/Events.o
 .debug_macro   0x0000c936       0x2c ./Sources/Events.o
 .debug_macro   0x0000c962       0x45 ./Sources/Events.o
 .debug_macro   0x0000c9a7       0x2c ./Sources/Events.o
 .debug_macro   0x0000c9d3      0x218 ./Sources/main.o
 .debug_macro   0x0000cbeb       0x58 ./Sources/main.o
 .debug_macro   0x0000cc43       0x35 ./Sources/main.o
 .debug_macro   0x0000cc78       0xa3 ./Sources/main.o
 .debug_macro   0x0000cd1b       0x16 ./Sources/main.o
 .debug_macro   0x0000cd31       0x97 ./Sources/main.o
 .debug_macro   0x0000cdc8       0x10 ./Sources/main.o
 .debug_macro   0x0000cdd8       0xef ./Sources/main.o
 .debug_macro   0x0000cec7       0x52 ./Sources/main.o
 .debug_macro   0x0000cf19       0x16 ./Sources/main.o
 .debug_macro   0x0000cf2f       0x43 ./Sources/main.o
 .debug_macro   0x0000cf72      0x180 ./Sources/main.o
 .debug_macro   0x0000d0f2       0x10 ./Sources/main.o
 .debug_macro   0x0000d102       0x22 ./Sources/main.o
 .debug_macro   0x0000d124       0xbd ./Sources/main.o
 .debug_macro   0x0000d1e1       0x16 ./Sources/main.o
 .debug_macro   0x0000d1f7      0x14a ./Sources/main.o
 .debug_macro   0x0000d341      0x121 ./Project_Settings/Startup_Code/startup.o
 .debug_macro   0x0000d462      0x166 ./Project_Settings/Startup_Code/startup.o
 .debug_macro   0x0000d5c8       0x4a ./Project_Settings/Startup_Code/startup.o
 .debug_macro   0x0000d612      0x2a6 ./Project_Settings/Startup_Code/startup.o
 .debug_macro   0x0000d8b8       0x10 ./Project_Settings/Startup_Code/startup.o
 .debug_macro   0x0000d8c8       0x35 ./Project_Settings/Startup_Code/startup.o
 .debug_macro   0x0000d8fd       0x16 ./Project_Settings/Startup_Code/startup.o
 .debug_macro   0x0000d913       0x22 ./Project_Settings/Startup_Code/startup.o
 .debug_macro   0x0000d935       0x10 ./Project_Settings/Startup_Code/startup.o
 .debug_macro   0x0000d945      0x20f ./Project_Settings/Startup_Code/startup.o
 .debug_macro   0x0000db54     0x9b93 ./Project_Settings/Startup_Code/startup.o
 .debug_macro   0x000176e7       0xc5 ./Generated_Code/ASerialLdd1.o
 .debug_macro   0x000177ac       0x58 ./Generated_Code/ASerialLdd1.o
 .debug_macro   0x00017804       0x17 ./Generated_Code/ASerialLdd1.o
 .debug_macro   0x0001781b      0x7ab ./Generated_Code/ASerialLdd1.o
 .debug_macro   0x00017fc6      0x9b1 ./Generated_Code/ASerialLdd1.o
 .debug_macro   0x00018977      0x15b ./Generated_Code/Cpu.o
 .debug_macro   0x00018ad2       0x45 ./Generated_Code/Cpu.o
 .debug_macro   0x00018b17       0xdf ./Generated_Code/Inhr1.o
 .debug_macro   0x00018bf6      0x11c ./Generated_Code/PE_LDD.o
 .debug_macro   0x00018d12       0xbe ./Generated_Code/PwmLdd1.o
 .debug_macro   0x00018dd0       0xbe ./Generated_Code/PwmLdd2.o
 .debug_macro   0x00018e8e       0xbe ./Generated_Code/PwmLdd3.o
 .debug_macro   0x00018f4c       0x3f ./Generated_Code/PwmLdd3.o
 .debug_macro   0x00018f8b       0xbc ./Generated_Code/TU1.o
 .debug_macro   0x00019047       0xad ./Generated_Code/Term1.o
 .debug_macro   0x000190f4      0x15a ./Generated_Code/Vectors.o

.debug_line     0x00000000     0x2b92
 .debug_line    0x00000000      0x2ee ./Sources/Events.o
 .debug_line    0x000002ee      0x502 ./Sources/main.o
 .debug_line    0x000007f0      0x3b7 ./Project_Settings/Startup_Code/startup.o
 .debug_line    0x00000ba7      0x34a ./Generated_Code/ASerialLdd1.o
 .debug_line    0x00000ef1      0x442 ./Generated_Code/Cpu.o
 .debug_line    0x00001333      0x27c ./Generated_Code/Inhr1.o
 .debug_line    0x000015af      0x2f4 ./Generated_Code/PE_LDD.o
 .debug_line    0x000018a3      0x2d8 ./Generated_Code/PwmLdd1.o
 .debug_line    0x00001b7b      0x2d8 ./Generated_Code/PwmLdd2.o
 .debug_line    0x00001e53      0x2d8 ./Generated_Code/PwmLdd3.o
 .debug_line    0x0000212b      0x2fd ./Generated_Code/TU1.o
 .debug_line    0x00002428      0x3ad ./Generated_Code/Term1.o
 .debug_line    0x000027d5      0x3bd ./Generated_Code/Vectors.o

.debug_str      0x00000000    0x5ad3d
 .debug_str     0x00000000    0x48adc ./Sources/Events.o
                              0x48c2c (size before relaxing)
 .debug_str     0x00048adc     0x1fbe ./Sources/main.o
                              0x4ac55 (size before relaxing)
 .debug_str     0x0004aa9a     0x10bd ./Project_Settings/Startup_Code/startup.o
                              0x3a1cc (size before relaxing)
 .debug_str     0x0004bb57     0xe6d5 ./Generated_Code/ASerialLdd1.o
                              0x4dbaa (size before relaxing)
 .debug_str     0x0005a22c      0x293 ./Generated_Code/Cpu.o
                              0x48fe9 (size before relaxing)
 .debug_str     0x0005a4bf      0x184 ./Generated_Code/Inhr1.o
                              0x3f128 (size before relaxing)
 .debug_str     0x0005a643      0x183 ./Generated_Code/PE_LDD.o
                              0x48de1 (size before relaxing)
 .debug_str     0x0005a7c6       0xef ./Generated_Code/PwmLdd1.o
                              0x484a2 (size before relaxing)
 .debug_str     0x0005a8b5       0x86 ./Generated_Code/PwmLdd2.o
                              0x484a2 (size before relaxing)
 .debug_str     0x0005a93b       0x94 ./Generated_Code/PwmLdd3.o
                              0x484a2 (size before relaxing)
 .debug_str     0x0005a9cf      0x269 ./Generated_Code/TU1.o
                              0x485ab (size before relaxing)
 .debug_str     0x0005ac38       0xe9 ./Generated_Code/Term1.o
                              0x3f082 (size before relaxing)
 .debug_str     0x0005ad21       0x1c ./Generated_Code/Vectors.o
                              0x48c74 (size before relaxing)

.comment        0x00000000       0x70
 .comment       0x00000000       0x70 ./Sources/Events.o
                                 0x71 (size before relaxing)
 .comment       0x00000000       0x71 ./Sources/main.o
 .comment       0x00000000       0x71 ./Project_Settings/Startup_Code/startup.o
 .comment       0x00000000       0x71 ./Generated_Code/ASerialLdd1.o
 .comment       0x00000000       0x71 ./Generated_Code/Cpu.o
 .comment       0x00000000       0x71 ./Generated_Code/Inhr1.o
 .comment       0x00000000       0x71 ./Generated_Code/PE_LDD.o
 .comment       0x00000000       0x71 ./Generated_Code/PwmLdd1.o
 .comment       0x00000000       0x71 ./Generated_Code/PwmLdd2.o
 .comment       0x00000000       0x71 ./Generated_Code/PwmLdd3.o
 .comment       0x00000000       0x71 ./Generated_Code/TU1.o
 .comment       0x00000000       0x71 ./Generated_Code/Term1.o
 .comment       0x00000000       0x71 ./Generated_Code/Vectors.o

.debug_frame    0x00000000      0xf64
 .debug_frame   0x00000000       0x28 ./Sources/Events.o
 .debug_frame   0x00000028       0xcc ./Sources/main.o
 .debug_frame   0x000000f4       0xc0 ./Project_Settings/Startup_Code/startup.o
 .debug_frame   0x000001b4      0x100 ./Generated_Code/ASerialLdd1.o
 .debug_frame   0x000002b4       0xa4 ./Generated_Code/Cpu.o
 .debug_frame   0x00000358       0xc0 ./Generated_Code/Inhr1.o
 .debug_frame   0x00000418       0x64 ./Generated_Code/PE_LDD.o
 .debug_frame   0x0000047c       0xd0 ./Generated_Code/PwmLdd1.o
 .debug_frame   0x0000054c       0xd0 ./Generated_Code/PwmLdd2.o
 .debug_frame   0x0000061c       0xd0 ./Generated_Code/PwmLdd3.o
 .debug_frame   0x000006ec       0xbc ./Generated_Code/TU1.o
 .debug_frame   0x000007a8      0x178 ./Generated_Code/Term1.o
 .debug_frame   0x00000920       0x28 c:/freescale/kds_v3/toolchain/bin/../lib/gcc/arm-none-eabi/4.8.4/../../../../arm-none-eabi/lib/armv7e-m\libg_s.a(lib_a-exit.o)
 .debug_frame   0x00000948       0x2c c:/freescale/kds_v3/toolchain/bin/../lib/gcc/arm-none-eabi/4.8.4/../../../../arm-none-eabi/lib/armv7e-m\libg_s.a(lib_a-init.o)
 .debug_frame   0x00000974       0x20 c:/freescale/kds_v3/toolchain/bin/../lib/gcc/arm-none-eabi/4.8.4/../../../../arm-none-eabi/lib/armv7e-m\libg_s.a(lib_a-memset.o)
 .debug_frame   0x00000994       0x60 c:/freescale/kds_v3/toolchain/bin/../lib/gcc/arm-none-eabi/4.8.4/../../../../arm-none-eabi/lib/armv7e-m\libg_s.a(lib_a-sscanf.o)
 .debug_frame   0x000009f4       0x80 c:/freescale/kds_v3/toolchain/bin/../lib/gcc/arm-none-eabi/4.8.4/../../../../arm-none-eabi/lib/armv7e-m\libg_s.a(lib_a-stdio.o)
 .debug_frame   0x00000a74       0x20 c:/freescale/kds_v3/toolchain/bin/../lib/gcc/arm-none-eabi/4.8.4/../../../../arm-none-eabi/lib/armv7e-m\libg_s.a(lib_a-strlen.o)
 .debug_frame   0x00000a94       0x6c c:/freescale/kds_v3/toolchain/bin/../lib/gcc/arm-none-eabi/4.8.4/../../../../arm-none-eabi/lib/armv7e-m\libg_s.a(lib_a-svfscanf.o)
 .debug_frame   0x00000b00       0x5c c:/freescale/kds_v3/toolchain/bin/../lib/gcc/arm-none-eabi/4.8.4/../../../../arm-none-eabi/lib/armv7e-m\libg_s.a(lib_a-ungetc.o)
 .debug_frame   0x00000b5c       0x58 c:/freescale/kds_v3/toolchain/bin/../lib/gcc/arm-none-eabi/4.8.4/../../../../arm-none-eabi/lib/armv7e-m\libg_s.a(lib_a-vfscanf_i.o)
 .debug_frame   0x00000bb4      0x12c c:/freescale/kds_v3/toolchain/bin/../lib/gcc/arm-none-eabi/4.8.4/../../../../arm-none-eabi/lib/armv7e-m\libg_s.a(lib_a-findfp.o)
 .debug_frame   0x00000ce0       0x28 c:/freescale/kds_v3/toolchain/bin/../lib/gcc/arm-none-eabi/4.8.4/../../../../arm-none-eabi/lib/armv7e-m\libg_s.a(lib_a-memchr-stub.o)
 .debug_frame   0x00000d08       0x28 c:/freescale/kds_v3/toolchain/bin/../lib/gcc/arm-none-eabi/4.8.4/../../../../arm-none-eabi/lib/armv7e-m\libg_s.a(lib_a-memcpy-stub.o)
 .debug_frame   0x00000d30       0x2c c:/freescale/kds_v3/toolchain/bin/../lib/gcc/arm-none-eabi/4.8.4/../../../../arm-none-eabi/lib/armv7e-m\libg_s.a(lib_a-nano-freer.o)
 .debug_frame   0x00000d5c       0x2c c:/freescale/kds_v3/toolchain/bin/../lib/gcc/arm-none-eabi/4.8.4/../../../../arm-none-eabi/lib/armv7e-m\libg_s.a(lib_a-nano-mallocr.o)
 .debug_frame   0x00000d88       0x30 c:/freescale/kds_v3/toolchain/bin/../lib/gcc/arm-none-eabi/4.8.4/../../../../arm-none-eabi/lib/armv7e-m\libg_s.a(lib_a-nano-reallocr.o)
 .debug_frame   0x00000db8       0x48 c:/freescale/kds_v3/toolchain/bin/../lib/gcc/arm-none-eabi/4.8.4/../../../../arm-none-eabi/lib/armv7e-m\libg_s.a(lib_a-reent.o)
 .debug_frame   0x00000e00       0x2c c:/freescale/kds_v3/toolchain/bin/../lib/gcc/arm-none-eabi/4.8.4/../../../../arm-none-eabi/lib/armv7e-m\libg_s.a(lib_a-sbrkr.o)
 .debug_frame   0x00000e2c       0x30 c:/freescale/kds_v3/toolchain/bin/../lib/gcc/arm-none-eabi/4.8.4/../../../../arm-none-eabi/lib/armv7e-m\libg_s.a(lib_a-sccl.o)
 .debug_frame   0x00000e5c       0x54 c:/freescale/kds_v3/toolchain/bin/../lib/gcc/arm-none-eabi/4.8.4/../../../../arm-none-eabi/lib/armv7e-m\libg_s.a(lib_a-strtol.o)
 .debug_frame   0x00000eb0       0x54 c:/freescale/kds_v3/toolchain/bin/../lib/gcc/arm-none-eabi/4.8.4/../../../../arm-none-eabi/lib/armv7e-m\libg_s.a(lib_a-strtoul.o)
 .debug_frame   0x00000f04       0x20 c:/freescale/kds_v3/toolchain/bin/../lib/gcc/arm-none-eabi/4.8.4/../../../../arm-none-eabi/lib/armv7e-m\libg_s.a(lib_a-nano-msizer.o)
 .debug_frame   0x00000f24       0x20 c:/freescale/kds_v3/toolchain/bin/../lib/gcc/arm-none-eabi/4.8.4/../../../../arm-none-eabi/lib/armv7e-m\libnosys.a(sbrk.o)
 .debug_frame   0x00000f44       0x20 c:/freescale/kds_v3/toolchain/bin/../lib/gcc/arm-none-eabi/4.8.4/../../../../arm-none-eabi/lib/armv7e-m\libnosys.a(_exit.o)

.stabstr        0x00000000       0xdf
 .stabstr       0x00000000       0xdf c:/freescale/kds_v3/toolchain/bin/../lib/gcc/arm-none-eabi/4.8.4/../../../../arm-none-eabi/lib/armv7e-m\libnosys.a(close.o)
