Archive member included because of file (symbol)

c:/freescale/kds_v3/toolchain/bin/../lib/gcc/arm-none-eabi/4.8.4/../../../../arm-none-eabi/lib/armv7e-m\libg_s.a(lib_a-exit.o)
                              c:/freescale/kds_v3/toolchain/bin/../lib/gcc/arm-none-eabi/4.8.4/../../../../arm-none-eabi/lib/armv7e-m/crt0.o (exit)
c:/freescale/kds_v3/toolchain/bin/../lib/gcc/arm-none-eabi/4.8.4/../../../../arm-none-eabi/lib/armv7e-m\libg_s.a(lib_a-impure.o)
                              c:/freescale/kds_v3/toolchain/bin/../lib/gcc/arm-none-eabi/4.8.4/../../../../arm-none-eabi/lib/armv7e-m\libg_s.a(lib_a-exit.o) (_global_impure_ptr)
c:/freescale/kds_v3/toolchain/bin/../lib/gcc/arm-none-eabi/4.8.4/../../../../arm-none-eabi/lib/armv7e-m\libg_s.a(lib_a-init.o)
                              c:/freescale/kds_v3/toolchain/bin/../lib/gcc/arm-none-eabi/4.8.4/../../../../arm-none-eabi/lib/armv7e-m/crt0.o (__libc_init_array)
c:/freescale/kds_v3/toolchain/bin/../lib/gcc/arm-none-eabi/4.8.4/../../../../arm-none-eabi/lib/armv7e-m\libg_s.a(lib_a-memset.o)
                              c:/freescale/kds_v3/toolchain/bin/../lib/gcc/arm-none-eabi/4.8.4/../../../../arm-none-eabi/lib/armv7e-m/crt0.o (memset)
c:/freescale/kds_v3/toolchain/bin/../lib/gcc/arm-none-eabi/4.8.4/../../../../arm-none-eabi/lib/armv7e-m\libnosys.a(_exit.o)
                              c:/freescale/kds_v3/toolchain/bin/../lib/gcc/arm-none-eabi/4.8.4/../../../../arm-none-eabi/lib/armv7e-m\libg_s.a(lib_a-exit.o) (_exit)

Discarded input sections

 .text          0x00000000        0x0 c:/freescale/kds_v3/toolchain/bin/../lib/gcc/arm-none-eabi/4.8.4/armv7e-m/crti.o
 .data          0x00000000        0x0 c:/freescale/kds_v3/toolchain/bin/../lib/gcc/arm-none-eabi/4.8.4/armv7e-m/crti.o
 .bss           0x00000000        0x0 c:/freescale/kds_v3/toolchain/bin/../lib/gcc/arm-none-eabi/4.8.4/armv7e-m/crti.o
 .data          0x00000000        0x4 c:/freescale/kds_v3/toolchain/bin/../lib/gcc/arm-none-eabi/4.8.4/armv7e-m/crtbegin.o
 .data          0x00000000        0x0 c:/freescale/kds_v3/toolchain/bin/../lib/gcc/arm-none-eabi/4.8.4/../../../../arm-none-eabi/lib/armv7e-m/crt0.o
 .bss           0x00000000        0x0 c:/freescale/kds_v3/toolchain/bin/../lib/gcc/arm-none-eabi/4.8.4/../../../../arm-none-eabi/lib/armv7e-m/crt0.o
 .ARM.extab     0x00000000        0x0 c:/freescale/kds_v3/toolchain/bin/../lib/gcc/arm-none-eabi/4.8.4/../../../../arm-none-eabi/lib/armv7e-m/crt0.o
 .data          0x00000000        0x0 ./Sources/main.o
 .bss           0x00000000        0x0 ./Sources/main.o
 .data          0x00000000        0x0 ./Project_Settings/Startup_Code/startup_MK20D5.o
 .bss           0x00000000        0x0 ./Project_Settings/Startup_Code/startup_MK20D5.o
 .group         0x00000000        0x8 ./Project_Settings/Startup_Code/system_MK20D5.o
 .group         0x00000000        0x8 ./Project_Settings/Startup_Code/system_MK20D5.o
 .group         0x00000000        0x8 ./Project_Settings/Startup_Code/system_MK20D5.o
 .group         0x00000000        0x8 ./Project_Settings/Startup_Code/system_MK20D5.o
 .group         0x00000000        0x8 ./Project_Settings/Startup_Code/system_MK20D5.o
 .group         0x00000000        0x8 ./Project_Settings/Startup_Code/system_MK20D5.o
 .group         0x00000000        0x8 ./Project_Settings/Startup_Code/system_MK20D5.o
 .group         0x00000000        0x8 ./Project_Settings/Startup_Code/system_MK20D5.o
 .group         0x00000000        0x8 ./Project_Settings/Startup_Code/system_MK20D5.o
 .group         0x00000000        0x8 ./Project_Settings/Startup_Code/system_MK20D5.o
 .text          0x00000000        0x0 ./Project_Settings/Startup_Code/system_MK20D5.o
 .data          0x00000000        0x0 ./Project_Settings/Startup_Code/system_MK20D5.o
 .bss           0x00000000        0x0 ./Project_Settings/Startup_Code/system_MK20D5.o
 .data.SystemCoreClock
                0x00000000        0x4 ./Project_Settings/Startup_Code/system_MK20D5.o
 .text.SystemCoreClockUpdate
                0x00000000      0x204 ./Project_Settings/Startup_Code/system_MK20D5.o
 .text          0x00000000        0x0 c:/freescale/kds_v3/toolchain/bin/../lib/gcc/arm-none-eabi/4.8.4/../../../../arm-none-eabi/lib/armv7e-m\libg_s.a(lib_a-exit.o)
 .data          0x00000000        0x0 c:/freescale/kds_v3/toolchain/bin/../lib/gcc/arm-none-eabi/4.8.4/../../../../arm-none-eabi/lib/armv7e-m\libg_s.a(lib_a-exit.o)
 .bss           0x00000000        0x0 c:/freescale/kds_v3/toolchain/bin/../lib/gcc/arm-none-eabi/4.8.4/../../../../arm-none-eabi/lib/armv7e-m\libg_s.a(lib_a-exit.o)
 .text          0x00000000        0x0 c:/freescale/kds_v3/toolchain/bin/../lib/gcc/arm-none-eabi/4.8.4/../../../../arm-none-eabi/lib/armv7e-m\libg_s.a(lib_a-impure.o)
 .data          0x00000000        0x0 c:/freescale/kds_v3/toolchain/bin/../lib/gcc/arm-none-eabi/4.8.4/../../../../arm-none-eabi/lib/armv7e-m\libg_s.a(lib_a-impure.o)
 .bss           0x00000000        0x0 c:/freescale/kds_v3/toolchain/bin/../lib/gcc/arm-none-eabi/4.8.4/../../../../arm-none-eabi/lib/armv7e-m\libg_s.a(lib_a-impure.o)
 .data._impure_ptr
                0x00000000        0x4 c:/freescale/kds_v3/toolchain/bin/../lib/gcc/arm-none-eabi/4.8.4/../../../../arm-none-eabi/lib/armv7e-m\libg_s.a(lib_a-impure.o)
 .text          0x00000000        0x0 c:/freescale/kds_v3/toolchain/bin/../lib/gcc/arm-none-eabi/4.8.4/../../../../arm-none-eabi/lib/armv7e-m\libg_s.a(lib_a-init.o)
 .data          0x00000000        0x0 c:/freescale/kds_v3/toolchain/bin/../lib/gcc/arm-none-eabi/4.8.4/../../../../arm-none-eabi/lib/armv7e-m\libg_s.a(lib_a-init.o)
 .bss           0x00000000        0x0 c:/freescale/kds_v3/toolchain/bin/../lib/gcc/arm-none-eabi/4.8.4/../../../../arm-none-eabi/lib/armv7e-m\libg_s.a(lib_a-init.o)
 .text          0x00000000        0x0 c:/freescale/kds_v3/toolchain/bin/../lib/gcc/arm-none-eabi/4.8.4/../../../../arm-none-eabi/lib/armv7e-m\libg_s.a(lib_a-memset.o)
 .data          0x00000000        0x0 c:/freescale/kds_v3/toolchain/bin/../lib/gcc/arm-none-eabi/4.8.4/../../../../arm-none-eabi/lib/armv7e-m\libg_s.a(lib_a-memset.o)
 .bss           0x00000000        0x0 c:/freescale/kds_v3/toolchain/bin/../lib/gcc/arm-none-eabi/4.8.4/../../../../arm-none-eabi/lib/armv7e-m\libg_s.a(lib_a-memset.o)
 .text          0x00000000        0x0 c:/freescale/kds_v3/toolchain/bin/../lib/gcc/arm-none-eabi/4.8.4/../../../../arm-none-eabi/lib/armv7e-m\libnosys.a(_exit.o)
 .data          0x00000000        0x0 c:/freescale/kds_v3/toolchain/bin/../lib/gcc/arm-none-eabi/4.8.4/../../../../arm-none-eabi/lib/armv7e-m\libnosys.a(_exit.o)
 .bss           0x00000000        0x0 c:/freescale/kds_v3/toolchain/bin/../lib/gcc/arm-none-eabi/4.8.4/../../../../arm-none-eabi/lib/armv7e-m\libnosys.a(_exit.o)
 .text          0x00000000        0x0 c:/freescale/kds_v3/toolchain/bin/../lib/gcc/arm-none-eabi/4.8.4/armv7e-m/crtend.o
 .data          0x00000000        0x0 c:/freescale/kds_v3/toolchain/bin/../lib/gcc/arm-none-eabi/4.8.4/armv7e-m/crtend.o
 .bss           0x00000000        0x0 c:/freescale/kds_v3/toolchain/bin/../lib/gcc/arm-none-eabi/4.8.4/armv7e-m/crtend.o
 .eh_frame      0x00000000        0x4 c:/freescale/kds_v3/toolchain/bin/../lib/gcc/arm-none-eabi/4.8.4/armv7e-m/crtend.o
 .text          0x00000000        0x0 c:/freescale/kds_v3/toolchain/bin/../lib/gcc/arm-none-eabi/4.8.4/armv7e-m/crtn.o
 .data          0x00000000        0x0 c:/freescale/kds_v3/toolchain/bin/../lib/gcc/arm-none-eabi/4.8.4/armv7e-m/crtn.o
 .bss           0x00000000        0x0 c:/freescale/kds_v3/toolchain/bin/../lib/gcc/arm-none-eabi/4.8.4/armv7e-m/crtn.o

Memory Configuration

Name             Origin             Length             Attributes
m_interrupts     0x00000000         0x00000400         xr
m_flash_config   0x00000400         0x00000010         xr
m_text           0x00000410         0x0001fbf0         xr
m_data           0x20000000         0x00002000         rw
m_data_1FFFE000  0x1fffe000         0x00002000         rw
*default*        0x00000000         0xffffffff

Linker script and memory map

LOAD c:/freescale/kds_v3/toolchain/bin/../lib/gcc/arm-none-eabi/4.8.4/armv7e-m/crti.o
LOAD c:/freescale/kds_v3/toolchain/bin/../lib/gcc/arm-none-eabi/4.8.4/armv7e-m/crtbegin.o
LOAD c:/freescale/kds_v3/toolchain/bin/../lib/gcc/arm-none-eabi/4.8.4/../../../../arm-none-eabi/lib/armv7e-m/crt0.o
LOAD ./Sources/main.o
LOAD ./Project_Settings/Startup_Code/startup_MK20D5.o
LOAD ./Project_Settings/Startup_Code/system_MK20D5.o
LOAD c:/freescale/kds_v3/toolchain/bin/../lib/gcc/arm-none-eabi/4.8.4/../../../../arm-none-eabi/lib/armv7e-m\libstdc++_s.a
LOAD c:/freescale/kds_v3/toolchain/bin/../lib/gcc/arm-none-eabi/4.8.4/../../../../arm-none-eabi/lib/armv7e-m\libm.a
START GROUP
LOAD c:/freescale/kds_v3/toolchain/bin/../lib/gcc/arm-none-eabi/4.8.4/armv7e-m\libgcc.a
LOAD c:/freescale/kds_v3/toolchain/bin/../lib/gcc/arm-none-eabi/4.8.4/../../../../arm-none-eabi/lib/armv7e-m\libg_s.a
LOAD c:/freescale/kds_v3/toolchain/bin/../lib/gcc/arm-none-eabi/4.8.4/../../../../arm-none-eabi/lib/armv7e-m\libc_s.a
END GROUP
START GROUP
LOAD c:/freescale/kds_v3/toolchain/bin/../lib/gcc/arm-none-eabi/4.8.4/armv7e-m\libgcc.a
LOAD c:/freescale/kds_v3/toolchain/bin/../lib/gcc/arm-none-eabi/4.8.4/../../../../arm-none-eabi/lib/armv7e-m\libc_s.a
LOAD c:/freescale/kds_v3/toolchain/bin/../lib/gcc/arm-none-eabi/4.8.4/../../../../arm-none-eabi/lib/armv7e-m\libnosys.a
END GROUP
START GROUP
LOAD c:/freescale/kds_v3/toolchain/bin/../lib/gcc/arm-none-eabi/4.8.4/armv7e-m\libgcc.a
LOAD c:/freescale/kds_v3/toolchain/bin/../lib/gcc/arm-none-eabi/4.8.4/../../../../arm-none-eabi/lib/armv7e-m\libc_s.a
LOAD c:/freescale/kds_v3/toolchain/bin/../lib/gcc/arm-none-eabi/4.8.4/../../../../arm-none-eabi/lib/armv7e-m\libnosys.a
END GROUP
LOAD c:/freescale/kds_v3/toolchain/bin/../lib/gcc/arm-none-eabi/4.8.4/armv7e-m/crtend.o
LOAD c:/freescale/kds_v3/toolchain/bin/../lib/gcc/arm-none-eabi/4.8.4/armv7e-m/crtn.o
                0x00000400                HEAP_SIZE = DEFINED (__heap_size__)?__heap_size__:0x400
                0x00000400                STACK_SIZE = DEFINED (__stack_size__)?__stack_size__:0x400

.interrupts     0x00000000      0x400
                0x00000000                __VECTOR_TABLE = .
                0x00000000                . = ALIGN (0x4)
 *(.isr_vector)
 .isr_vector    0x00000000      0x400 ./Project_Settings/Startup_Code/startup_MK20D5.o
                0x00000000                __isr_vector
                0x00000400                . = ALIGN (0x4)

.flash_config   0x00000400       0x10
                0x00000400                . = ALIGN (0x4)
 *(.FlashConfig)
 .FlashConfig   0x00000400       0x10 ./Project_Settings/Startup_Code/startup_MK20D5.o
                0x00000410                . = ALIGN (0x4)

.text           0x00000410      0x2c8
                0x00000410                . = ALIGN (0x4)
 *(.text)
 .text          0x00000410       0x54 c:/freescale/kds_v3/toolchain/bin/../lib/gcc/arm-none-eabi/4.8.4/armv7e-m/crtbegin.o
 .text          0x00000464       0x74 c:/freescale/kds_v3/toolchain/bin/../lib/gcc/arm-none-eabi/4.8.4/../../../../arm-none-eabi/lib/armv7e-m/crt0.o
                0x00000464                _start
                0x00000464                _mainCRTStartup
 .text          0x000004d8       0x70 ./Sources/main.o
                0x000004d8                main
 .text          0x00000548       0x58 ./Project_Settings/Startup_Code/startup_MK20D5.o
                0x00000548                Reset_Handler
                0x0000059c                I2C0_IRQHandler
                0x0000059c                HardFault_Handler
                0x0000059c                SysTick_Handler
                0x0000059c                PendSV_Handler
                0x0000059c                NMI_Handler
                0x0000059c                UART0_RX_TX_IRQHandler
                0x0000059c                DMA2_IRQHandler
                0x0000059c                PIT0_IRQHandler
                0x0000059c                Watchdog_IRQHandler
                0x0000059c                TSI0_IRQHandler
                0x0000059c                UART2_RX_TX_IRQHandler
                0x0000059c                SWI_IRQHandler
                0x0000059c                ADC0_IRQHandler
                0x0000059c                UsageFault_Handler
                0x0000059c                I2S0_Tx_IRQHandler
                0x0000059c                CMT_IRQHandler
                0x0000059c                DefaultISR
                0x0000059c                CMP1_IRQHandler
                0x0000059c                PORTD_IRQHandler
                0x0000059c                PORTB_IRQHandler
                0x0000059c                PIT2_IRQHandler
                0x0000059c                I2S0_Rx_IRQHandler
                0x0000059c                LPTimer_IRQHandler
                0x0000059c                RTC_IRQHandler
                0x0000059c                PDB0_IRQHandler
                0x0000059c                Reserved21_IRQHandler
                0x0000059c                DebugMon_Handler
                0x0000059c                FTM1_IRQHandler
                0x0000059c                PIT3_IRQHandler
                0x0000059c                RTC_Seconds_IRQHandler
                0x0000059c                MCG_IRQHandler
                0x0000059c                UART2_ERR_IRQHandler
                0x0000059c                Read_Collision_IRQHandler
                0x0000059c                Default_Handler
                0x0000059c                USBDCD_IRQHandler
                0x0000059c                USB0_IRQHandler
                0x0000059c                LLW_IRQHandler
                0x0000059c                MemManage_Handler
                0x0000059c                SVC_Handler
                0x0000059c                DMA3_IRQHandler
                0x0000059c                UART0_LON_IRQHandler
                0x0000059c                DMA0_IRQHandler
                0x0000059c                PIT1_IRQHandler
                0x0000059c                UART0_ERR_IRQHandler
                0x0000059c                DMA_Error_IRQHandler
                0x0000059c                LVD_LVW_IRQHandler
                0x0000059c                SPI0_IRQHandler
                0x0000059c                FTM0_IRQHandler
                0x0000059c                PORTA_IRQHandler
                0x0000059c                FTFL_IRQHandler
                0x0000059c                PORTE_IRQHandler
                0x0000059c                BusFault_Handler
                0x0000059c                UART1_ERR_IRQHandler
                0x0000059c                UART1_RX_TX_IRQHandler
                0x0000059c                CMP0_IRQHandler
                0x0000059c                PORTC_IRQHandler
                0x0000059c                DMA1_IRQHandler
 *(.text*)
 .text.SystemInit
                0x000005a0       0x90 ./Project_Settings/Startup_Code/system_MK20D5.o
                0x000005a0                SystemInit
 .text.exit     0x00000630       0x28 c:/freescale/kds_v3/toolchain/bin/../lib/gcc/arm-none-eabi/4.8.4/../../../../arm-none-eabi/lib/armv7e-m\libg_s.a(lib_a-exit.o)
                0x00000630                exit
 .text.__libc_init_array
                0x00000658       0x4c c:/freescale/kds_v3/toolchain/bin/../lib/gcc/arm-none-eabi/4.8.4/../../../../arm-none-eabi/lib/armv7e-m\libg_s.a(lib_a-init.o)
                0x00000658                __libc_init_array
 .text.memset   0x000006a4       0x10 c:/freescale/kds_v3/toolchain/bin/../lib/gcc/arm-none-eabi/4.8.4/../../../../arm-none-eabi/lib/armv7e-m\libg_s.a(lib_a-memset.o)
                0x000006a4                memset
 .text._exit    0x000006b4        0x4 c:/freescale/kds_v3/toolchain/bin/../lib/gcc/arm-none-eabi/4.8.4/../../../../arm-none-eabi/lib/armv7e-m\libnosys.a(_exit.o)
                0x000006b4                _exit
 *(.rodata)
 *(.rodata*)
 .rodata.str1.1
                0x000006b8        0x2 c:/freescale/kds_v3/toolchain/bin/../lib/gcc/arm-none-eabi/4.8.4/../../../../arm-none-eabi/lib/armv7e-m\libg_s.a(lib_a-impure.o)
 *fill*         0x000006ba        0x2 
 .rodata._global_impure_ptr
                0x000006bc        0x4 c:/freescale/kds_v3/toolchain/bin/../lib/gcc/arm-none-eabi/4.8.4/../../../../arm-none-eabi/lib/armv7e-m\libg_s.a(lib_a-impure.o)
                0x000006bc                _global_impure_ptr
 *(.glue_7)
 .glue_7        0x00000000        0x0 linker stubs
 *(.glue_7t)
 .glue_7t       0x00000000        0x0 linker stubs
 *(.eh_frame)
 .eh_frame      0x000006c0        0x0 c:/freescale/kds_v3/toolchain/bin/../lib/gcc/arm-none-eabi/4.8.4/armv7e-m/crtbegin.o
 *(.init)
 .init          0x000006c0        0x4 c:/freescale/kds_v3/toolchain/bin/../lib/gcc/arm-none-eabi/4.8.4/armv7e-m/crti.o
                0x000006c0                _init
 .init          0x000006c4        0x8 c:/freescale/kds_v3/toolchain/bin/../lib/gcc/arm-none-eabi/4.8.4/armv7e-m/crtn.o
 *(.fini)
 .fini          0x000006cc        0x4 c:/freescale/kds_v3/toolchain/bin/../lib/gcc/arm-none-eabi/4.8.4/armv7e-m/crti.o
                0x000006cc                _fini
 .fini          0x000006d0        0x8 c:/freescale/kds_v3/toolchain/bin/../lib/gcc/arm-none-eabi/4.8.4/armv7e-m/crtn.o
                0x000006d8                . = ALIGN (0x4)

.vfp11_veneer   0x000006d8        0x0
 .vfp11_veneer  0x00000000        0x0 linker stubs

.v4_bx          0x000006d8        0x0
 .v4_bx         0x00000000        0x0 linker stubs

.iplt           0x000006d8        0x0
 .iplt          0x00000000        0x0 c:/freescale/kds_v3/toolchain/bin/../lib/gcc/arm-none-eabi/4.8.4/armv7e-m/crtbegin.o

.ARM.extab
 *(.ARM.extab* .gnu.linkonce.armextab.*)

.ARM            0x000006d8        0x8
                0x000006d8                __exidx_start = .
 *(.ARM.exidx*)
 .ARM.exidx     0x000006d8        0x8 c:/freescale/kds_v3/toolchain/bin/../lib/gcc/arm-none-eabi/4.8.4/../../../../arm-none-eabi/lib/armv7e-m/crt0.o
                0x000006e0                __exidx_end = .

.rel.dyn        0x000006e0        0x0
 .rel.iplt      0x00000000        0x0 c:/freescale/kds_v3/toolchain/bin/../lib/gcc/arm-none-eabi/4.8.4/armv7e-m/crtbegin.o

.ctors          0x000006e0        0x0
                0x000006e0                __CTOR_LIST__ = .
 *crtbegin.o(.ctors)
 *crtbegin?.o(.ctors)
 *(EXCLUDE_FILE(*crtend.o *crtend?.o) .ctors)
 *(SORT(.ctors.*))
 *(.ctors)
                0x000006e0                __CTOR_END__ = .

.dtors          0x000006e0        0x0
                0x000006e0                __DTOR_LIST__ = .
 *crtbegin.o(.dtors)
 *crtbegin?.o(.dtors)
 *(EXCLUDE_FILE(*crtend.o *crtend?.o) .dtors)
 *(SORT(.dtors.*))
 *(.dtors)
                0x000006e0                __DTOR_END__ = .

.preinit_array  0x000006e0        0x0
                0x000006e0                PROVIDE (__preinit_array_start, .)
 *(.preinit_array*)
                0x000006e0                PROVIDE (__preinit_array_end, .)

.init_array     0x000006e0        0x4
                0x000006e0                PROVIDE (__init_array_start, .)
 *(SORT(.init_array.*))
 *(.init_array*)
 .init_array    0x000006e0        0x4 c:/freescale/kds_v3/toolchain/bin/../lib/gcc/arm-none-eabi/4.8.4/armv7e-m/crtbegin.o
                0x000006e4                PROVIDE (__init_array_end, .)

.fini_array     0x000006e4        0x4
                0x000006e4                PROVIDE (__fini_array_start, .)
 *(SORT(.fini_array.*))
 *(.fini_array*)
 .fini_array    0x000006e4        0x4 c:/freescale/kds_v3/toolchain/bin/../lib/gcc/arm-none-eabi/4.8.4/armv7e-m/crtbegin.o
                0x000006e8                PROVIDE (__fini_array_end, .)
                0x000006e8                __etext = .
                0x000006e8                __DATA_ROM = .

.data           0x20000000       0x64 load address 0x000006e8
                0x20000000                . = ALIGN (0x4)
                0x20000000                __DATA_RAM = .
                0x20000000                __data_start__ = .
 *(.data)
 *(.data*)
 .data.impure_data
                0x20000000       0x60 c:/freescale/kds_v3/toolchain/bin/../lib/gcc/arm-none-eabi/4.8.4/../../../../arm-none-eabi/lib/armv7e-m\libg_s.a(lib_a-impure.o)
 *(.jcr*)
 .jcr           0x20000060        0x0 c:/freescale/kds_v3/toolchain/bin/../lib/gcc/arm-none-eabi/4.8.4/armv7e-m/crtbegin.o
 .jcr           0x20000060        0x4 c:/freescale/kds_v3/toolchain/bin/../lib/gcc/arm-none-eabi/4.8.4/armv7e-m/crtend.o
                0x20000064                . = ALIGN (0x4)
                0x20000064                __data_end__ = .
                0x0000074c                __DATA_END = (__DATA_ROM + (__data_end__ - __data_start__))
                0x0000074c                __m_data_1FFFE000_ROMStart = (__DATA_ROM + SIZEOF (.data))

.igot.plt       0x20000064        0x0 load address 0x0000074c
 .igot.plt      0x00000000        0x0 c:/freescale/kds_v3/toolchain/bin/../lib/gcc/arm-none-eabi/4.8.4/armv7e-m/crtbegin.o

.m_data_1FFFE000
                0x1fffe000        0x0 load address 0x0000074c
                0x1fffe000                . = ALIGN (0x4)
                0x1fffe000                __m_data_1FFFE000_RAMStart = .
 *(.m_data_1FFFE000)
                0x1fffe000                __m_data_1FFFE000_RAMEnd = .
                0x1fffe000                . = ALIGN (0x4)
                0x00000000                __m_data_1FFFE000_ROMSize = (__m_data_1FFFE000_RAMEnd - __m_data_1FFFE000_RAMStart)

.bss            0x20000064       0x1c load address 0x0000074c
                0x20000064                . = ALIGN (0x4)
                0x20000064                __START_BSS = .
                0x20000064                __bss_start__ = .
 *(.bss)
 .bss           0x20000064       0x1c c:/freescale/kds_v3/toolchain/bin/../lib/gcc/arm-none-eabi/4.8.4/armv7e-m/crtbegin.o
 *(.bss*)
 *(COMMON)
                0x20000080                . = ALIGN (0x4)
                0x20000080                __bss_end__ = .
                0x20000080                __END_BSS = .

.heap           0x20000080      0x400 load address 0x00000768
                0x20000080                . = ALIGN (0x8)
                0x20000080                __end__ = .
                0x20000080                PROVIDE (end, .)
                0x20000080                __HeapBase = .
                0x20000480                . = (. + HEAP_SIZE)
 *fill*         0x20000080      0x400 
                0x20000480                __HeapLimit = .

.stack          0x20000480      0x400 load address 0x00000b68
                0x20000480                . = ALIGN (0x8)
                0x20000880                . = (. + STACK_SIZE)
 *fill*         0x20000480      0x400 
                0x20000880                __StackTop = .
                0x20000480                __StackLimit = (__StackTop - STACK_SIZE)
                0x20000880                PROVIDE (__stack, __StackTop)

.ARM.attributes
                0x00000000       0x2a
 *(.ARM.attributes)
 .ARM.attributes
                0x00000000       0x1e c:/freescale/kds_v3/toolchain/bin/../lib/gcc/arm-none-eabi/4.8.4/armv7e-m/crti.o
 .ARM.attributes
                0x0000001e       0x2e c:/freescale/kds_v3/toolchain/bin/../lib/gcc/arm-none-eabi/4.8.4/armv7e-m/crtbegin.o
 .ARM.attributes
                0x0000004c       0x1c c:/freescale/kds_v3/toolchain/bin/../lib/gcc/arm-none-eabi/4.8.4/../../../../arm-none-eabi/lib/armv7e-m/crt0.o
 .ARM.attributes
                0x00000068       0x21 ./Sources/main.o
 .ARM.attributes
                0x00000089       0x1b ./Project_Settings/Startup_Code/startup_MK20D5.o
 .ARM.attributes
                0x000000a4       0x33 ./Project_Settings/Startup_Code/system_MK20D5.o
 .ARM.attributes
                0x000000d7       0x2e c:/freescale/kds_v3/toolchain/bin/../lib/gcc/arm-none-eabi/4.8.4/../../../../arm-none-eabi/lib/armv7e-m\libg_s.a(lib_a-exit.o)
 .ARM.attributes
                0x00000105       0x2e c:/freescale/kds_v3/toolchain/bin/../lib/gcc/arm-none-eabi/4.8.4/../../../../arm-none-eabi/lib/armv7e-m\libg_s.a(lib_a-impure.o)
 .ARM.attributes
                0x00000133       0x2e c:/freescale/kds_v3/toolchain/bin/../lib/gcc/arm-none-eabi/4.8.4/../../../../arm-none-eabi/lib/armv7e-m\libg_s.a(lib_a-init.o)
 .ARM.attributes
                0x00000161       0x2e c:/freescale/kds_v3/toolchain/bin/../lib/gcc/arm-none-eabi/4.8.4/../../../../arm-none-eabi/lib/armv7e-m\libg_s.a(lib_a-memset.o)
 .ARM.attributes
                0x0000018f       0x2e c:/freescale/kds_v3/toolchain/bin/../lib/gcc/arm-none-eabi/4.8.4/../../../../arm-none-eabi/lib/armv7e-m\libnosys.a(_exit.o)
 .ARM.attributes
                0x000001bd       0x2e c:/freescale/kds_v3/toolchain/bin/../lib/gcc/arm-none-eabi/4.8.4/armv7e-m/crtend.o
 .ARM.attributes
                0x000001eb       0x1e c:/freescale/kds_v3/toolchain/bin/../lib/gcc/arm-none-eabi/4.8.4/armv7e-m/crtn.o
OUTPUT(Lab 10.elf elf32-littlearm)

.debug_line     0x00000000      0x351
 .debug_line    0x00000000       0x70 ./Sources/main.o
 .debug_line    0x00000070       0x86 ./Project_Settings/Startup_Code/startup_MK20D5.o
 .debug_line    0x000000f6      0x25b ./Project_Settings/Startup_Code/system_MK20D5.o

.debug_info     0x00000000      0x561
 .debug_info    0x00000000       0x67 ./Sources/main.o
 .debug_info    0x00000067       0x85 ./Project_Settings/Startup_Code/startup_MK20D5.o
 .debug_info    0x000000ec      0x475 ./Project_Settings/Startup_Code/system_MK20D5.o

.debug_abbrev   0x00000000      0x142
 .debug_abbrev  0x00000000       0x14 ./Sources/main.o
 .debug_abbrev  0x00000014       0x14 ./Project_Settings/Startup_Code/startup_MK20D5.o
 .debug_abbrev  0x00000028      0x11a ./Project_Settings/Startup_Code/system_MK20D5.o

.debug_aranges  0x00000000       0x68
 .debug_aranges
                0x00000000       0x20 ./Sources/main.o
 .debug_aranges
                0x00000020       0x20 ./Project_Settings/Startup_Code/startup_MK20D5.o
 .debug_aranges
                0x00000040       0x28 ./Project_Settings/Startup_Code/system_MK20D5.o

.debug_ranges   0x00000000       0x18
 .debug_ranges  0x00000000       0x18 ./Project_Settings/Startup_Code/system_MK20D5.o

.debug_macro    0x00000000     0x73ad
 .debug_macro   0x00000000       0xb3 ./Project_Settings/Startup_Code/system_MK20D5.o
 .debug_macro   0x000000b3      0x84a ./Project_Settings/Startup_Code/system_MK20D5.o
 .debug_macro   0x000008fd       0x16 ./Project_Settings/Startup_Code/system_MK20D5.o
 .debug_macro   0x00000913       0x44 ./Project_Settings/Startup_Code/system_MK20D5.o
 .debug_macro   0x00000957      0x209 ./Project_Settings/Startup_Code/system_MK20D5.o
 .debug_macro   0x00000b60       0x38 ./Project_Settings/Startup_Code/system_MK20D5.o
 .debug_macro   0x00000b98       0x3b ./Project_Settings/Startup_Code/system_MK20D5.o
 .debug_macro   0x00000bd3       0x34 ./Project_Settings/Startup_Code/system_MK20D5.o
 .debug_macro   0x00000c07       0x26 ./Project_Settings/Startup_Code/system_MK20D5.o
 .debug_macro   0x00000c2d      0xba3 ./Project_Settings/Startup_Code/system_MK20D5.o
 .debug_macro   0x000017d0     0x5bdd ./Project_Settings/Startup_Code/system_MK20D5.o

.debug_str      0x00000000    0x242cd
 .debug_str     0x00000000    0x242cd ./Project_Settings/Startup_Code/system_MK20D5.o
                              0x2443f (size before relaxing)

.comment        0x00000000       0x70
 .comment       0x00000000       0x70 ./Project_Settings/Startup_Code/system_MK20D5.o
                                 0x71 (size before relaxing)

.debug_frame    0x00000000       0xd8
 .debug_frame   0x00000000       0x44 ./Project_Settings/Startup_Code/system_MK20D5.o
 .debug_frame   0x00000044       0x28 c:/freescale/kds_v3/toolchain/bin/../lib/gcc/arm-none-eabi/4.8.4/../../../../arm-none-eabi/lib/armv7e-m\libg_s.a(lib_a-exit.o)
 .debug_frame   0x0000006c       0x2c c:/freescale/kds_v3/toolchain/bin/../lib/gcc/arm-none-eabi/4.8.4/../../../../arm-none-eabi/lib/armv7e-m\libg_s.a(lib_a-init.o)
 .debug_frame   0x00000098       0x20 c:/freescale/kds_v3/toolchain/bin/../lib/gcc/arm-none-eabi/4.8.4/../../../../arm-none-eabi/lib/armv7e-m\libg_s.a(lib_a-memset.o)
 .debug_frame   0x000000b8       0x20 c:/freescale/kds_v3/toolchain/bin/../lib/gcc/arm-none-eabi/4.8.4/../../../../arm-none-eabi/lib/armv7e-m\libnosys.a(_exit.o)
