Archive member included because of file (symbol)

c:/freescale/kds_v3/toolchain/bin/../lib/gcc/arm-none-eabi/4.8.4/armv7e-m\libgcc.a(_arm_addsubsf3.o)
                              ./Generated_Code/PwmLdd1.o (__aeabi_i2f)
c:/freescale/kds_v3/toolchain/bin/../lib/gcc/arm-none-eabi/4.8.4/armv7e-m\libgcc.a(_arm_muldivsf3.o)
                              ./Generated_Code/PwmLdd1.o (__aeabi_fmul)
c:/freescale/kds_v3/toolchain/bin/../lib/gcc/arm-none-eabi/4.8.4/armv7e-m\libgcc.a(_arm_cmpsf2.o)
                              ./Generated_Code/PwmLdd1.o (__aeabi_fcmpgt)
c:/freescale/kds_v3/toolchain/bin/../lib/gcc/arm-none-eabi/4.8.4/armv7e-m\libgcc.a(_arm_fixunssfsi.o)
                              ./Generated_Code/PwmLdd1.o (__aeabi_f2uiz)
c:/freescale/kds_v3/toolchain/bin/../lib/gcc/arm-none-eabi/4.8.4/../../../../arm-none-eabi/lib/armv7e-m\libg_s.a(lib_a-exit.o)
                              c:/freescale/kds_v3/toolchain/bin/../lib/gcc/arm-none-eabi/4.8.4/../../../../arm-none-eabi/lib/armv7e-m/crt0.o (exit)
c:/freescale/kds_v3/toolchain/bin/../lib/gcc/arm-none-eabi/4.8.4/../../../../arm-none-eabi/lib/armv7e-m\libg_s.a(lib_a-impure.o)
                              c:/freescale/kds_v3/toolchain/bin/../lib/gcc/arm-none-eabi/4.8.4/../../../../arm-none-eabi/lib/armv7e-m\libg_s.a(lib_a-exit.o) (_global_impure_ptr)
c:/freescale/kds_v3/toolchain/bin/../lib/gcc/arm-none-eabi/4.8.4/../../../../arm-none-eabi/lib/armv7e-m\libg_s.a(lib_a-init.o)
                              c:/freescale/kds_v3/toolchain/bin/../lib/gcc/arm-none-eabi/4.8.4/../../../../arm-none-eabi/lib/armv7e-m/crt0.o (__libc_init_array)
c:/freescale/kds_v3/toolchain/bin/../lib/gcc/arm-none-eabi/4.8.4/../../../../arm-none-eabi/lib/armv7e-m\libg_s.a(lib_a-memset.o)
                              c:/freescale/kds_v3/toolchain/bin/../lib/gcc/arm-none-eabi/4.8.4/../../../../arm-none-eabi/lib/armv7e-m/crt0.o (memset)
c:/freescale/kds_v3/toolchain/bin/../lib/gcc/arm-none-eabi/4.8.4/../../../../arm-none-eabi/lib/armv7e-m\libnosys.a(_exit.o)
                              c:/freescale/kds_v3/toolchain/bin/../lib/gcc/arm-none-eabi/4.8.4/../../../../arm-none-eabi/lib/armv7e-m\libg_s.a(lib_a-exit.o) (_exit)

Allocating common symbols
Common symbol       size              file

ASerialLdd1_DeviceDataPtr
                    0x4               ./Generated_Code/AS1.o
c                   0x1               ./Sources/main.o
SR_reg              0x1               ./Generated_Code/Cpu.o

Discarded input sections

 .text          0x00000000        0x0 c:/freescale/kds_v3/toolchain/bin/../lib/gcc/arm-none-eabi/4.8.4/armv7e-m/crti.o
 .data          0x00000000        0x0 c:/freescale/kds_v3/toolchain/bin/../lib/gcc/arm-none-eabi/4.8.4/armv7e-m/crti.o
 .bss           0x00000000        0x0 c:/freescale/kds_v3/toolchain/bin/../lib/gcc/arm-none-eabi/4.8.4/armv7e-m/crti.o
 .data          0x00000000        0x4 c:/freescale/kds_v3/toolchain/bin/../lib/gcc/arm-none-eabi/4.8.4/armv7e-m/crtbegin.o
 .data          0x00000000        0x0 c:/freescale/kds_v3/toolchain/bin/../lib/gcc/arm-none-eabi/4.8.4/../../../../arm-none-eabi/lib/armv7e-m/crt0.o
 .bss           0x00000000        0x0 c:/freescale/kds_v3/toolchain/bin/../lib/gcc/arm-none-eabi/4.8.4/../../../../arm-none-eabi/lib/armv7e-m/crt0.o
 .ARM.extab     0x00000000        0x0 c:/freescale/kds_v3/toolchain/bin/../lib/gcc/arm-none-eabi/4.8.4/../../../../arm-none-eabi/lib/armv7e-m/crt0.o
 .group         0x00000000        0x8 ./Sources/Events.o
 .group         0x00000000        0x8 ./Sources/Events.o
 .group         0x00000000        0x8 ./Sources/Events.o
 .group         0x00000000        0x8 ./Sources/Events.o
 .group         0x00000000        0x8 ./Sources/Events.o
 .group         0x00000000        0x8 ./Sources/Events.o
 .group         0x00000000        0x8 ./Sources/Events.o
 .group         0x00000000        0x8 ./Sources/Events.o
 .group         0x00000000        0x8 ./Sources/Events.o
 .group         0x00000000        0x8 ./Sources/Events.o
 .group         0x00000000        0x8 ./Sources/Events.o
 .group         0x00000000        0x8 ./Sources/Events.o
 .group         0x00000000        0x8 ./Sources/Events.o
 .group         0x00000000        0x8 ./Sources/Events.o
 .group         0x00000000        0x8 ./Sources/Events.o
 .group         0x00000000        0x8 ./Sources/Events.o
 .group         0x00000000        0x8 ./Sources/Events.o
 .group         0x00000000        0x8 ./Sources/Events.o
 .group         0x00000000        0x8 ./Sources/Events.o
 .group         0x00000000        0x8 ./Sources/Events.o
 .group         0x00000000        0x8 ./Sources/Events.o
 .group         0x00000000        0x8 ./Sources/Events.o
 .text          0x00000000        0x0 ./Sources/Events.o
 .data          0x00000000        0x0 ./Sources/Events.o
 .bss           0x00000000        0x0 ./Sources/Events.o
 .group         0x00000000        0x8 ./Sources/main.o
 .group         0x00000000        0x8 ./Sources/main.o
 .group         0x00000000        0x8 ./Sources/main.o
 .group         0x00000000        0x8 ./Sources/main.o
 .group         0x00000000        0x8 ./Sources/main.o
 .group         0x00000000        0x8 ./Sources/main.o
 .group         0x00000000        0x8 ./Sources/main.o
 .group         0x00000000        0x8 ./Sources/main.o
 .group         0x00000000        0x8 ./Sources/main.o
 .group         0x00000000        0x8 ./Sources/main.o
 .group         0x00000000        0x8 ./Sources/main.o
 .group         0x00000000        0x8 ./Sources/main.o
 .group         0x00000000        0x8 ./Sources/main.o
 .group         0x00000000        0x8 ./Sources/main.o
 .group         0x00000000        0x8 ./Sources/main.o
 .group         0x00000000        0x8 ./Sources/main.o
 .group         0x00000000        0x8 ./Sources/main.o
 .group         0x00000000        0x8 ./Sources/main.o
 .group         0x00000000        0x8 ./Sources/main.o
 .group         0x00000000        0x8 ./Sources/main.o
 .group         0x00000000        0x8 ./Sources/main.o
 .group         0x00000000        0x8 ./Sources/main.o
 .text          0x00000000        0x0 ./Sources/main.o
 .data          0x00000000        0x0 ./Sources/main.o
 .bss           0x00000000        0x0 ./Sources/main.o
 .debug_macro   0x00000000      0x84a ./Sources/main.o
 .debug_macro   0x00000000       0x16 ./Sources/main.o
 .debug_macro   0x00000000       0x44 ./Sources/main.o
 .debug_macro   0x00000000      0x209 ./Sources/main.o
 .debug_macro   0x00000000     0x1680 ./Sources/main.o
 .debug_macro   0x00000000      0x14e ./Sources/main.o
 .debug_macro   0x00000000       0x6a ./Sources/main.o
 .debug_macro   0x00000000     0x9b9f ./Sources/main.o
 .debug_macro   0x00000000       0x94 ./Sources/main.o
 .debug_macro   0x00000000       0x5f ./Sources/main.o
 .debug_macro   0x00000000       0x11 ./Sources/main.o
 .debug_macro   0x00000000       0x94 ./Sources/main.o
 .debug_macro   0x00000000      0x6a0 ./Sources/main.o
 .debug_macro   0x00000000       0x7b ./Sources/main.o
 .debug_macro   0x00000000      0x132 ./Sources/main.o
 .debug_macro   0x00000000       0x2e ./Sources/main.o
 .debug_macro   0x00000000       0x46 ./Sources/main.o
 .debug_macro   0x00000000       0x1f ./Sources/main.o
 .debug_macro   0x00000000       0x37 ./Sources/main.o
 .debug_macro   0x00000000       0x25 ./Sources/main.o
 .debug_macro   0x00000000       0x3d ./Sources/main.o
 .debug_macro   0x00000000       0x25 ./Sources/main.o
 .group         0x00000000        0x8 ./Project_Settings/Startup_Code/startup.o
 .group         0x00000000        0x8 ./Project_Settings/Startup_Code/startup.o
 .group         0x00000000        0x8 ./Project_Settings/Startup_Code/startup.o
 .group         0x00000000        0x8 ./Project_Settings/Startup_Code/startup.o
 .group         0x00000000        0x8 ./Project_Settings/Startup_Code/startup.o
 .group         0x00000000        0x8 ./Project_Settings/Startup_Code/startup.o
 .group         0x00000000        0x8 ./Project_Settings/Startup_Code/startup.o
 .group         0x00000000        0x8 ./Project_Settings/Startup_Code/startup.o
 .group         0x00000000        0x8 ./Project_Settings/Startup_Code/startup.o
 .group         0x00000000        0x8 ./Project_Settings/Startup_Code/startup.o
 .group         0x00000000        0x8 ./Project_Settings/Startup_Code/startup.o
 .group         0x00000000        0x8 ./Project_Settings/Startup_Code/startup.o
 .group         0x00000000        0x8 ./Project_Settings/Startup_Code/startup.o
 .group         0x00000000        0x8 ./Project_Settings/Startup_Code/startup.o
 .group         0x00000000        0x8 ./Project_Settings/Startup_Code/startup.o
 .group         0x00000000        0x8 ./Project_Settings/Startup_Code/startup.o
 .group         0x00000000        0x8 ./Project_Settings/Startup_Code/startup.o
 .group         0x00000000        0x8 ./Project_Settings/Startup_Code/startup.o
 .group         0x00000000        0x8 ./Project_Settings/Startup_Code/startup.o
 .text          0x00000000        0x0 ./Project_Settings/Startup_Code/startup.o
 .data          0x00000000        0x0 ./Project_Settings/Startup_Code/startup.o
 .bss           0x00000000        0x0 ./Project_Settings/Startup_Code/startup.o
 .text.__init_hardware
                0x00000000        0xc ./Project_Settings/Startup_Code/startup.o
 .text.__iar_program_start
                0x00000000        0xc ./Project_Settings/Startup_Code/startup.o
 .debug_macro   0x00000000      0x84a ./Project_Settings/Startup_Code/startup.o
 .debug_macro   0x00000000       0x16 ./Project_Settings/Startup_Code/startup.o
 .group         0x00000000        0x8 ./Generated_Code/AS1.o
 .group         0x00000000        0x8 ./Generated_Code/AS1.o
 .group         0x00000000        0x8 ./Generated_Code/AS1.o
 .group         0x00000000        0x8 ./Generated_Code/AS1.o
 .group         0x00000000        0x8 ./Generated_Code/AS1.o
 .group         0x00000000        0x8 ./Generated_Code/AS1.o
 .group         0x00000000        0x8 ./Generated_Code/AS1.o
 .group         0x00000000        0x8 ./Generated_Code/AS1.o
 .group         0x00000000        0x8 ./Generated_Code/AS1.o
 .group         0x00000000        0x8 ./Generated_Code/AS1.o
 .group         0x00000000        0x8 ./Generated_Code/AS1.o
 .text          0x00000000        0x0 ./Generated_Code/AS1.o
 .data          0x00000000        0x0 ./Generated_Code/AS1.o
 .bss           0x00000000        0x0 ./Generated_Code/AS1.o
 .bss.OutBuffer
                0x00000000        0x1 ./Generated_Code/AS1.o
 .text.AS1_SendChar
                0x00000000       0x5c ./Generated_Code/AS1.o
 .text.AS1_GetCharsInRxBuf
                0x00000000       0x24 ./Generated_Code/AS1.o
 .text.AS1_GetCharsInTxBuf
                0x00000000       0x2c ./Generated_Code/AS1.o
 .debug_macro   0x00000000      0x84a ./Generated_Code/AS1.o
 .debug_macro   0x00000000       0x16 ./Generated_Code/AS1.o
 .debug_macro   0x00000000       0x44 ./Generated_Code/AS1.o
 .debug_macro   0x00000000      0x209 ./Generated_Code/AS1.o
 .debug_macro   0x00000000     0x1680 ./Generated_Code/AS1.o
 .debug_macro   0x00000000      0x14e ./Generated_Code/AS1.o
 .debug_macro   0x00000000       0x6a ./Generated_Code/AS1.o
 .debug_macro   0x00000000     0x9b9f ./Generated_Code/AS1.o
 .debug_macro   0x00000000       0x94 ./Generated_Code/AS1.o
 .debug_macro   0x00000000       0x5f ./Generated_Code/AS1.o
 .debug_macro   0x00000000       0x11 ./Generated_Code/AS1.o
 .group         0x00000000        0x8 ./Generated_Code/ASerialLdd1.o
 .group         0x00000000        0x8 ./Generated_Code/ASerialLdd1.o
 .group         0x00000000        0x8 ./Generated_Code/ASerialLdd1.o
 .group         0x00000000        0x8 ./Generated_Code/ASerialLdd1.o
 .group         0x00000000        0x8 ./Generated_Code/ASerialLdd1.o
 .group         0x00000000        0x8 ./Generated_Code/ASerialLdd1.o
 .group         0x00000000        0x8 ./Generated_Code/ASerialLdd1.o
 .group         0x00000000        0x8 ./Generated_Code/ASerialLdd1.o
 .group         0x00000000        0x8 ./Generated_Code/ASerialLdd1.o
 .group         0x00000000        0x8 ./Generated_Code/ASerialLdd1.o
 .group         0x00000000        0x8 ./Generated_Code/ASerialLdd1.o
 .group         0x00000000        0x8 ./Generated_Code/ASerialLdd1.o
 .group         0x00000000        0x8 ./Generated_Code/ASerialLdd1.o
 .group         0x00000000        0x8 ./Generated_Code/ASerialLdd1.o
 .text          0x00000000        0x0 ./Generated_Code/ASerialLdd1.o
 .data          0x00000000        0x0 ./Generated_Code/ASerialLdd1.o
 .bss           0x00000000        0x0 ./Generated_Code/ASerialLdd1.o
 .text.ASerialLdd1_SendBlock
                0x00000000       0x58 ./Generated_Code/ASerialLdd1.o
 .text.ASerialLdd1_GetSentDataNum
                0x00000000       0x1c ./Generated_Code/ASerialLdd1.o
 .debug_macro   0x00000000      0x84a ./Generated_Code/ASerialLdd1.o
 .debug_macro   0x00000000       0x16 ./Generated_Code/ASerialLdd1.o
 .debug_macro   0x00000000       0x44 ./Generated_Code/ASerialLdd1.o
 .debug_macro   0x00000000      0x209 ./Generated_Code/ASerialLdd1.o
 .debug_macro   0x00000000     0x1680 ./Generated_Code/ASerialLdd1.o
 .debug_macro   0x00000000      0x14e ./Generated_Code/ASerialLdd1.o
 .debug_macro   0x00000000       0x6a ./Generated_Code/ASerialLdd1.o
 .debug_macro   0x00000000     0x9b9f ./Generated_Code/ASerialLdd1.o
 .debug_macro   0x00000000       0x94 ./Generated_Code/ASerialLdd1.o
 .debug_macro   0x00000000       0x5f ./Generated_Code/ASerialLdd1.o
 .debug_macro   0x00000000       0x94 ./Generated_Code/ASerialLdd1.o
 .group         0x00000000        0x8 ./Generated_Code/BitIoLdd1.o
 .group         0x00000000        0x8 ./Generated_Code/BitIoLdd1.o
 .group         0x00000000        0x8 ./Generated_Code/BitIoLdd1.o
 .group         0x00000000        0x8 ./Generated_Code/BitIoLdd1.o
 .group         0x00000000        0x8 ./Generated_Code/BitIoLdd1.o
 .group         0x00000000        0x8 ./Generated_Code/BitIoLdd1.o
 .group         0x00000000        0x8 ./Generated_Code/BitIoLdd1.o
 .group         0x00000000        0x8 ./Generated_Code/BitIoLdd1.o
 .group         0x00000000        0x8 ./Generated_Code/BitIoLdd1.o
 .group         0x00000000        0x8 ./Generated_Code/BitIoLdd1.o
 .group         0x00000000        0x8 ./Generated_Code/BitIoLdd1.o
 .group         0x00000000        0x8 ./Generated_Code/BitIoLdd1.o
 .text          0x00000000        0x0 ./Generated_Code/BitIoLdd1.o
 .data          0x00000000        0x0 ./Generated_Code/BitIoLdd1.o
 .bss           0x00000000        0x0 ./Generated_Code/BitIoLdd1.o
 .text.BitIoLdd1_GetVal
                0x00000000       0x30 ./Generated_Code/BitIoLdd1.o
 .debug_macro   0x00000000      0x84a ./Generated_Code/BitIoLdd1.o
 .debug_macro   0x00000000       0x16 ./Generated_Code/BitIoLdd1.o
 .debug_macro   0x00000000       0x44 ./Generated_Code/BitIoLdd1.o
 .debug_macro   0x00000000      0x209 ./Generated_Code/BitIoLdd1.o
 .debug_macro   0x00000000     0x1680 ./Generated_Code/BitIoLdd1.o
 .debug_macro   0x00000000      0x14e ./Generated_Code/BitIoLdd1.o
 .debug_macro   0x00000000       0x6a ./Generated_Code/BitIoLdd1.o
 .debug_macro   0x00000000     0x9b9f ./Generated_Code/BitIoLdd1.o
 .debug_macro   0x00000000       0x94 ./Generated_Code/BitIoLdd1.o
 .debug_macro   0x00000000       0x2e ./Generated_Code/BitIoLdd1.o
 .group         0x00000000        0x8 ./Generated_Code/BitIoLdd2.o
 .group         0x00000000        0x8 ./Generated_Code/BitIoLdd2.o
 .group         0x00000000        0x8 ./Generated_Code/BitIoLdd2.o
 .group         0x00000000        0x8 ./Generated_Code/BitIoLdd2.o
 .group         0x00000000        0x8 ./Generated_Code/BitIoLdd2.o
 .group         0x00000000        0x8 ./Generated_Code/BitIoLdd2.o
 .group         0x00000000        0x8 ./Generated_Code/BitIoLdd2.o
 .group         0x00000000        0x8 ./Generated_Code/BitIoLdd2.o
 .group         0x00000000        0x8 ./Generated_Code/BitIoLdd2.o
 .group         0x00000000        0x8 ./Generated_Code/BitIoLdd2.o
 .group         0x00000000        0x8 ./Generated_Code/BitIoLdd2.o
 .group         0x00000000        0x8 ./Generated_Code/BitIoLdd2.o
 .text          0x00000000        0x0 ./Generated_Code/BitIoLdd2.o
 .data          0x00000000        0x0 ./Generated_Code/BitIoLdd2.o
 .bss           0x00000000        0x0 ./Generated_Code/BitIoLdd2.o
 .text.BitIoLdd2_GetVal
                0x00000000       0x30 ./Generated_Code/BitIoLdd2.o
 .text.BitIoLdd2_PutVal
                0x00000000       0x30 ./Generated_Code/BitIoLdd2.o
 .text.BitIoLdd2_ClrVal
                0x00000000       0x1c ./Generated_Code/BitIoLdd2.o
 .text.BitIoLdd2_SetVal
                0x00000000       0x1c ./Generated_Code/BitIoLdd2.o
 .debug_macro   0x00000000      0x84a ./Generated_Code/BitIoLdd2.o
 .debug_macro   0x00000000       0x16 ./Generated_Code/BitIoLdd2.o
 .debug_macro   0x00000000       0x44 ./Generated_Code/BitIoLdd2.o
 .debug_macro   0x00000000      0x209 ./Generated_Code/BitIoLdd2.o
 .debug_macro   0x00000000     0x1680 ./Generated_Code/BitIoLdd2.o
 .debug_macro   0x00000000      0x14e ./Generated_Code/BitIoLdd2.o
 .debug_macro   0x00000000       0x6a ./Generated_Code/BitIoLdd2.o
 .debug_macro   0x00000000     0x9b9f ./Generated_Code/BitIoLdd2.o
 .debug_macro   0x00000000       0x94 ./Generated_Code/BitIoLdd2.o
 .debug_macro   0x00000000      0x12c ./Generated_Code/BitIoLdd2.o
 .debug_macro   0x00000000       0x9a ./Generated_Code/BitIoLdd2.o
 .group         0x00000000        0x8 ./Generated_Code/Blue.o
 .group         0x00000000        0x8 ./Generated_Code/Blue.o
 .group         0x00000000        0x8 ./Generated_Code/Blue.o
 .group         0x00000000        0x8 ./Generated_Code/Blue.o
 .group         0x00000000        0x8 ./Generated_Code/Blue.o
 .group         0x00000000        0x8 ./Generated_Code/Blue.o
 .group         0x00000000        0x8 ./Generated_Code/Blue.o
 .group         0x00000000        0x8 ./Generated_Code/Blue.o
 .group         0x00000000        0x8 ./Generated_Code/Blue.o
 .group         0x00000000        0x8 ./Generated_Code/Blue.o
 .group         0x00000000        0x8 ./Generated_Code/Blue.o
 .group         0x00000000        0x8 ./Generated_Code/Blue.o
 .group         0x00000000        0x8 ./Generated_Code/Blue.o
 .text          0x00000000        0x0 ./Generated_Code/Blue.o
 .data          0x00000000        0x0 ./Generated_Code/Blue.o
 .bss           0x00000000        0x0 ./Generated_Code/Blue.o
 .debug_info    0x00000000       0x7d ./Generated_Code/Blue.o
 .debug_abbrev  0x00000000       0x29 ./Generated_Code/Blue.o
 .debug_aranges
                0x00000000       0x18 ./Generated_Code/Blue.o
 .debug_macro   0x00000000       0xb5 ./Generated_Code/Blue.o
 .debug_macro   0x00000000      0x84a ./Generated_Code/Blue.o
 .debug_macro   0x00000000       0x16 ./Generated_Code/Blue.o
 .debug_macro   0x00000000       0x44 ./Generated_Code/Blue.o
 .debug_macro   0x00000000      0x209 ./Generated_Code/Blue.o
 .debug_macro   0x00000000     0x1680 ./Generated_Code/Blue.o
 .debug_macro   0x00000000      0x14e ./Generated_Code/Blue.o
 .debug_macro   0x00000000       0x6a ./Generated_Code/Blue.o
 .debug_macro   0x00000000     0x9b9f ./Generated_Code/Blue.o
 .debug_macro   0x00000000       0x94 ./Generated_Code/Blue.o
 .debug_macro   0x00000000      0x12c ./Generated_Code/Blue.o
 .debug_macro   0x00000000       0x9a ./Generated_Code/Blue.o
 .debug_macro   0x00000000       0x40 ./Generated_Code/Blue.o
 .debug_macro   0x00000000       0x1f ./Generated_Code/Blue.o
 .debug_line    0x00000000      0x249 ./Generated_Code/Blue.o
 .debug_str     0x00000000    0x3fd6e ./Generated_Code/Blue.o
 .comment       0x00000000       0x71 ./Generated_Code/Blue.o
 .ARM.attributes
                0x00000000       0x33 ./Generated_Code/Blue.o
 .group         0x00000000        0x8 ./Generated_Code/Cpu.o
 .group         0x00000000        0x8 ./Generated_Code/Cpu.o
 .group         0x00000000        0x8 ./Generated_Code/Cpu.o
 .group         0x00000000        0x8 ./Generated_Code/Cpu.o
 .group         0x00000000        0x8 ./Generated_Code/Cpu.o
 .group         0x00000000        0x8 ./Generated_Code/Cpu.o
 .group         0x00000000        0x8 ./Generated_Code/Cpu.o
 .group         0x00000000        0x8 ./Generated_Code/Cpu.o
 .group         0x00000000        0x8 ./Generated_Code/Cpu.o
 .group         0x00000000        0x8 ./Generated_Code/Cpu.o
 .group         0x00000000        0x8 ./Generated_Code/Cpu.o
 .group         0x00000000        0x8 ./Generated_Code/Cpu.o
 .group         0x00000000        0x8 ./Generated_Code/Cpu.o
 .group         0x00000000        0x8 ./Generated_Code/Cpu.o
 .group         0x00000000        0x8 ./Generated_Code/Cpu.o
 .group         0x00000000        0x8 ./Generated_Code/Cpu.o
 .group         0x00000000        0x8 ./Generated_Code/Cpu.o
 .group         0x00000000        0x8 ./Generated_Code/Cpu.o
 .group         0x00000000        0x8 ./Generated_Code/Cpu.o
 .group         0x00000000        0x8 ./Generated_Code/Cpu.o
 .group         0x00000000        0x8 ./Generated_Code/Cpu.o
 .group         0x00000000        0x8 ./Generated_Code/Cpu.o
 .text          0x00000000        0x0 ./Generated_Code/Cpu.o
 .data          0x00000000        0x0 ./Generated_Code/Cpu.o
 .bss           0x00000000        0x0 ./Generated_Code/Cpu.o
 .bss.SR_lock   0x00000000        0x1 ./Generated_Code/Cpu.o
 .debug_macro   0x00000000      0x84a ./Generated_Code/Cpu.o
 .debug_macro   0x00000000       0x16 ./Generated_Code/Cpu.o
 .debug_macro   0x00000000       0x44 ./Generated_Code/Cpu.o
 .debug_macro   0x00000000      0x209 ./Generated_Code/Cpu.o
 .debug_macro   0x00000000     0x1680 ./Generated_Code/Cpu.o
 .debug_macro   0x00000000      0x14e ./Generated_Code/Cpu.o
 .debug_macro   0x00000000       0x6a ./Generated_Code/Cpu.o
 .debug_macro   0x00000000     0x9b9f ./Generated_Code/Cpu.o
 .debug_macro   0x00000000       0x94 ./Generated_Code/Cpu.o
 .debug_macro   0x00000000       0x5f ./Generated_Code/Cpu.o
 .debug_macro   0x00000000       0x11 ./Generated_Code/Cpu.o
 .debug_macro   0x00000000       0x94 ./Generated_Code/Cpu.o
 .debug_macro   0x00000000      0x6a0 ./Generated_Code/Cpu.o
 .debug_macro   0x00000000       0x7b ./Generated_Code/Cpu.o
 .debug_macro   0x00000000      0x132 ./Generated_Code/Cpu.o
 .debug_macro   0x00000000       0x2e ./Generated_Code/Cpu.o
 .debug_macro   0x00000000       0x46 ./Generated_Code/Cpu.o
 .debug_macro   0x00000000       0x1f ./Generated_Code/Cpu.o
 .debug_macro   0x00000000       0x25 ./Generated_Code/Cpu.o
 .debug_macro   0x00000000       0x3d ./Generated_Code/Cpu.o
 .debug_macro   0x00000000       0x25 ./Generated_Code/Cpu.o
 COMMON         0x00000000        0x1 ./Generated_Code/Cpu.o
 .group         0x00000000        0x8 ./Generated_Code/Green.o
 .group         0x00000000        0x8 ./Generated_Code/Green.o
 .group         0x00000000        0x8 ./Generated_Code/Green.o
 .group         0x00000000        0x8 ./Generated_Code/Green.o
 .group         0x00000000        0x8 ./Generated_Code/Green.o
 .group         0x00000000        0x8 ./Generated_Code/Green.o
 .group         0x00000000        0x8 ./Generated_Code/Green.o
 .group         0x00000000        0x8 ./Generated_Code/Green.o
 .group         0x00000000        0x8 ./Generated_Code/Green.o
 .group         0x00000000        0x8 ./Generated_Code/Green.o
 .group         0x00000000        0x8 ./Generated_Code/Green.o
 .group         0x00000000        0x8 ./Generated_Code/Green.o
 .group         0x00000000        0x8 ./Generated_Code/Green.o
 .group         0x00000000        0x8 ./Generated_Code/Green.o
 .text          0x00000000        0x0 ./Generated_Code/Green.o
 .data          0x00000000        0x0 ./Generated_Code/Green.o
 .bss           0x00000000        0x0 ./Generated_Code/Green.o
 .debug_info    0x00000000       0x7d ./Generated_Code/Green.o
 .debug_abbrev  0x00000000       0x29 ./Generated_Code/Green.o
 .debug_aranges
                0x00000000       0x18 ./Generated_Code/Green.o
 .debug_macro   0x00000000       0xc6 ./Generated_Code/Green.o
 .debug_macro   0x00000000      0x84a ./Generated_Code/Green.o
 .debug_macro   0x00000000       0x16 ./Generated_Code/Green.o
 .debug_macro   0x00000000       0x44 ./Generated_Code/Green.o
 .debug_macro   0x00000000      0x209 ./Generated_Code/Green.o
 .debug_macro   0x00000000     0x1680 ./Generated_Code/Green.o
 .debug_macro   0x00000000      0x14e ./Generated_Code/Green.o
 .debug_macro   0x00000000       0x6a ./Generated_Code/Green.o
 .debug_macro   0x00000000     0x9b9f ./Generated_Code/Green.o
 .debug_macro   0x00000000       0x94 ./Generated_Code/Green.o
 .debug_macro   0x00000000      0x6a0 ./Generated_Code/Green.o
 .debug_macro   0x00000000       0x9a ./Generated_Code/Green.o
 .debug_macro   0x00000000       0x7b ./Generated_Code/Green.o
 .debug_macro   0x00000000       0x37 ./Generated_Code/Green.o
 .debug_macro   0x00000000       0x25 ./Generated_Code/Green.o
 .debug_line    0x00000000      0x251 ./Generated_Code/Green.o
 .debug_str     0x00000000    0x48419 ./Generated_Code/Green.o
 .comment       0x00000000       0x71 ./Generated_Code/Green.o
 .ARM.attributes
                0x00000000       0x33 ./Generated_Code/Green.o
 .group         0x00000000        0x8 ./Generated_Code/Input.o
 .group         0x00000000        0x8 ./Generated_Code/Input.o
 .group         0x00000000        0x8 ./Generated_Code/Input.o
 .group         0x00000000        0x8 ./Generated_Code/Input.o
 .group         0x00000000        0x8 ./Generated_Code/Input.o
 .group         0x00000000        0x8 ./Generated_Code/Input.o
 .group         0x00000000        0x8 ./Generated_Code/Input.o
 .group         0x00000000        0x8 ./Generated_Code/Input.o
 .group         0x00000000        0x8 ./Generated_Code/Input.o
 .group         0x00000000        0x8 ./Generated_Code/Input.o
 .group         0x00000000        0x8 ./Generated_Code/Input.o
 .group         0x00000000        0x8 ./Generated_Code/Input.o
 .text          0x00000000        0x0 ./Generated_Code/Input.o
 .data          0x00000000        0x0 ./Generated_Code/Input.o
 .bss           0x00000000        0x0 ./Generated_Code/Input.o
 .debug_info    0x00000000       0x7d ./Generated_Code/Input.o
 .debug_abbrev  0x00000000       0x29 ./Generated_Code/Input.o
 .debug_aranges
                0x00000000       0x18 ./Generated_Code/Input.o
 .debug_macro   0x00000000       0xb6 ./Generated_Code/Input.o
 .debug_macro   0x00000000      0x84a ./Generated_Code/Input.o
 .debug_macro   0x00000000       0x16 ./Generated_Code/Input.o
 .debug_macro   0x00000000       0x44 ./Generated_Code/Input.o
 .debug_macro   0x00000000      0x209 ./Generated_Code/Input.o
 .debug_macro   0x00000000     0x1680 ./Generated_Code/Input.o
 .debug_macro   0x00000000      0x14e ./Generated_Code/Input.o
 .debug_macro   0x00000000       0x6a ./Generated_Code/Input.o
 .debug_macro   0x00000000     0x9b9f ./Generated_Code/Input.o
 .debug_macro   0x00000000       0x94 ./Generated_Code/Input.o
 .debug_macro   0x00000000      0x12c ./Generated_Code/Input.o
 .debug_macro   0x00000000       0x9a ./Generated_Code/Input.o
 .debug_macro   0x00000000       0x2e ./Generated_Code/Input.o
 .debug_line    0x00000000      0x24b ./Generated_Code/Input.o
 .debug_str     0x00000000    0x3fc5f ./Generated_Code/Input.o
 .comment       0x00000000       0x71 ./Generated_Code/Input.o
 .ARM.attributes
                0x00000000       0x33 ./Generated_Code/Input.o
 .group         0x00000000        0x8 ./Generated_Code/PE_LDD.o
 .group         0x00000000        0x8 ./Generated_Code/PE_LDD.o
 .group         0x00000000        0x8 ./Generated_Code/PE_LDD.o
 .group         0x00000000        0x8 ./Generated_Code/PE_LDD.o
 .group         0x00000000        0x8 ./Generated_Code/PE_LDD.o
 .group         0x00000000        0x8 ./Generated_Code/PE_LDD.o
 .group         0x00000000        0x8 ./Generated_Code/PE_LDD.o
 .group         0x00000000        0x8 ./Generated_Code/PE_LDD.o
 .group         0x00000000        0x8 ./Generated_Code/PE_LDD.o
 .group         0x00000000        0x8 ./Generated_Code/PE_LDD.o
 .group         0x00000000        0x8 ./Generated_Code/PE_LDD.o
 .group         0x00000000        0x8 ./Generated_Code/PE_LDD.o
 .group         0x00000000        0x8 ./Generated_Code/PE_LDD.o
 .group         0x00000000        0x8 ./Generated_Code/PE_LDD.o
 .group         0x00000000        0x8 ./Generated_Code/PE_LDD.o
 .group         0x00000000        0x8 ./Generated_Code/PE_LDD.o
 .group         0x00000000        0x8 ./Generated_Code/PE_LDD.o
 .group         0x00000000        0x8 ./Generated_Code/PE_LDD.o
 .group         0x00000000        0x8 ./Generated_Code/PE_LDD.o
 .group         0x00000000        0x8 ./Generated_Code/PE_LDD.o
 .group         0x00000000        0x8 ./Generated_Code/PE_LDD.o
 .group         0x00000000        0x8 ./Generated_Code/PE_LDD.o
 .text          0x00000000        0x0 ./Generated_Code/PE_LDD.o
 .data          0x00000000        0x0 ./Generated_Code/PE_LDD.o
 .bss           0x00000000        0x0 ./Generated_Code/PE_LDD.o
 .rodata.PE_CpuClockConfigurations
                0x00000000       0x28 ./Generated_Code/PE_LDD.o
 .text.PE_FillMemory
                0x00000000       0x24 ./Generated_Code/PE_LDD.o
 .text.PE_PeripheralUsed
                0x00000000       0x54 ./Generated_Code/PE_LDD.o
 .text.LDD_SetClockConfiguration
                0x00000000       0x14 ./Generated_Code/PE_LDD.o
 .debug_macro   0x00000000      0x84a ./Generated_Code/PE_LDD.o
 .debug_macro   0x00000000       0x16 ./Generated_Code/PE_LDD.o
 .debug_macro   0x00000000       0x44 ./Generated_Code/PE_LDD.o
 .debug_macro   0x00000000      0x209 ./Generated_Code/PE_LDD.o
 .debug_macro   0x00000000     0x1680 ./Generated_Code/PE_LDD.o
 .debug_macro   0x00000000      0x14e ./Generated_Code/PE_LDD.o
 .debug_macro   0x00000000       0x6a ./Generated_Code/PE_LDD.o
 .debug_macro   0x00000000     0x9b9f ./Generated_Code/PE_LDD.o
 .debug_macro   0x00000000       0x94 ./Generated_Code/PE_LDD.o
 .debug_macro   0x00000000       0x5f ./Generated_Code/PE_LDD.o
 .debug_macro   0x00000000       0x11 ./Generated_Code/PE_LDD.o
 .debug_macro   0x00000000       0x94 ./Generated_Code/PE_LDD.o
 .debug_macro   0x00000000      0x6a0 ./Generated_Code/PE_LDD.o
 .debug_macro   0x00000000       0x7b ./Generated_Code/PE_LDD.o
 .debug_macro   0x00000000      0x132 ./Generated_Code/PE_LDD.o
 .debug_macro   0x00000000       0x2e ./Generated_Code/PE_LDD.o
 .debug_macro   0x00000000       0x46 ./Generated_Code/PE_LDD.o
 .debug_macro   0x00000000       0x1f ./Generated_Code/PE_LDD.o
 .debug_macro   0x00000000       0x3d ./Generated_Code/PE_LDD.o
 .debug_macro   0x00000000       0x25 ./Generated_Code/PE_LDD.o
 .debug_macro   0x00000000       0x3d ./Generated_Code/PE_LDD.o
 .debug_macro   0x00000000       0x25 ./Generated_Code/PE_LDD.o
 .group         0x00000000        0x8 ./Generated_Code/PwmLdd1.o
 .group         0x00000000        0x8 ./Generated_Code/PwmLdd1.o
 .group         0x00000000        0x8 ./Generated_Code/PwmLdd1.o
 .group         0x00000000        0x8 ./Generated_Code/PwmLdd1.o
 .group         0x00000000        0x8 ./Generated_Code/PwmLdd1.o
 .group         0x00000000        0x8 ./Generated_Code/PwmLdd1.o
 .group         0x00000000        0x8 ./Generated_Code/PwmLdd1.o
 .group         0x00000000        0x8 ./Generated_Code/PwmLdd1.o
 .group         0x00000000        0x8 ./Generated_Code/PwmLdd1.o
 .group         0x00000000        0x8 ./Generated_Code/PwmLdd1.o
 .group         0x00000000        0x8 ./Generated_Code/PwmLdd1.o
 .group         0x00000000        0x8 ./Generated_Code/PwmLdd1.o
 .group         0x00000000        0x8 ./Generated_Code/PwmLdd1.o
 .text          0x00000000        0x0 ./Generated_Code/PwmLdd1.o
 .data          0x00000000        0x0 ./Generated_Code/PwmLdd1.o
 .bss           0x00000000        0x0 ./Generated_Code/PwmLdd1.o
 .text.PwmLdd1_SetDutyUS
                0x00000000       0x74 ./Generated_Code/PwmLdd1.o
 .text.PwmLdd1_SetDutyMS
                0x00000000       0x70 ./Generated_Code/PwmLdd1.o
 .debug_macro   0x00000000      0x84a ./Generated_Code/PwmLdd1.o
 .debug_macro   0x00000000       0x16 ./Generated_Code/PwmLdd1.o
 .debug_macro   0x00000000       0x44 ./Generated_Code/PwmLdd1.o
 .debug_macro   0x00000000      0x209 ./Generated_Code/PwmLdd1.o
 .debug_macro   0x00000000     0x1680 ./Generated_Code/PwmLdd1.o
 .debug_macro   0x00000000      0x14e ./Generated_Code/PwmLdd1.o
 .debug_macro   0x00000000       0x6a ./Generated_Code/PwmLdd1.o
 .debug_macro   0x00000000     0x9b9f ./Generated_Code/PwmLdd1.o
 .debug_macro   0x00000000       0x94 ./Generated_Code/PwmLdd1.o
 .debug_macro   0x00000000      0x6a0 ./Generated_Code/PwmLdd1.o
 .debug_macro   0x00000000       0x9a ./Generated_Code/PwmLdd1.o
 .debug_macro   0x00000000       0x7b ./Generated_Code/PwmLdd1.o
 .debug_macro   0x00000000       0x37 ./Generated_Code/PwmLdd1.o
 .group         0x00000000        0x8 ./Generated_Code/PwmLdd2.o
 .group         0x00000000        0x8 ./Generated_Code/PwmLdd2.o
 .group         0x00000000        0x8 ./Generated_Code/PwmLdd2.o
 .group         0x00000000        0x8 ./Generated_Code/PwmLdd2.o
 .group         0x00000000        0x8 ./Generated_Code/PwmLdd2.o
 .group         0x00000000        0x8 ./Generated_Code/PwmLdd2.o
 .group         0x00000000        0x8 ./Generated_Code/PwmLdd2.o
 .group         0x00000000        0x8 ./Generated_Code/PwmLdd2.o
 .group         0x00000000        0x8 ./Generated_Code/PwmLdd2.o
 .group         0x00000000        0x8 ./Generated_Code/PwmLdd2.o
 .group         0x00000000        0x8 ./Generated_Code/PwmLdd2.o
 .group         0x00000000        0x8 ./Generated_Code/PwmLdd2.o
 .group         0x00000000        0x8 ./Generated_Code/PwmLdd2.o
 .text          0x00000000        0x0 ./Generated_Code/PwmLdd2.o
 .data          0x00000000        0x0 ./Generated_Code/PwmLdd2.o
 .bss           0x00000000        0x0 ./Generated_Code/PwmLdd2.o
 .text.PwmLdd2_SetDutyUS
                0x00000000       0x74 ./Generated_Code/PwmLdd2.o
 .text.PwmLdd2_SetDutyMS
                0x00000000       0x70 ./Generated_Code/PwmLdd2.o
 .debug_macro   0x00000000      0x84a ./Generated_Code/PwmLdd2.o
 .debug_macro   0x00000000       0x16 ./Generated_Code/PwmLdd2.o
 .debug_macro   0x00000000       0x44 ./Generated_Code/PwmLdd2.o
 .debug_macro   0x00000000      0x209 ./Generated_Code/PwmLdd2.o
 .debug_macro   0x00000000     0x1680 ./Generated_Code/PwmLdd2.o
 .debug_macro   0x00000000      0x14e ./Generated_Code/PwmLdd2.o
 .debug_macro   0x00000000       0x6a ./Generated_Code/PwmLdd2.o
 .debug_macro   0x00000000     0x9b9f ./Generated_Code/PwmLdd2.o
 .debug_macro   0x00000000       0x94 ./Generated_Code/PwmLdd2.o
 .debug_macro   0x00000000      0x6a0 ./Generated_Code/PwmLdd2.o
 .debug_macro   0x00000000       0x9a ./Generated_Code/PwmLdd2.o
 .debug_macro   0x00000000       0x7b ./Generated_Code/PwmLdd2.o
 .debug_macro   0x00000000       0x37 ./Generated_Code/PwmLdd2.o
 .group         0x00000000        0x8 ./Generated_Code/Red.o
 .group         0x00000000        0x8 ./Generated_Code/Red.o
 .group         0x00000000        0x8 ./Generated_Code/Red.o
 .group         0x00000000        0x8 ./Generated_Code/Red.o
 .group         0x00000000        0x8 ./Generated_Code/Red.o
 .group         0x00000000        0x8 ./Generated_Code/Red.o
 .group         0x00000000        0x8 ./Generated_Code/Red.o
 .group         0x00000000        0x8 ./Generated_Code/Red.o
 .group         0x00000000        0x8 ./Generated_Code/Red.o
 .group         0x00000000        0x8 ./Generated_Code/Red.o
 .group         0x00000000        0x8 ./Generated_Code/Red.o
 .group         0x00000000        0x8 ./Generated_Code/Red.o
 .group         0x00000000        0x8 ./Generated_Code/Red.o
 .group         0x00000000        0x8 ./Generated_Code/Red.o
 .text          0x00000000        0x0 ./Generated_Code/Red.o
 .data          0x00000000        0x0 ./Generated_Code/Red.o
 .bss           0x00000000        0x0 ./Generated_Code/Red.o
 .debug_info    0x00000000       0x7d ./Generated_Code/Red.o
 .debug_abbrev  0x00000000       0x29 ./Generated_Code/Red.o
 .debug_aranges
                0x00000000       0x18 ./Generated_Code/Red.o
 .debug_macro   0x00000000       0xc6 ./Generated_Code/Red.o
 .debug_macro   0x00000000      0x84a ./Generated_Code/Red.o
 .debug_macro   0x00000000       0x16 ./Generated_Code/Red.o
 .debug_macro   0x00000000       0x44 ./Generated_Code/Red.o
 .debug_macro   0x00000000      0x209 ./Generated_Code/Red.o
 .debug_macro   0x00000000     0x1680 ./Generated_Code/Red.o
 .debug_macro   0x00000000      0x14e ./Generated_Code/Red.o
 .debug_macro   0x00000000       0x6a ./Generated_Code/Red.o
 .debug_macro   0x00000000     0x9b9f ./Generated_Code/Red.o
 .debug_macro   0x00000000       0x94 ./Generated_Code/Red.o
 .debug_macro   0x00000000      0x6a0 ./Generated_Code/Red.o
 .debug_macro   0x00000000       0x9a ./Generated_Code/Red.o
 .debug_macro   0x00000000       0x7b ./Generated_Code/Red.o
 .debug_macro   0x00000000       0x37 ./Generated_Code/Red.o
 .debug_macro   0x00000000       0x25 ./Generated_Code/Red.o
 .debug_line    0x00000000      0x24d ./Generated_Code/Red.o
 .debug_str     0x00000000    0x4840b ./Generated_Code/Red.o
 .comment       0x00000000       0x71 ./Generated_Code/Red.o
 .ARM.attributes
                0x00000000       0x33 ./Generated_Code/Red.o
 .group         0x00000000        0x8 ./Generated_Code/TU1.o
 .group         0x00000000        0x8 ./Generated_Code/TU1.o
 .group         0x00000000        0x8 ./Generated_Code/TU1.o
 .group         0x00000000        0x8 ./Generated_Code/TU1.o
 .group         0x00000000        0x8 ./Generated_Code/TU1.o
 .group         0x00000000        0x8 ./Generated_Code/TU1.o
 .group         0x00000000        0x8 ./Generated_Code/TU1.o
 .group         0x00000000        0x8 ./Generated_Code/TU1.o
 .group         0x00000000        0x8 ./Generated_Code/TU1.o
 .group         0x00000000        0x8 ./Generated_Code/TU1.o
 .group         0x00000000        0x8 ./Generated_Code/TU1.o
 .group         0x00000000        0x8 ./Generated_Code/TU1.o
 .text          0x00000000        0x0 ./Generated_Code/TU1.o
 .data          0x00000000        0x0 ./Generated_Code/TU1.o
 .bss           0x00000000        0x0 ./Generated_Code/TU1.o
 .text.TU1_GetCounterValue
                0x00000000       0x20 ./Generated_Code/TU1.o
 .text.TU1_GetOffsetTicks
                0x00000000       0x58 ./Generated_Code/TU1.o
 .text.TU1_SelectOutputAction
                0x00000000      0x210 ./Generated_Code/TU1.o
 .debug_macro   0x00000000      0x84a ./Generated_Code/TU1.o
 .debug_macro   0x00000000       0x16 ./Generated_Code/TU1.o
 .debug_macro   0x00000000       0x44 ./Generated_Code/TU1.o
 .debug_macro   0x00000000      0x209 ./Generated_Code/TU1.o
 .debug_macro   0x00000000     0x1680 ./Generated_Code/TU1.o
 .debug_macro   0x00000000      0x14e ./Generated_Code/TU1.o
 .debug_macro   0x00000000       0x6a ./Generated_Code/TU1.o
 .debug_macro   0x00000000     0x9b9f ./Generated_Code/TU1.o
 .debug_macro   0x00000000       0x94 ./Generated_Code/TU1.o
 .debug_macro   0x00000000      0x6a0 ./Generated_Code/TU1.o
 .debug_macro   0x00000000       0x9a ./Generated_Code/TU1.o
 .debug_macro   0x00000000       0x7b ./Generated_Code/TU1.o
 .group         0x00000000        0x8 ./Generated_Code/Vectors.o
 .group         0x00000000        0x8 ./Generated_Code/Vectors.o
 .group         0x00000000        0x8 ./Generated_Code/Vectors.o
 .group         0x00000000        0x8 ./Generated_Code/Vectors.o
 .group         0x00000000        0x8 ./Generated_Code/Vectors.o
 .group         0x00000000        0x8 ./Generated_Code/Vectors.o
 .group         0x00000000        0x8 ./Generated_Code/Vectors.o
 .group         0x00000000        0x8 ./Generated_Code/Vectors.o
 .group         0x00000000        0x8 ./Generated_Code/Vectors.o
 .group         0x00000000        0x8 ./Generated_Code/Vectors.o
 .group         0x00000000        0x8 ./Generated_Code/Vectors.o
 .group         0x00000000        0x8 ./Generated_Code/Vectors.o
 .group         0x00000000        0x8 ./Generated_Code/Vectors.o
 .group         0x00000000        0x8 ./Generated_Code/Vectors.o
 .group         0x00000000        0x8 ./Generated_Code/Vectors.o
 .group         0x00000000        0x8 ./Generated_Code/Vectors.o
 .group         0x00000000        0x8 ./Generated_Code/Vectors.o
 .group         0x00000000        0x8 ./Generated_Code/Vectors.o
 .group         0x00000000        0x8 ./Generated_Code/Vectors.o
 .group         0x00000000        0x8 ./Generated_Code/Vectors.o
 .group         0x00000000        0x8 ./Generated_Code/Vectors.o
 .group         0x00000000        0x8 ./Generated_Code/Vectors.o
 .text          0x00000000        0x0 ./Generated_Code/Vectors.o
 .data          0x00000000        0x0 ./Generated_Code/Vectors.o
 .bss           0x00000000        0x0 ./Generated_Code/Vectors.o
 .debug_macro   0x00000000      0x84a ./Generated_Code/Vectors.o
 .debug_macro   0x00000000       0x16 ./Generated_Code/Vectors.o
 .debug_macro   0x00000000       0x44 ./Generated_Code/Vectors.o
 .debug_macro   0x00000000      0x209 ./Generated_Code/Vectors.o
 .debug_macro   0x00000000     0x1680 ./Generated_Code/Vectors.o
 .debug_macro   0x00000000      0x14e ./Generated_Code/Vectors.o
 .debug_macro   0x00000000       0x6a ./Generated_Code/Vectors.o
 .debug_macro   0x00000000     0x9b9f ./Generated_Code/Vectors.o
 .debug_macro   0x00000000       0x94 ./Generated_Code/Vectors.o
 .debug_macro   0x00000000       0x11 ./Generated_Code/Vectors.o
 .debug_macro   0x00000000       0x94 ./Generated_Code/Vectors.o
 .debug_macro   0x00000000      0x6a0 ./Generated_Code/Vectors.o
 .debug_macro   0x00000000       0x7b ./Generated_Code/Vectors.o
 .debug_macro   0x00000000      0x132 ./Generated_Code/Vectors.o
 .debug_macro   0x00000000       0x2e ./Generated_Code/Vectors.o
 .debug_macro   0x00000000       0x46 ./Generated_Code/Vectors.o
 .debug_macro   0x00000000       0x1f ./Generated_Code/Vectors.o
 .debug_macro   0x00000000       0x3d ./Generated_Code/Vectors.o
 .debug_macro   0x00000000       0x25 ./Generated_Code/Vectors.o
 .debug_macro   0x00000000       0x3d ./Generated_Code/Vectors.o
 .debug_macro   0x00000000       0x25 ./Generated_Code/Vectors.o
 .text          0x00000000      0x21c c:/freescale/kds_v3/toolchain/bin/../lib/gcc/arm-none-eabi/4.8.4/armv7e-m\libgcc.a(_arm_addsubsf3.o)
 .data          0x00000000        0x0 c:/freescale/kds_v3/toolchain/bin/../lib/gcc/arm-none-eabi/4.8.4/armv7e-m\libgcc.a(_arm_addsubsf3.o)
 .bss           0x00000000        0x0 c:/freescale/kds_v3/toolchain/bin/../lib/gcc/arm-none-eabi/4.8.4/armv7e-m\libgcc.a(_arm_addsubsf3.o)
 .ARM.attributes
                0x00000000       0x1e c:/freescale/kds_v3/toolchain/bin/../lib/gcc/arm-none-eabi/4.8.4/armv7e-m\libgcc.a(_arm_addsubsf3.o)
 .text          0x00000000      0x2a0 c:/freescale/kds_v3/toolchain/bin/../lib/gcc/arm-none-eabi/4.8.4/armv7e-m\libgcc.a(_arm_muldivsf3.o)
 .data          0x00000000        0x0 c:/freescale/kds_v3/toolchain/bin/../lib/gcc/arm-none-eabi/4.8.4/armv7e-m\libgcc.a(_arm_muldivsf3.o)
 .bss           0x00000000        0x0 c:/freescale/kds_v3/toolchain/bin/../lib/gcc/arm-none-eabi/4.8.4/armv7e-m\libgcc.a(_arm_muldivsf3.o)
 .ARM.attributes
                0x00000000       0x1e c:/freescale/kds_v3/toolchain/bin/../lib/gcc/arm-none-eabi/4.8.4/armv7e-m\libgcc.a(_arm_muldivsf3.o)
 .text          0x00000000       0xec c:/freescale/kds_v3/toolchain/bin/../lib/gcc/arm-none-eabi/4.8.4/armv7e-m\libgcc.a(_arm_cmpsf2.o)
 .data          0x00000000        0x0 c:/freescale/kds_v3/toolchain/bin/../lib/gcc/arm-none-eabi/4.8.4/armv7e-m\libgcc.a(_arm_cmpsf2.o)
 .bss           0x00000000        0x0 c:/freescale/kds_v3/toolchain/bin/../lib/gcc/arm-none-eabi/4.8.4/armv7e-m\libgcc.a(_arm_cmpsf2.o)
 .ARM.attributes
                0x00000000       0x1e c:/freescale/kds_v3/toolchain/bin/../lib/gcc/arm-none-eabi/4.8.4/armv7e-m\libgcc.a(_arm_cmpsf2.o)
 .text          0x00000000       0x40 c:/freescale/kds_v3/toolchain/bin/../lib/gcc/arm-none-eabi/4.8.4/armv7e-m\libgcc.a(_arm_fixunssfsi.o)
 .data          0x00000000        0x0 c:/freescale/kds_v3/toolchain/bin/../lib/gcc/arm-none-eabi/4.8.4/armv7e-m\libgcc.a(_arm_fixunssfsi.o)
 .bss           0x00000000        0x0 c:/freescale/kds_v3/toolchain/bin/../lib/gcc/arm-none-eabi/4.8.4/armv7e-m\libgcc.a(_arm_fixunssfsi.o)
 .ARM.attributes
                0x00000000       0x1e c:/freescale/kds_v3/toolchain/bin/../lib/gcc/arm-none-eabi/4.8.4/armv7e-m\libgcc.a(_arm_fixunssfsi.o)
 .text          0x00000000        0x0 c:/freescale/kds_v3/toolchain/bin/../lib/gcc/arm-none-eabi/4.8.4/../../../../arm-none-eabi/lib/armv7e-m\libg_s.a(lib_a-exit.o)
 .data          0x00000000        0x0 c:/freescale/kds_v3/toolchain/bin/../lib/gcc/arm-none-eabi/4.8.4/../../../../arm-none-eabi/lib/armv7e-m\libg_s.a(lib_a-exit.o)
 .bss           0x00000000        0x0 c:/freescale/kds_v3/toolchain/bin/../lib/gcc/arm-none-eabi/4.8.4/../../../../arm-none-eabi/lib/armv7e-m\libg_s.a(lib_a-exit.o)
 .text          0x00000000        0x0 c:/freescale/kds_v3/toolchain/bin/../lib/gcc/arm-none-eabi/4.8.4/../../../../arm-none-eabi/lib/armv7e-m\libg_s.a(lib_a-impure.o)
 .data          0x00000000        0x0 c:/freescale/kds_v3/toolchain/bin/../lib/gcc/arm-none-eabi/4.8.4/../../../../arm-none-eabi/lib/armv7e-m\libg_s.a(lib_a-impure.o)
 .bss           0x00000000        0x0 c:/freescale/kds_v3/toolchain/bin/../lib/gcc/arm-none-eabi/4.8.4/../../../../arm-none-eabi/lib/armv7e-m\libg_s.a(lib_a-impure.o)
 .data._impure_ptr
                0x00000000        0x4 c:/freescale/kds_v3/toolchain/bin/../lib/gcc/arm-none-eabi/4.8.4/../../../../arm-none-eabi/lib/armv7e-m\libg_s.a(lib_a-impure.o)
 .text          0x00000000        0x0 c:/freescale/kds_v3/toolchain/bin/../lib/gcc/arm-none-eabi/4.8.4/../../../../arm-none-eabi/lib/armv7e-m\libg_s.a(lib_a-init.o)
 .data          0x00000000        0x0 c:/freescale/kds_v3/toolchain/bin/../lib/gcc/arm-none-eabi/4.8.4/../../../../arm-none-eabi/lib/armv7e-m\libg_s.a(lib_a-init.o)
 .bss           0x00000000        0x0 c:/freescale/kds_v3/toolchain/bin/../lib/gcc/arm-none-eabi/4.8.4/../../../../arm-none-eabi/lib/armv7e-m\libg_s.a(lib_a-init.o)
 .text          0x00000000        0x0 c:/freescale/kds_v3/toolchain/bin/../lib/gcc/arm-none-eabi/4.8.4/../../../../arm-none-eabi/lib/armv7e-m\libg_s.a(lib_a-memset.o)
 .data          0x00000000        0x0 c:/freescale/kds_v3/toolchain/bin/../lib/gcc/arm-none-eabi/4.8.4/../../../../arm-none-eabi/lib/armv7e-m\libg_s.a(lib_a-memset.o)
 .bss           0x00000000        0x0 c:/freescale/kds_v3/toolchain/bin/../lib/gcc/arm-none-eabi/4.8.4/../../../../arm-none-eabi/lib/armv7e-m\libg_s.a(lib_a-memset.o)
 .text          0x00000000        0x0 c:/freescale/kds_v3/toolchain/bin/../lib/gcc/arm-none-eabi/4.8.4/../../../../arm-none-eabi/lib/armv7e-m\libnosys.a(_exit.o)
 .data          0x00000000        0x0 c:/freescale/kds_v3/toolchain/bin/../lib/gcc/arm-none-eabi/4.8.4/../../../../arm-none-eabi/lib/armv7e-m\libnosys.a(_exit.o)
 .bss           0x00000000        0x0 c:/freescale/kds_v3/toolchain/bin/../lib/gcc/arm-none-eabi/4.8.4/../../../../arm-none-eabi/lib/armv7e-m\libnosys.a(_exit.o)
 .text          0x00000000        0x0 c:/freescale/kds_v3/toolchain/bin/../lib/gcc/arm-none-eabi/4.8.4/armv7e-m/crtend.o
 .data          0x00000000        0x0 c:/freescale/kds_v3/toolchain/bin/../lib/gcc/arm-none-eabi/4.8.4/armv7e-m/crtend.o
 .bss           0x00000000        0x0 c:/freescale/kds_v3/toolchain/bin/../lib/gcc/arm-none-eabi/4.8.4/armv7e-m/crtend.o
 .eh_frame      0x00000000        0x4 c:/freescale/kds_v3/toolchain/bin/../lib/gcc/arm-none-eabi/4.8.4/armv7e-m/crtend.o
 .jcr           0x00000000        0x4 c:/freescale/kds_v3/toolchain/bin/../lib/gcc/arm-none-eabi/4.8.4/armv7e-m/crtend.o
 .ARM.attributes
                0x00000000       0x2e c:/freescale/kds_v3/toolchain/bin/../lib/gcc/arm-none-eabi/4.8.4/armv7e-m/crtend.o
 .text          0x00000000        0x0 c:/freescale/kds_v3/toolchain/bin/../lib/gcc/arm-none-eabi/4.8.4/armv7e-m/crtn.o
 .data          0x00000000        0x0 c:/freescale/kds_v3/toolchain/bin/../lib/gcc/arm-none-eabi/4.8.4/armv7e-m/crtn.o
 .bss           0x00000000        0x0 c:/freescale/kds_v3/toolchain/bin/../lib/gcc/arm-none-eabi/4.8.4/armv7e-m/crtn.o

Memory Configuration

Name             Origin             Length             Attributes
m_interrupts     0x00000000         0x000000f8         xr
m_text           0x00000410         0x0001fbf0         xr
m_data           0x1fffe000         0x00002000         rw
m_data_20000000  0x20000000         0x00002000         rw
m_cfmprotrom     0x00000400         0x00000010         xr
*default*        0x00000000         0xffffffff

Linker script and memory map

LOAD c:/freescale/kds_v3/toolchain/bin/../lib/gcc/arm-none-eabi/4.8.4/armv7e-m/crti.o
LOAD c:/freescale/kds_v3/toolchain/bin/../lib/gcc/arm-none-eabi/4.8.4/armv7e-m/crtbegin.o
LOAD c:/freescale/kds_v3/toolchain/bin/../lib/gcc/arm-none-eabi/4.8.4/../../../../arm-none-eabi/lib/armv7e-m/crt0.o
LOAD ./Sources/Events.o
LOAD ./Sources/main.o
LOAD ./Project_Settings/Startup_Code/startup.o
LOAD ./Generated_Code/AS1.o
LOAD ./Generated_Code/ASerialLdd1.o
LOAD ./Generated_Code/BitIoLdd1.o
LOAD ./Generated_Code/BitIoLdd2.o
LOAD ./Generated_Code/Blue.o
LOAD ./Generated_Code/Cpu.o
LOAD ./Generated_Code/Green.o
LOAD ./Generated_Code/Input.o
LOAD ./Generated_Code/PE_LDD.o
LOAD ./Generated_Code/PwmLdd1.o
LOAD ./Generated_Code/PwmLdd2.o
LOAD ./Generated_Code/Red.o
LOAD ./Generated_Code/TU1.o
LOAD ./Generated_Code/Vectors.o
LOAD c:/freescale/kds_v3/toolchain/bin/../lib/gcc/arm-none-eabi/4.8.4/../../../../arm-none-eabi/lib/armv7e-m\libstdc++_s.a
LOAD c:/freescale/kds_v3/toolchain/bin/../lib/gcc/arm-none-eabi/4.8.4/../../../../arm-none-eabi/lib/armv7e-m\libm.a
START GROUP
LOAD c:/freescale/kds_v3/toolchain/bin/../lib/gcc/arm-none-eabi/4.8.4/armv7e-m\libgcc.a
LOAD c:/freescale/kds_v3/toolchain/bin/../lib/gcc/arm-none-eabi/4.8.4/../../../../arm-none-eabi/lib/armv7e-m\libg_s.a
LOAD c:/freescale/kds_v3/toolchain/bin/../lib/gcc/arm-none-eabi/4.8.4/../../../../arm-none-eabi/lib/armv7e-m\libc_s.a
END GROUP
START GROUP
LOAD c:/freescale/kds_v3/toolchain/bin/../lib/gcc/arm-none-eabi/4.8.4/armv7e-m\libgcc.a
LOAD c:/freescale/kds_v3/toolchain/bin/../lib/gcc/arm-none-eabi/4.8.4/../../../../arm-none-eabi/lib/armv7e-m\libc_s.a
LOAD c:/freescale/kds_v3/toolchain/bin/../lib/gcc/arm-none-eabi/4.8.4/../../../../arm-none-eabi/lib/armv7e-m\libnosys.a
END GROUP
START GROUP
LOAD c:/freescale/kds_v3/toolchain/bin/../lib/gcc/arm-none-eabi/4.8.4/armv7e-m\libgcc.a
LOAD c:/freescale/kds_v3/toolchain/bin/../lib/gcc/arm-none-eabi/4.8.4/../../../../arm-none-eabi/lib/armv7e-m\libc_s.a
LOAD c:/freescale/kds_v3/toolchain/bin/../lib/gcc/arm-none-eabi/4.8.4/../../../../arm-none-eabi/lib/armv7e-m\libnosys.a
END GROUP
LOAD c:/freescale/kds_v3/toolchain/bin/../lib/gcc/arm-none-eabi/4.8.4/armv7e-m/crtend.o
LOAD c:/freescale/kds_v3/toolchain/bin/../lib/gcc/arm-none-eabi/4.8.4/armv7e-m/crtn.o
                0x20000000                _estack = 0x20000000
                0x20000000                __SP_INIT = _estack
                0x20000000                __stack = _estack
                0x00000000                __heap_size = 0x0
                0x00000400                __stack_size = 0x400

.interrupts     0x00000000       0xf8
                0x00000000                __vector_table = .
                0x00000000                . = ALIGN (0x4)
 *(.vectortable)
 .vectortable   0x00000000       0xf8 ./Generated_Code/Vectors.o
                0x00000000                __vect_table
                0x000000f8                . = ALIGN (0x4)

.cfmprotect     0x00000400       0x10
                0x00000400                . = ALIGN (0x4)
 *(.cfmconfig)
 .cfmconfig     0x00000400       0x10 ./Generated_Code/Cpu.o
                0x00000400                _cfm
                0x00000410                . = ALIGN (0x4)

.text           0x00000410      0xecc
                0x00000410                . = ALIGN (0x4)
 *(.text)
 .text          0x00000410       0x54 c:/freescale/kds_v3/toolchain/bin/../lib/gcc/arm-none-eabi/4.8.4/armv7e-m/crtbegin.o
 .text          0x00000464       0x74 c:/freescale/kds_v3/toolchain/bin/../lib/gcc/arm-none-eabi/4.8.4/../../../../arm-none-eabi/lib/armv7e-m/crt0.o
                0x00000464                _start
                0x00000464                _mainCRTStartup
 *(.text*)
 .text.Cpu_OnNMIINT
                0x000004d8        0xc ./Sources/Events.o
                0x000004d8                Cpu_OnNMIINT
 .text.main     0x000004e4       0xe4 ./Sources/main.o
                0x000004e4                main
 .text.__copy_rom_section
                0x000005c8       0xe4 ./Project_Settings/Startup_Code/startup.o
                0x000005c8                __copy_rom_section
 .text.__copy_rom_sections_to_ram
                0x000006ac       0x9c ./Project_Settings/Startup_Code/startup.o
                0x000006ac                __copy_rom_sections_to_ram
 .text.__init_registers
                0x00000748        0xc ./Project_Settings/Startup_Code/startup.o
                0x00000748                __init_registers
 .text.__init_user
                0x00000754        0xc ./Project_Settings/Startup_Code/startup.o
                0x00000754                __init_user
 .text.__thumb_startup
                0x00000760       0x34 ./Project_Settings/Startup_Code/startup.o
                0x00000760                __thumb_startup
 .text.HWEnDi   0x00000794       0x1c ./Generated_Code/AS1.o
 .text.AS1_RecvChar
                0x000007b0       0x80 ./Generated_Code/AS1.o
                0x000007b0                AS1_RecvChar
 .text.AS1_Init
                0x00000830       0x24 ./Generated_Code/AS1.o
                0x00000830                AS1_Init
 .text.ASerialLdd1_OnBreak
                0x00000854       0x24 ./Generated_Code/AS1.o
                0x00000854                ASerialLdd1_OnBreak
 .text.ASerialLdd1_Init
                0x00000878      0x160 ./Generated_Code/ASerialLdd1.o
                0x00000878                ASerialLdd1_Init
 .text.ASerialLdd1_ReceiveBlock
                0x000009d8       0x48 ./Generated_Code/ASerialLdd1.o
                0x000009d8                ASerialLdd1_ReceiveBlock
 .text.ASerialLdd1_GetReceivedDataNum
                0x00000a20       0x1c ./Generated_Code/ASerialLdd1.o
                0x00000a20                ASerialLdd1_GetReceivedDataNum
 .text.InterruptRx
                0x00000a3c       0x50 ./Generated_Code/ASerialLdd1.o
 .text.InterruptTx
                0x00000a8c       0x60 ./Generated_Code/ASerialLdd1.o
 .text.ASerialLdd1_Main
                0x00000aec       0xd8 ./Generated_Code/ASerialLdd1.o
                0x00000aec                ASerialLdd1_Main
 .text.ASerialLdd1_GetError
                0x00000bc4       0x2c ./Generated_Code/ASerialLdd1.o
                0x00000bc4                ASerialLdd1_GetError
 .text.BitIoLdd1_Init
                0x00000bf0       0x58 ./Generated_Code/BitIoLdd1.o
                0x00000bf0                BitIoLdd1_Init
 .text.BitIoLdd2_Init
                0x00000c48       0x64 ./Generated_Code/BitIoLdd2.o
                0x00000c48                BitIoLdd2_Init
 .text.Cpu_INT_NMIInterrupt
                0x00000cac       0x1c ./Generated_Code/Cpu.o
                0x00000cac                Cpu_INT_NMIInterrupt
 .text.Cpu_Interrupt
                0x00000cc8       0x18 ./Generated_Code/Cpu.o
                0x00000cc8                Cpu_Interrupt
 .text.__init_hardware
                0x00000ce0      0x11c ./Generated_Code/Cpu.o
                0x00000ce0                __init_hardware
 .text.Cpu_SetBASEPRI
                0x00000dfc       0x18 ./Generated_Code/Cpu.o
                0x00000dfc                Cpu_SetBASEPRI
 .text.PE_low_level_init
                0x00000e14       0xc4 ./Generated_Code/Cpu.o
                0x00000e14                PE_low_level_init
 .text.PwmLdd1_Init
                0x00000ed8       0x58 ./Generated_Code/PwmLdd1.o
                0x00000ed8                PwmLdd1_Init
 .text.PwmLdd1_SetRatio16
                0x00000f30       0x28 ./Generated_Code/PwmLdd1.o
                0x00000f30                PwmLdd1_SetRatio16
 .text.SetRatio
                0x00000f58       0x54 ./Generated_Code/PwmLdd1.o
 .text.PwmLdd2_Init
                0x00000fac       0x58 ./Generated_Code/PwmLdd2.o
                0x00000fac                PwmLdd2_Init
 .text.PwmLdd2_SetRatio16
                0x00001004       0x28 ./Generated_Code/PwmLdd2.o
                0x00001004                PwmLdd2_SetRatio16
 .text.SetRatio
                0x0000102c       0x54 ./Generated_Code/PwmLdd2.o
 .text.TU1_Init
                0x00001080      0x128 ./Generated_Code/TU1.o
                0x00001080                TU1_Init
 .text.TU1_GetPeriodTicks
                0x000011a8       0x30 ./Generated_Code/TU1.o
                0x000011a8                TU1_GetPeriodTicks
 .text.TU1_SetOffsetTicks
                0x000011d8       0x54 ./Generated_Code/TU1.o
                0x000011d8                TU1_SetOffsetTicks
 .text.exit     0x0000122c       0x28 c:/freescale/kds_v3/toolchain/bin/../lib/gcc/arm-none-eabi/4.8.4/../../../../arm-none-eabi/lib/armv7e-m\libg_s.a(lib_a-exit.o)
                0x0000122c                exit
 .text.__libc_init_array
                0x00001254       0x4c c:/freescale/kds_v3/toolchain/bin/../lib/gcc/arm-none-eabi/4.8.4/../../../../arm-none-eabi/lib/armv7e-m\libg_s.a(lib_a-init.o)
                0x00001254                __libc_init_array
 .text.memset   0x000012a0       0x10 c:/freescale/kds_v3/toolchain/bin/../lib/gcc/arm-none-eabi/4.8.4/../../../../arm-none-eabi/lib/armv7e-m\libg_s.a(lib_a-memset.o)
                0x000012a0                memset
 .text._exit    0x000012b0        0x4 c:/freescale/kds_v3/toolchain/bin/../lib/gcc/arm-none-eabi/4.8.4/../../../../arm-none-eabi/lib/armv7e-m\libnosys.a(_exit.o)
                0x000012b0                _exit
 *(.rodata)
 *(.rodata*)
 .rodata.ChannelDevice
                0x000012b4        0x4 ./Generated_Code/TU1.o
 .rodata.ChannelMode
                0x000012b8        0x4 ./Generated_Code/TU1.o
 .rodata.str1.1
                0x000012bc        0x2 c:/freescale/kds_v3/toolchain/bin/../lib/gcc/arm-none-eabi/4.8.4/../../../../arm-none-eabi/lib/armv7e-m\libg_s.a(lib_a-impure.o)
 *fill*         0x000012be        0x2 
 .rodata._global_impure_ptr
                0x000012c0        0x4 c:/freescale/kds_v3/toolchain/bin/../lib/gcc/arm-none-eabi/4.8.4/../../../../arm-none-eabi/lib/armv7e-m\libg_s.a(lib_a-impure.o)
                0x000012c0                _global_impure_ptr
 *(.glue_7)
 .glue_7        0x00000000        0x0 linker stubs
 *(.glue_7t)
 .glue_7t       0x00000000        0x0 linker stubs
 *(.eh_frame)
 .eh_frame      0x000012c4        0x0 c:/freescale/kds_v3/toolchain/bin/../lib/gcc/arm-none-eabi/4.8.4/armv7e-m/crtbegin.o
 *(.init)
 .init          0x000012c4        0x4 c:/freescale/kds_v3/toolchain/bin/../lib/gcc/arm-none-eabi/4.8.4/armv7e-m/crti.o
                0x000012c4                _init
 .init          0x000012c8        0x8 c:/freescale/kds_v3/toolchain/bin/../lib/gcc/arm-none-eabi/4.8.4/armv7e-m/crtn.o
 *(.fini)
 .fini          0x000012d0        0x4 c:/freescale/kds_v3/toolchain/bin/../lib/gcc/arm-none-eabi/4.8.4/armv7e-m/crti.o
                0x000012d0                _fini
 .fini          0x000012d4        0x8 c:/freescale/kds_v3/toolchain/bin/../lib/gcc/arm-none-eabi/4.8.4/armv7e-m/crtn.o
                0x000012dc                . = ALIGN (0x4)
                0x000012dc                _etext = .

.vfp11_veneer   0x000012dc        0x0
 .vfp11_veneer  0x00000000        0x0 linker stubs

.v4_bx          0x000012dc        0x0
 .v4_bx         0x00000000        0x0 linker stubs

.iplt           0x000012dc        0x0
 .iplt          0x00000000        0x0 c:/freescale/kds_v3/toolchain/bin/../lib/gcc/arm-none-eabi/4.8.4/armv7e-m/crtbegin.o

.ARM.extab
 *(.ARM.extab* .gnu.linkonce.armextab.*)

.ARM            0x000012dc        0x8
                0x000012dc                __exidx_start = .
 *(.ARM.exidx*)
 .ARM.exidx     0x000012dc        0x8 c:/freescale/kds_v3/toolchain/bin/../lib/gcc/arm-none-eabi/4.8.4/../../../../arm-none-eabi/lib/armv7e-m/crt0.o
                0x000012e4                __exidx_end = .

.rel.dyn        0x000012e4        0x0
 .rel.iplt      0x00000000        0x0 c:/freescale/kds_v3/toolchain/bin/../lib/gcc/arm-none-eabi/4.8.4/armv7e-m/crtbegin.o

.ctors          0x000012e4        0x0
                0x000012e4                __CTOR_LIST__ = .
 *crtbegin.o(.ctors)
 *(EXCLUDE_FILE(*crtend.o) .ctors)
 *(SORT(.ctors.*))
 *(.ctors)
                0x000012e4                __CTOR_END__ = .

.dtors          0x000012e4        0x0
                0x000012e4                __DTOR_LIST__ = .
 *crtbegin.o(.dtors)
 *(EXCLUDE_FILE(*crtend.o) .dtors)
 *(SORT(.dtors.*))
 *(.dtors)
                0x000012e4                __DTOR_END__ = .

.preinit_array  0x000012e4        0x0
                0x000012e4                PROVIDE (__preinit_array_start, .)
 *(.preinit_array*)
                0x000012e4                PROVIDE (__preinit_array_end, .)

.init_array     0x000012e4        0x4
                0x000012e4                PROVIDE (__init_array_start, .)
 *(SORT(.init_array.*))
 *(.init_array*)
 .init_array    0x000012e4        0x4 c:/freescale/kds_v3/toolchain/bin/../lib/gcc/arm-none-eabi/4.8.4/armv7e-m/crtbegin.o
                0x000012e8                PROVIDE (__init_array_end, .)

.fini_array     0x000012e8        0x4
                0x000012e8                PROVIDE (__fini_array_start, .)
 *(SORT(.fini_array.*))
 *(.fini_array*)
 .fini_array    0x000012e8        0x4 c:/freescale/kds_v3/toolchain/bin/../lib/gcc/arm-none-eabi/4.8.4/armv7e-m/crtbegin.o
                0x000012ec                PROVIDE (__fini_array_end, .)
                0x000012ec                ___ROM_AT = .

.data           0x1fffe000       0x60 load address 0x000012ec
                0x1fffe000                . = ALIGN (0x4)
                0x1fffe000                _sdata = .
 *(.data)
 *(.data*)
 .data.impure_data
                0x1fffe000       0x60 c:/freescale/kds_v3/toolchain/bin/../lib/gcc/arm-none-eabi/4.8.4/../../../../arm-none-eabi/lib/armv7e-m\libg_s.a(lib_a-impure.o)
                0x1fffe060                . = ALIGN (0x4)
                0x1fffe060                _edata = .
                0x00000060                ___data_size = (_edata - _sdata)
                0x0000134c                ___m_data_20000000_ROMStart = (___ROM_AT + SIZEOF (.data))

.jcr            0x1fffe060        0x0 load address 0x0000134c
 .jcr           0x1fffe060        0x0 c:/freescale/kds_v3/toolchain/bin/../lib/gcc/arm-none-eabi/4.8.4/armv7e-m/crtbegin.o

.igot.plt       0x1fffe060        0x0 load address 0x0000134c
 .igot.plt      0x00000000        0x0 c:/freescale/kds_v3/toolchain/bin/../lib/gcc/arm-none-eabi/4.8.4/armv7e-m/crtbegin.o

.m_data_20000000
                0x20000000        0x0 load address 0x0000134c
                0x20000000                . = ALIGN (0x4)
                0x20000000                ___m_data_20000000_RAMStart = .
 *(.m_data_20000000)
                0x20000000                ___m_data_20000000_RAMEnd = .
                0x20000000                . = ALIGN (0x4)
                0x00000000                ___m_data_20000000_ROMSize = (___m_data_20000000_RAMEnd - ___m_data_20000000_RAMStart)
                0x20000000                . = ALIGN (0x4)

.bss            0x1fffe060       0x90 load address 0x0000134c
                0x1fffe060                __START_BSS = .
                0x1fffe060                PROVIDE (__bss_start__, __START_BSS)
 *(.bss)
 .bss           0x1fffe060       0x1c c:/freescale/kds_v3/toolchain/bin/../lib/gcc/arm-none-eabi/4.8.4/armv7e-m/crtbegin.o
 *(.bss*)
 .bss.Red_duty  0x1fffe07c        0x4 ./Sources/main.o
                0x1fffe07c                Red_duty
 .bss.Green_duty
                0x1fffe080        0x4 ./Sources/main.o
                0x1fffe080                Green_duty
 .bss.SerFlag   0x1fffe084        0x2 ./Generated_Code/AS1.o
 .bss.BufferRead
                0x1fffe086        0x1 ./Generated_Code/AS1.o
 *fill*         0x1fffe087        0x1 
 .bss.DeviceDataPrv__DEFAULT_RTOS_ALLOC
                0x1fffe088       0x20 ./Generated_Code/ASerialLdd1.o
 .bss.DeviceDataPrv__DEFAULT_RTOS_ALLOC
                0x1fffe0a8        0x4 ./Generated_Code/BitIoLdd1.o
 .bss.DeviceDataPrv__DEFAULT_RTOS_ALLOC
                0x1fffe0ac        0x4 ./Generated_Code/BitIoLdd2.o
 .bss.PE_LDD_DeviceDataList
                0x1fffe0b0       0x18 ./Generated_Code/PE_LDD.o
                0x1fffe0b0                PE_LDD_DeviceDataList
 .bss.DeviceDataPrv__DEFAULT_RTOS_ALLOC
                0x1fffe0c8        0xc ./Generated_Code/PwmLdd1.o
 .bss.DeviceDataPrv__DEFAULT_RTOS_ALLOC
                0x1fffe0d4        0xc ./Generated_Code/PwmLdd2.o
 .bss.DeviceDataPrv__DEFAULT_RTOS_ALLOC
                0x1fffe0e0        0x8 ./Generated_Code/TU1.o
 *(COMMON)
 COMMON         0x1fffe0e8        0x1 ./Sources/main.o
                0x1fffe0e8                c
 *fill*         0x1fffe0e9        0x3 
 COMMON         0x1fffe0ec        0x4 ./Generated_Code/AS1.o
                0x1fffe0ec                ASerialLdd1_DeviceDataPtr
                0x1fffe0f0                . = ALIGN (0x4)
                0x1fffe0f0                __END_BSS = .
                0x1fffe0f0                PROVIDE (__bss_end__, __END_BSS)
                0x0000134c                _romp_at = ((___ROM_AT + SIZEOF (.data)) + SIZEOF (.m_data_20000000))

.romp           0x1fffe0f0       0x24 load address 0x0000134c
                0x0000134c                __S_romp = _romp_at
                0x1fffe0f0        0x4 LONG 0x12ec ___ROM_AT
                0x1fffe0f4        0x4 LONG 0x1fffe000 _sdata
                0x1fffe0f8        0x4 LONG 0x60 ___data_size
                0x1fffe0fc        0x4 LONG 0x134c ___m_data_20000000_ROMStart
                0x1fffe100        0x4 LONG 0x20000000 ___m_data_20000000_RAMStart
                0x1fffe104        0x4 LONG 0x0 ___m_data_20000000_ROMSize
                0x1fffe108        0x4 LONG 0x0
                0x1fffe10c        0x4 LONG 0x0
                0x1fffe110        0x4 LONG 0x0
                0x00020000                text_end = (ORIGIN (m_text) + 0x1fbf0)
                0x00001370                data_init_end = ((___m_data_20000000_ROMStart + SIZEOF (.m_data_20000000)) + SIZEOF (.romp))
                0x00000001                ASSERT ((data_init_end <= text_end), region m_text overflowed with text and data)

._user_heap_stack
                0x1fffe114      0x400 load address 0x00001370
                0x1fffe114                . = ALIGN (0x4)
                0x1fffe114                PROVIDE (end, .)
                0x1fffe114                PROVIDE (_end, .)
                0x1fffe114                PROVIDE (__end__, .)
                0x1fffe114                __heap_addr = .
                0x1fffe114                __HeapBase = .
                0x1fffe114                . = (. + __heap_size)
                0x1fffe114                __HeapLimit = .
                0x1fffe514                . = (. + __stack_size)
 *fill*         0x1fffe114      0x400 
                0x1fffe514                . = ALIGN (0x4)

.ARM.attributes
                0x00000000       0x2a
 *(.ARM.attributes)
 .ARM.attributes
                0x00000000       0x1e c:/freescale/kds_v3/toolchain/bin/../lib/gcc/arm-none-eabi/4.8.4/armv7e-m/crti.o
 .ARM.attributes
                0x0000001e       0x2e c:/freescale/kds_v3/toolchain/bin/../lib/gcc/arm-none-eabi/4.8.4/armv7e-m/crtbegin.o
 .ARM.attributes
                0x0000004c       0x1c c:/freescale/kds_v3/toolchain/bin/../lib/gcc/arm-none-eabi/4.8.4/../../../../arm-none-eabi/lib/armv7e-m/crt0.o
 .ARM.attributes
                0x00000068       0x33 ./Sources/Events.o
 .ARM.attributes
                0x0000009b       0x33 ./Sources/main.o
 .ARM.attributes
                0x000000ce       0x33 ./Project_Settings/Startup_Code/startup.o
 .ARM.attributes
                0x00000101       0x33 ./Generated_Code/AS1.o
 .ARM.attributes
                0x00000134       0x33 ./Generated_Code/ASerialLdd1.o
 .ARM.attributes
                0x00000167       0x33 ./Generated_Code/BitIoLdd1.o
 .ARM.attributes
                0x0000019a       0x33 ./Generated_Code/BitIoLdd2.o
 .ARM.attributes
                0x000001cd       0x33 ./Generated_Code/Cpu.o
 .ARM.attributes
                0x00000200       0x33 ./Generated_Code/PE_LDD.o
 .ARM.attributes
                0x00000233       0x33 ./Generated_Code/PwmLdd1.o
 .ARM.attributes
                0x00000266       0x33 ./Generated_Code/PwmLdd2.o
 .ARM.attributes
                0x00000299       0x33 ./Generated_Code/TU1.o
 .ARM.attributes
                0x000002cc       0x33 ./Generated_Code/Vectors.o
 .ARM.attributes
                0x000002ff       0x2e c:/freescale/kds_v3/toolchain/bin/../lib/gcc/arm-none-eabi/4.8.4/../../../../arm-none-eabi/lib/armv7e-m\libg_s.a(lib_a-exit.o)
 .ARM.attributes
                0x0000032d       0x2e c:/freescale/kds_v3/toolchain/bin/../lib/gcc/arm-none-eabi/4.8.4/../../../../arm-none-eabi/lib/armv7e-m\libg_s.a(lib_a-impure.o)
 .ARM.attributes
                0x0000035b       0x2e c:/freescale/kds_v3/toolchain/bin/../lib/gcc/arm-none-eabi/4.8.4/../../../../arm-none-eabi/lib/armv7e-m\libg_s.a(lib_a-init.o)
 .ARM.attributes
                0x00000389       0x2e c:/freescale/kds_v3/toolchain/bin/../lib/gcc/arm-none-eabi/4.8.4/../../../../arm-none-eabi/lib/armv7e-m\libg_s.a(lib_a-memset.o)
 .ARM.attributes
                0x000003b7       0x2e c:/freescale/kds_v3/toolchain/bin/../lib/gcc/arm-none-eabi/4.8.4/../../../../arm-none-eabi/lib/armv7e-m\libnosys.a(_exit.o)
 .ARM.attributes
                0x000003e5       0x1e c:/freescale/kds_v3/toolchain/bin/../lib/gcc/arm-none-eabi/4.8.4/armv7e-m/crtn.o
OUTPUT(Lab 5.elf elf32-littlearm)

.debug_info     0x00000000     0x2fbc
 .debug_info    0x00000000       0x96 ./Sources/Events.o
 .debug_info    0x00000096      0x104 ./Sources/main.o
 .debug_info    0x0000019a      0x20a ./Project_Settings/Startup_Code/startup.o
 .debug_info    0x000003a4      0x222 ./Generated_Code/AS1.o
 .debug_info    0x000005c6      0x976 ./Generated_Code/ASerialLdd1.o
 .debug_info    0x00000f3c      0x2d7 ./Generated_Code/BitIoLdd1.o
 .debug_info    0x00001213      0x351 ./Generated_Code/BitIoLdd2.o
 .debug_info    0x00001564      0x9e9 ./Generated_Code/Cpu.o
 .debug_info    0x00001f4d      0x251 ./Generated_Code/PE_LDD.o
 .debug_info    0x0000219e      0x2d4 ./Generated_Code/PwmLdd1.o
 .debug_info    0x00002472      0x2d4 ./Generated_Code/PwmLdd2.o
 .debug_info    0x00002746      0x768 ./Generated_Code/TU1.o
 .debug_info    0x00002eae      0x10e ./Generated_Code/Vectors.o

.debug_abbrev   0x00000000      0xe2e
 .debug_abbrev  0x00000000       0x45 ./Sources/Events.o
 .debug_abbrev  0x00000045       0xa9 ./Sources/main.o
 .debug_abbrev  0x000000ee      0x11e ./Project_Settings/Startup_Code/startup.o
 .debug_abbrev  0x0000020c      0x117 ./Generated_Code/AS1.o
 .debug_abbrev  0x00000323      0x1c3 ./Generated_Code/ASerialLdd1.o
 .debug_abbrev  0x000004e6      0x10d ./Generated_Code/BitIoLdd1.o
 .debug_abbrev  0x000005f3      0x136 ./Generated_Code/BitIoLdd2.o
 .debug_abbrev  0x00000729      0x178 ./Generated_Code/Cpu.o
 .debug_abbrev  0x000008a1      0x10d ./Generated_Code/PE_LDD.o
 .debug_abbrev  0x000009ae      0x122 ./Generated_Code/PwmLdd1.o
 .debug_abbrev  0x00000ad0      0x122 ./Generated_Code/PwmLdd2.o
 .debug_abbrev  0x00000bf2      0x198 ./Generated_Code/TU1.o
 .debug_abbrev  0x00000d8a       0xa4 ./Generated_Code/Vectors.o

.debug_aranges  0x00000000      0x2f8
 .debug_aranges
                0x00000000       0x20 ./Sources/Events.o
 .debug_aranges
                0x00000020       0x20 ./Sources/main.o
 .debug_aranges
                0x00000040       0x50 ./Project_Settings/Startup_Code/startup.o
 .debug_aranges
                0x00000090       0x50 ./Generated_Code/AS1.o
 .debug_aranges
                0x000000e0       0x60 ./Generated_Code/ASerialLdd1.o
 .debug_aranges
                0x00000140       0x28 ./Generated_Code/BitIoLdd1.o
 .debug_aranges
                0x00000168       0x40 ./Generated_Code/BitIoLdd2.o
 .debug_aranges
                0x000001a8       0x40 ./Generated_Code/Cpu.o
 .debug_aranges
                0x000001e8       0x30 ./Generated_Code/PE_LDD.o
 .debug_aranges
                0x00000218       0x40 ./Generated_Code/PwmLdd1.o
 .debug_aranges
                0x00000258       0x40 ./Generated_Code/PwmLdd2.o
 .debug_aranges
                0x00000298       0x48 ./Generated_Code/TU1.o
 .debug_aranges
                0x000002e0       0x18 ./Generated_Code/Vectors.o

.debug_ranges   0x00000000      0x220
 .debug_ranges  0x00000000       0x10 ./Sources/Events.o
 .debug_ranges  0x00000010       0x10 ./Sources/main.o
 .debug_ranges  0x00000020       0x40 ./Project_Settings/Startup_Code/startup.o
 .debug_ranges  0x00000060       0x40 ./Generated_Code/AS1.o
 .debug_ranges  0x000000a0       0x50 ./Generated_Code/ASerialLdd1.o
 .debug_ranges  0x000000f0       0x18 ./Generated_Code/BitIoLdd1.o
 .debug_ranges  0x00000108       0x30 ./Generated_Code/BitIoLdd2.o
 .debug_ranges  0x00000138       0x30 ./Generated_Code/Cpu.o
 .debug_ranges  0x00000168       0x20 ./Generated_Code/PE_LDD.o
 .debug_ranges  0x00000188       0x30 ./Generated_Code/PwmLdd1.o
 .debug_ranges  0x000001b8       0x30 ./Generated_Code/PwmLdd2.o
 .debug_ranges  0x000001e8       0x38 ./Generated_Code/TU1.o

.debug_macro    0x00000000    0x1912f
 .debug_macro   0x00000000      0x177 ./Sources/Events.o
 .debug_macro   0x00000177      0x84a ./Sources/Events.o
 .debug_macro   0x000009c1       0x16 ./Sources/Events.o
 .debug_macro   0x000009d7       0x44 ./Sources/Events.o
 .debug_macro   0x00000a1b      0x209 ./Sources/Events.o
 .debug_macro   0x00000c24     0x1680 ./Sources/Events.o
 .debug_macro   0x000022a4      0x14e ./Sources/Events.o
 .debug_macro   0x000023f2       0x6a ./Sources/Events.o
 .debug_macro   0x0000245c     0x9b9f ./Sources/Events.o
 .debug_macro   0x0000bffb       0x94 ./Sources/Events.o
 .debug_macro   0x0000c08f       0x5f ./Sources/Events.o
 .debug_macro   0x0000c0ee       0x11 ./Sources/Events.o
 .debug_macro   0x0000c0ff       0x94 ./Sources/Events.o
 .debug_macro   0x0000c193      0x6a0 ./Sources/Events.o
 .debug_macro   0x0000c833       0x7b ./Sources/Events.o
 .debug_macro   0x0000c8ae      0x132 ./Sources/Events.o
 .debug_macro   0x0000c9e0       0x2e ./Sources/Events.o
 .debug_macro   0x0000ca0e       0x46 ./Sources/Events.o
 .debug_macro   0x0000ca54       0x1f ./Sources/Events.o
 .debug_macro   0x0000ca73       0x37 ./Sources/Events.o
 .debug_macro   0x0000caaa       0x25 ./Sources/Events.o
 .debug_macro   0x0000cacf       0x3d ./Sources/Events.o
 .debug_macro   0x0000cb0c       0x25 ./Sources/Events.o
 .debug_macro   0x0000cb31      0x177 ./Sources/main.o
 .debug_macro   0x0000cca8      0x121 ./Project_Settings/Startup_Code/startup.o
 .debug_macro   0x0000cdc9       0x58 ./Project_Settings/Startup_Code/startup.o
 .debug_macro   0x0000ce21       0x35 ./Project_Settings/Startup_Code/startup.o
 .debug_macro   0x0000ce56       0xa3 ./Project_Settings/Startup_Code/startup.o
 .debug_macro   0x0000cef9      0x166 ./Project_Settings/Startup_Code/startup.o
 .debug_macro   0x0000d05f       0x4a ./Project_Settings/Startup_Code/startup.o
 .debug_macro   0x0000d0a9       0x52 ./Project_Settings/Startup_Code/startup.o
 .debug_macro   0x0000d0fb       0x16 ./Project_Settings/Startup_Code/startup.o
 .debug_macro   0x0000d111       0x43 ./Project_Settings/Startup_Code/startup.o
 .debug_macro   0x0000d154      0x180 ./Project_Settings/Startup_Code/startup.o
 .debug_macro   0x0000d2d4      0x2a6 ./Project_Settings/Startup_Code/startup.o
 .debug_macro   0x0000d57a       0x10 ./Project_Settings/Startup_Code/startup.o
 .debug_macro   0x0000d58a       0x35 ./Project_Settings/Startup_Code/startup.o
 .debug_macro   0x0000d5bf       0x16 ./Project_Settings/Startup_Code/startup.o
 .debug_macro   0x0000d5d5       0x22 ./Project_Settings/Startup_Code/startup.o
 .debug_macro   0x0000d5f7       0x10 ./Project_Settings/Startup_Code/startup.o
 .debug_macro   0x0000d607      0x20f ./Project_Settings/Startup_Code/startup.o
 .debug_macro   0x0000d816     0x9b93 ./Project_Settings/Startup_Code/startup.o
 .debug_macro   0x000173a9       0xdf ./Generated_Code/AS1.o
 .debug_macro   0x00017488       0xc5 ./Generated_Code/ASerialLdd1.o
 .debug_macro   0x0001754d       0x17 ./Generated_Code/ASerialLdd1.o
 .debug_macro   0x00017564      0x7ab ./Generated_Code/ASerialLdd1.o
 .debug_macro   0x00017d0f      0x9b1 ./Generated_Code/ASerialLdd1.o
 .debug_macro   0x000186c0       0xa6 ./Generated_Code/BitIoLdd1.o
 .debug_macro   0x00018766      0x12c ./Generated_Code/BitIoLdd1.o
 .debug_macro   0x00018892       0x9a ./Generated_Code/BitIoLdd1.o
 .debug_macro   0x0001892c       0xa6 ./Generated_Code/BitIoLdd2.o
 .debug_macro   0x000189d2       0x40 ./Generated_Code/BitIoLdd2.o
 .debug_macro   0x00018a12      0x188 ./Generated_Code/Cpu.o
 .debug_macro   0x00018b9a       0x3d ./Generated_Code/Cpu.o
 .debug_macro   0x00018bd7      0x145 ./Generated_Code/PE_LDD.o
 .debug_macro   0x00018d1c       0xbd ./Generated_Code/PwmLdd1.o
 .debug_macro   0x00018dd9       0xbd ./Generated_Code/PwmLdd2.o
 .debug_macro   0x00018e96       0xb9 ./Generated_Code/TU1.o
 .debug_macro   0x00018f4f      0x17b ./Generated_Code/Vectors.o
 .debug_macro   0x000190ca       0x65 ./Generated_Code/Vectors.o

.debug_line     0x00000000     0x28cb
 .debug_line    0x00000000      0x30b ./Sources/Events.o
 .debug_line    0x0000030b      0x31d ./Sources/main.o
 .debug_line    0x00000628      0x3b7 ./Project_Settings/Startup_Code/startup.o
 .debug_line    0x000009df      0x28b ./Generated_Code/AS1.o
 .debug_line    0x00000c6a      0x35b ./Generated_Code/ASerialLdd1.o
 .debug_line    0x00000fc5      0x26e ./Generated_Code/BitIoLdd1.o
 .debug_line    0x00001233      0x2a7 ./Generated_Code/BitIoLdd2.o
 .debug_line    0x000014da      0x46f ./Generated_Code/Cpu.o
 .debug_line    0x00001949      0x319 ./Generated_Code/PE_LDD.o
 .debug_line    0x00001c62      0x2c3 ./Generated_Code/PwmLdd1.o
 .debug_line    0x00001f25      0x2c3 ./Generated_Code/PwmLdd2.o
 .debug_line    0x000021e8      0x2fa ./Generated_Code/TU1.o
 .debug_line    0x000024e2      0x3e9 ./Generated_Code/Vectors.o

.debug_str      0x00000000    0x5ab61
 .debug_str     0x00000000    0x49377 ./Sources/Events.o
                              0x494c7 (size before relaxing)
 .debug_str     0x00049377       0x63 ./Sources/main.o
                              0x49509 (size before relaxing)
 .debug_str     0x000493da     0x25f6 ./Project_Settings/Startup_Code/startup.o
                              0x3a1cc (size before relaxing)
 .debug_str     0x0004b9d0      0x1c3 ./Generated_Code/AS1.o
                              0x3f17b (size before relaxing)
 .debug_str     0x0004bb93     0xe6a7 ./Generated_Code/ASerialLdd1.o
                              0x4dc10 (size before relaxing)
 .debug_str     0x0005a23a       0xb4 ./Generated_Code/BitIoLdd1.o
                              0x3fdab (size before relaxing)
 .debug_str     0x0005a2ee       0xa0 ./Generated_Code/BitIoLdd2.o
                              0x3fe41 (size before relaxing)
 .debug_str     0x0005a38e      0x293 ./Generated_Code/Cpu.o
                              0x49884 (size before relaxing)
 .debug_str     0x0005a621      0x17e ./Generated_Code/PE_LDD.o
                              0x4967c (size before relaxing)
 .debug_str     0x0005a79f       0xdd ./Generated_Code/PwmLdd1.o
                              0x48466 (size before relaxing)
 .debug_str     0x0005a87c       0x74 ./Generated_Code/PwmLdd2.o
                              0x48466 (size before relaxing)
 .debug_str     0x0005a8f0      0x255 ./Generated_Code/TU1.o
                              0x485a1 (size before relaxing)
 .debug_str     0x0005ab45       0x1c ./Generated_Code/Vectors.o
                              0x4950f (size before relaxing)

.comment        0x00000000       0x70
 .comment       0x00000000       0x70 ./Sources/Events.o
                                 0x71 (size before relaxing)
 .comment       0x00000000       0x71 ./Sources/main.o
 .comment       0x00000000       0x71 ./Project_Settings/Startup_Code/startup.o
 .comment       0x00000000       0x71 ./Generated_Code/AS1.o
 .comment       0x00000000       0x71 ./Generated_Code/ASerialLdd1.o
 .comment       0x00000000       0x71 ./Generated_Code/BitIoLdd1.o
 .comment       0x00000000       0x71 ./Generated_Code/BitIoLdd2.o
 .comment       0x00000000       0x71 ./Generated_Code/Cpu.o
 .comment       0x00000000       0x71 ./Generated_Code/PE_LDD.o
 .comment       0x00000000       0x71 ./Generated_Code/PwmLdd1.o
 .comment       0x00000000       0x71 ./Generated_Code/PwmLdd2.o
 .comment       0x00000000       0x71 ./Generated_Code/TU1.o
 .comment       0x00000000       0x71 ./Generated_Code/Vectors.o

.debug_frame    0x00000000      0x7a8
 .debug_frame   0x00000000       0x28 ./Sources/Events.o
 .debug_frame   0x00000028       0x2c ./Sources/main.o
 .debug_frame   0x00000054       0xc0 ./Project_Settings/Startup_Code/startup.o
 .debug_frame   0x00000114       0xdc ./Generated_Code/AS1.o
 .debug_frame   0x000001f0      0x11c ./Generated_Code/ASerialLdd1.o
 .debug_frame   0x0000030c       0x48 ./Generated_Code/BitIoLdd1.o
 .debug_frame   0x00000354       0x9c ./Generated_Code/BitIoLdd2.o
 .debug_frame   0x000003f0       0xa4 ./Generated_Code/Cpu.o
 .debug_frame   0x00000494       0x64 ./Generated_Code/PE_LDD.o
 .debug_frame   0x000004f8       0xb0 ./Generated_Code/PwmLdd1.o
 .debug_frame   0x000005a8       0xb0 ./Generated_Code/PwmLdd2.o
 .debug_frame   0x00000658       0xbc ./Generated_Code/TU1.o
 .debug_frame   0x00000714       0x28 c:/freescale/kds_v3/toolchain/bin/../lib/gcc/arm-none-eabi/4.8.4/../../../../arm-none-eabi/lib/armv7e-m\libg_s.a(lib_a-exit.o)
 .debug_frame   0x0000073c       0x2c c:/freescale/kds_v3/toolchain/bin/../lib/gcc/arm-none-eabi/4.8.4/../../../../arm-none-eabi/lib/armv7e-m\libg_s.a(lib_a-init.o)
 .debug_frame   0x00000768       0x20 c:/freescale/kds_v3/toolchain/bin/../lib/gcc/arm-none-eabi/4.8.4/../../../../arm-none-eabi/lib/armv7e-m\libg_s.a(lib_a-memset.o)
 .debug_frame   0x00000788       0x20 c:/freescale/kds_v3/toolchain/bin/../lib/gcc/arm-none-eabi/4.8.4/../../../../arm-none-eabi/lib/armv7e-m\libnosys.a(_exit.o)
