Archive member included because of file (symbol)

c:/freescale/kds_v3/toolchain/bin/../lib/gcc/arm-none-eabi/4.8.4/../../../../arm-none-eabi/lib/armv7e-m\libg_s.a(lib_a-exit.o)
                              c:/freescale/kds_v3/toolchain/bin/../lib/gcc/arm-none-eabi/4.8.4/../../../../arm-none-eabi/lib/armv7e-m/crt0.o (exit)
c:/freescale/kds_v3/toolchain/bin/../lib/gcc/arm-none-eabi/4.8.4/../../../../arm-none-eabi/lib/armv7e-m\libg_s.a(lib_a-impure.o)
                              c:/freescale/kds_v3/toolchain/bin/../lib/gcc/arm-none-eabi/4.8.4/../../../../arm-none-eabi/lib/armv7e-m\libg_s.a(lib_a-exit.o) (_global_impure_ptr)
c:/freescale/kds_v3/toolchain/bin/../lib/gcc/arm-none-eabi/4.8.4/../../../../arm-none-eabi/lib/armv7e-m\libg_s.a(lib_a-init.o)
                              c:/freescale/kds_v3/toolchain/bin/../lib/gcc/arm-none-eabi/4.8.4/../../../../arm-none-eabi/lib/armv7e-m/crt0.o (__libc_init_array)
c:/freescale/kds_v3/toolchain/bin/../lib/gcc/arm-none-eabi/4.8.4/../../../../arm-none-eabi/lib/armv7e-m\libg_s.a(lib_a-memset.o)
                              c:/freescale/kds_v3/toolchain/bin/../lib/gcc/arm-none-eabi/4.8.4/../../../../arm-none-eabi/lib/armv7e-m/crt0.o (memset)
c:/freescale/kds_v3/toolchain/bin/../lib/gcc/arm-none-eabi/4.8.4/../../../../arm-none-eabi/lib/armv7e-m\libg_s.a(lib_a-strlen.o)
                              ./Sources/main.o (strlen)
c:/freescale/kds_v3/toolchain/bin/../lib/gcc/arm-none-eabi/4.8.4/../../../../arm-none-eabi/lib/armv7e-m\libnosys.a(_exit.o)
                              c:/freescale/kds_v3/toolchain/bin/../lib/gcc/arm-none-eabi/4.8.4/../../../../arm-none-eabi/lib/armv7e-m\libg_s.a(lib_a-exit.o) (_exit)

Allocating common symbols
Common symbol       size              file

ASerialLdd1_DeviceDataPtr
                    0x4               ./Generated_Code/AS1.o
c                   0x1               ./Sources/main.o
SR_reg              0x1               ./Generated_Code/Cpu.o

Discarded input sections

 .text          0x00000000        0x0 c:/freescale/kds_v3/toolchain/bin/../lib/gcc/arm-none-eabi/4.8.4/armv7e-m/crti.o
 .data          0x00000000        0x0 c:/freescale/kds_v3/toolchain/bin/../lib/gcc/arm-none-eabi/4.8.4/armv7e-m/crti.o
 .bss           0x00000000        0x0 c:/freescale/kds_v3/toolchain/bin/../lib/gcc/arm-none-eabi/4.8.4/armv7e-m/crti.o
 .data          0x00000000        0x4 c:/freescale/kds_v3/toolchain/bin/../lib/gcc/arm-none-eabi/4.8.4/armv7e-m/crtbegin.o
 .data          0x00000000        0x0 c:/freescale/kds_v3/toolchain/bin/../lib/gcc/arm-none-eabi/4.8.4/../../../../arm-none-eabi/lib/armv7e-m/crt0.o
 .bss           0x00000000        0x0 c:/freescale/kds_v3/toolchain/bin/../lib/gcc/arm-none-eabi/4.8.4/../../../../arm-none-eabi/lib/armv7e-m/crt0.o
 .ARM.extab     0x00000000        0x0 c:/freescale/kds_v3/toolchain/bin/../lib/gcc/arm-none-eabi/4.8.4/../../../../arm-none-eabi/lib/armv7e-m/crt0.o
 .group         0x00000000        0x8 ./Sources/Events.o
 .group         0x00000000        0x8 ./Sources/Events.o
 .group         0x00000000        0x8 ./Sources/Events.o
 .group         0x00000000        0x8 ./Sources/Events.o
 .group         0x00000000        0x8 ./Sources/Events.o
 .group         0x00000000        0x8 ./Sources/Events.o
 .group         0x00000000        0x8 ./Sources/Events.o
 .group         0x00000000        0x8 ./Sources/Events.o
 .group         0x00000000        0x8 ./Sources/Events.o
 .group         0x00000000        0x8 ./Sources/Events.o
 .group         0x00000000        0x8 ./Sources/Events.o
 .group         0x00000000        0x8 ./Sources/Events.o
 .group         0x00000000        0x8 ./Sources/Events.o
 .group         0x00000000        0x8 ./Sources/Events.o
 .group         0x00000000        0x8 ./Sources/Events.o
 .group         0x00000000        0x8 ./Sources/Events.o
 .group         0x00000000        0x8 ./Sources/Events.o
 .group         0x00000000        0x8 ./Sources/Events.o
 .group         0x00000000        0x8 ./Sources/Events.o
 .text          0x00000000        0x0 ./Sources/Events.o
 .data          0x00000000        0x0 ./Sources/Events.o
 .bss           0x00000000        0x0 ./Sources/Events.o
 .group         0x00000000        0x8 ./Sources/main.o
 .group         0x00000000        0x8 ./Sources/main.o
 .group         0x00000000        0x8 ./Sources/main.o
 .group         0x00000000        0x8 ./Sources/main.o
 .group         0x00000000        0x8 ./Sources/main.o
 .group         0x00000000        0x8 ./Sources/main.o
 .group         0x00000000        0x8 ./Sources/main.o
 .group         0x00000000        0x8 ./Sources/main.o
 .group         0x00000000        0x8 ./Sources/main.o
 .group         0x00000000        0x8 ./Sources/main.o
 .group         0x00000000        0x8 ./Sources/main.o
 .group         0x00000000        0x8 ./Sources/main.o
 .group         0x00000000        0x8 ./Sources/main.o
 .group         0x00000000        0x8 ./Sources/main.o
 .group         0x00000000        0x8 ./Sources/main.o
 .group         0x00000000        0x8 ./Sources/main.o
 .group         0x00000000        0x8 ./Sources/main.o
 .group         0x00000000        0x8 ./Sources/main.o
 .group         0x00000000        0x8 ./Sources/main.o
 .group         0x00000000        0x8 ./Sources/main.o
 .group         0x00000000        0x8 ./Sources/main.o
 .group         0x00000000        0x8 ./Sources/main.o
 .group         0x00000000        0x8 ./Sources/main.o
 .group         0x00000000        0x8 ./Sources/main.o
 .group         0x00000000        0x8 ./Sources/main.o
 .group         0x00000000        0x8 ./Sources/main.o
 .group         0x00000000        0x8 ./Sources/main.o
 .group         0x00000000        0x8 ./Sources/main.o
 .group         0x00000000        0x8 ./Sources/main.o
 .group         0x00000000        0x8 ./Sources/main.o
 .text          0x00000000        0x0 ./Sources/main.o
 .data          0x00000000        0x0 ./Sources/main.o
 .bss           0x00000000        0x0 ./Sources/main.o
 .debug_macro   0x00000000      0x84a ./Sources/main.o
 .debug_macro   0x00000000       0x16 ./Sources/main.o
 .debug_macro   0x00000000       0x44 ./Sources/main.o
 .debug_macro   0x00000000      0x209 ./Sources/main.o
 .debug_macro   0x00000000     0x1672 ./Sources/main.o
 .debug_macro   0x00000000      0x14e ./Sources/main.o
 .debug_macro   0x00000000       0x6a ./Sources/main.o
 .debug_macro   0x00000000     0x9b9f ./Sources/main.o
 .debug_macro   0x00000000       0x94 ./Sources/main.o
 .debug_macro   0x00000000       0x94 ./Sources/main.o
 .debug_macro   0x00000000      0x12c ./Sources/main.o
 .debug_macro   0x00000000       0x46 ./Sources/main.o
 .debug_macro   0x00000000       0x26 ./Sources/main.o
 .debug_macro   0x00000000       0x4c ./Sources/main.o
 .debug_macro   0x00000000       0x26 ./Sources/main.o
 .debug_macro   0x00000000       0x4c ./Sources/main.o
 .debug_macro   0x00000000       0x26 ./Sources/main.o
 .debug_macro   0x00000000       0x65 ./Sources/main.o
 .debug_macro   0x00000000       0x11 ./Sources/main.o
 .group         0x00000000        0x8 ./Project_Settings/Startup_Code/startup.o
 .group         0x00000000        0x8 ./Project_Settings/Startup_Code/startup.o
 .group         0x00000000        0x8 ./Project_Settings/Startup_Code/startup.o
 .group         0x00000000        0x8 ./Project_Settings/Startup_Code/startup.o
 .group         0x00000000        0x8 ./Project_Settings/Startup_Code/startup.o
 .group         0x00000000        0x8 ./Project_Settings/Startup_Code/startup.o
 .group         0x00000000        0x8 ./Project_Settings/Startup_Code/startup.o
 .group         0x00000000        0x8 ./Project_Settings/Startup_Code/startup.o
 .group         0x00000000        0x8 ./Project_Settings/Startup_Code/startup.o
 .group         0x00000000        0x8 ./Project_Settings/Startup_Code/startup.o
 .group         0x00000000        0x8 ./Project_Settings/Startup_Code/startup.o
 .group         0x00000000        0x8 ./Project_Settings/Startup_Code/startup.o
 .group         0x00000000        0x8 ./Project_Settings/Startup_Code/startup.o
 .group         0x00000000        0x8 ./Project_Settings/Startup_Code/startup.o
 .group         0x00000000        0x8 ./Project_Settings/Startup_Code/startup.o
 .group         0x00000000        0x8 ./Project_Settings/Startup_Code/startup.o
 .group         0x00000000        0x8 ./Project_Settings/Startup_Code/startup.o
 .group         0x00000000        0x8 ./Project_Settings/Startup_Code/startup.o
 .group         0x00000000        0x8 ./Project_Settings/Startup_Code/startup.o
 .text          0x00000000        0x0 ./Project_Settings/Startup_Code/startup.o
 .data          0x00000000        0x0 ./Project_Settings/Startup_Code/startup.o
 .bss           0x00000000        0x0 ./Project_Settings/Startup_Code/startup.o
 .text.__init_hardware
                0x00000000        0xc ./Project_Settings/Startup_Code/startup.o
 .text.__iar_program_start
                0x00000000        0xc ./Project_Settings/Startup_Code/startup.o
 .debug_macro   0x00000000      0x84a ./Project_Settings/Startup_Code/startup.o
 .debug_macro   0x00000000       0x58 ./Project_Settings/Startup_Code/startup.o
 .debug_macro   0x00000000       0x16 ./Project_Settings/Startup_Code/startup.o
 .debug_macro   0x00000000       0x35 ./Project_Settings/Startup_Code/startup.o
 .debug_macro   0x00000000       0xa3 ./Project_Settings/Startup_Code/startup.o
 .debug_macro   0x00000000      0x166 ./Project_Settings/Startup_Code/startup.o
 .debug_macro   0x00000000       0x52 ./Project_Settings/Startup_Code/startup.o
 .debug_macro   0x00000000       0x16 ./Project_Settings/Startup_Code/startup.o
 .debug_macro   0x00000000       0x43 ./Project_Settings/Startup_Code/startup.o
 .debug_macro   0x00000000      0x180 ./Project_Settings/Startup_Code/startup.o
 .debug_macro   0x00000000      0x2a6 ./Project_Settings/Startup_Code/startup.o
 .debug_macro   0x00000000       0x10 ./Project_Settings/Startup_Code/startup.o
 .debug_macro   0x00000000       0x35 ./Project_Settings/Startup_Code/startup.o
 .group         0x00000000        0x8 ./Generated_Code/AS1.o
 .group         0x00000000        0x8 ./Generated_Code/AS1.o
 .group         0x00000000        0x8 ./Generated_Code/AS1.o
 .group         0x00000000        0x8 ./Generated_Code/AS1.o
 .group         0x00000000        0x8 ./Generated_Code/AS1.o
 .group         0x00000000        0x8 ./Generated_Code/AS1.o
 .group         0x00000000        0x8 ./Generated_Code/AS1.o
 .group         0x00000000        0x8 ./Generated_Code/AS1.o
 .group         0x00000000        0x8 ./Generated_Code/AS1.o
 .group         0x00000000        0x8 ./Generated_Code/AS1.o
 .group         0x00000000        0x8 ./Generated_Code/AS1.o
 .text          0x00000000        0x0 ./Generated_Code/AS1.o
 .data          0x00000000        0x0 ./Generated_Code/AS1.o
 .bss           0x00000000        0x0 ./Generated_Code/AS1.o
 .text.AS1_GetCharsInRxBuf
                0x00000000       0x24 ./Generated_Code/AS1.o
 .text.AS1_GetCharsInTxBuf
                0x00000000       0x2c ./Generated_Code/AS1.o
 .debug_macro   0x00000000      0x84a ./Generated_Code/AS1.o
 .debug_macro   0x00000000       0x16 ./Generated_Code/AS1.o
 .debug_macro   0x00000000       0x44 ./Generated_Code/AS1.o
 .debug_macro   0x00000000      0x209 ./Generated_Code/AS1.o
 .debug_macro   0x00000000     0x1672 ./Generated_Code/AS1.o
 .debug_macro   0x00000000      0x14e ./Generated_Code/AS1.o
 .debug_macro   0x00000000       0x6a ./Generated_Code/AS1.o
 .debug_macro   0x00000000     0x9b9f ./Generated_Code/AS1.o
 .debug_macro   0x00000000       0x94 ./Generated_Code/AS1.o
 .debug_macro   0x00000000       0x11 ./Generated_Code/AS1.o
 .group         0x00000000        0x8 ./Generated_Code/ASerialLdd1.o
 .group         0x00000000        0x8 ./Generated_Code/ASerialLdd1.o
 .group         0x00000000        0x8 ./Generated_Code/ASerialLdd1.o
 .group         0x00000000        0x8 ./Generated_Code/ASerialLdd1.o
 .group         0x00000000        0x8 ./Generated_Code/ASerialLdd1.o
 .group         0x00000000        0x8 ./Generated_Code/ASerialLdd1.o
 .group         0x00000000        0x8 ./Generated_Code/ASerialLdd1.o
 .group         0x00000000        0x8 ./Generated_Code/ASerialLdd1.o
 .group         0x00000000        0x8 ./Generated_Code/ASerialLdd1.o
 .group         0x00000000        0x8 ./Generated_Code/ASerialLdd1.o
 .group         0x00000000        0x8 ./Generated_Code/ASerialLdd1.o
 .group         0x00000000        0x8 ./Generated_Code/ASerialLdd1.o
 .group         0x00000000        0x8 ./Generated_Code/ASerialLdd1.o
 .group         0x00000000        0x8 ./Generated_Code/ASerialLdd1.o
 .text          0x00000000        0x0 ./Generated_Code/ASerialLdd1.o
 .data          0x00000000        0x0 ./Generated_Code/ASerialLdd1.o
 .bss           0x00000000        0x0 ./Generated_Code/ASerialLdd1.o
 .text.ASerialLdd1_GetSentDataNum
                0x00000000       0x1c ./Generated_Code/ASerialLdd1.o
 .debug_macro   0x00000000      0x84a ./Generated_Code/ASerialLdd1.o
 .debug_macro   0x00000000       0x16 ./Generated_Code/ASerialLdd1.o
 .debug_macro   0x00000000       0x44 ./Generated_Code/ASerialLdd1.o
 .debug_macro   0x00000000      0x209 ./Generated_Code/ASerialLdd1.o
 .debug_macro   0x00000000     0x1672 ./Generated_Code/ASerialLdd1.o
 .debug_macro   0x00000000      0x14e ./Generated_Code/ASerialLdd1.o
 .debug_macro   0x00000000       0x6a ./Generated_Code/ASerialLdd1.o
 .debug_macro   0x00000000     0x9b9f ./Generated_Code/ASerialLdd1.o
 .debug_macro   0x00000000       0x94 ./Generated_Code/ASerialLdd1.o
 .debug_macro   0x00000000       0x5f ./Generated_Code/ASerialLdd1.o
 .debug_macro   0x00000000       0x94 ./Generated_Code/ASerialLdd1.o
 .group         0x00000000        0x8 ./Generated_Code/BitIoLdd1.o
 .group         0x00000000        0x8 ./Generated_Code/BitIoLdd1.o
 .group         0x00000000        0x8 ./Generated_Code/BitIoLdd1.o
 .group         0x00000000        0x8 ./Generated_Code/BitIoLdd1.o
 .group         0x00000000        0x8 ./Generated_Code/BitIoLdd1.o
 .group         0x00000000        0x8 ./Generated_Code/BitIoLdd1.o
 .group         0x00000000        0x8 ./Generated_Code/BitIoLdd1.o
 .group         0x00000000        0x8 ./Generated_Code/BitIoLdd1.o
 .group         0x00000000        0x8 ./Generated_Code/BitIoLdd1.o
 .group         0x00000000        0x8 ./Generated_Code/BitIoLdd1.o
 .group         0x00000000        0x8 ./Generated_Code/BitIoLdd1.o
 .group         0x00000000        0x8 ./Generated_Code/BitIoLdd1.o
 .text          0x00000000        0x0 ./Generated_Code/BitIoLdd1.o
 .data          0x00000000        0x0 ./Generated_Code/BitIoLdd1.o
 .bss           0x00000000        0x0 ./Generated_Code/BitIoLdd1.o
 .text.BitIoLdd1_GetVal
                0x00000000       0x30 ./Generated_Code/BitIoLdd1.o
 .text.BitIoLdd1_PutVal
                0x00000000       0x30 ./Generated_Code/BitIoLdd1.o
 .text.BitIoLdd1_ClrVal
                0x00000000       0x1c ./Generated_Code/BitIoLdd1.o
 .debug_macro   0x00000000      0x84a ./Generated_Code/BitIoLdd1.o
 .debug_macro   0x00000000       0x16 ./Generated_Code/BitIoLdd1.o
 .debug_macro   0x00000000       0x44 ./Generated_Code/BitIoLdd1.o
 .debug_macro   0x00000000      0x209 ./Generated_Code/BitIoLdd1.o
 .debug_macro   0x00000000     0x1672 ./Generated_Code/BitIoLdd1.o
 .debug_macro   0x00000000      0x14e ./Generated_Code/BitIoLdd1.o
 .debug_macro   0x00000000       0x6a ./Generated_Code/BitIoLdd1.o
 .debug_macro   0x00000000     0x9b9f ./Generated_Code/BitIoLdd1.o
 .debug_macro   0x00000000       0x94 ./Generated_Code/BitIoLdd1.o
 .debug_macro   0x00000000      0x12c ./Generated_Code/BitIoLdd1.o
 .debug_macro   0x00000000       0x46 ./Generated_Code/BitIoLdd1.o
 .group         0x00000000        0x8 ./Generated_Code/BitIoLdd2.o
 .group         0x00000000        0x8 ./Generated_Code/BitIoLdd2.o
 .group         0x00000000        0x8 ./Generated_Code/BitIoLdd2.o
 .group         0x00000000        0x8 ./Generated_Code/BitIoLdd2.o
 .group         0x00000000        0x8 ./Generated_Code/BitIoLdd2.o
 .group         0x00000000        0x8 ./Generated_Code/BitIoLdd2.o
 .group         0x00000000        0x8 ./Generated_Code/BitIoLdd2.o
 .group         0x00000000        0x8 ./Generated_Code/BitIoLdd2.o
 .group         0x00000000        0x8 ./Generated_Code/BitIoLdd2.o
 .group         0x00000000        0x8 ./Generated_Code/BitIoLdd2.o
 .group         0x00000000        0x8 ./Generated_Code/BitIoLdd2.o
 .group         0x00000000        0x8 ./Generated_Code/BitIoLdd2.o
 .text          0x00000000        0x0 ./Generated_Code/BitIoLdd2.o
 .data          0x00000000        0x0 ./Generated_Code/BitIoLdd2.o
 .bss           0x00000000        0x0 ./Generated_Code/BitIoLdd2.o
 .text.BitIoLdd2_GetVal
                0x00000000       0x30 ./Generated_Code/BitIoLdd2.o
 .text.BitIoLdd2_PutVal
                0x00000000       0x30 ./Generated_Code/BitIoLdd2.o
 .text.BitIoLdd2_ClrVal
                0x00000000       0x1c ./Generated_Code/BitIoLdd2.o
 .debug_macro   0x00000000      0x84a ./Generated_Code/BitIoLdd2.o
 .debug_macro   0x00000000       0x16 ./Generated_Code/BitIoLdd2.o
 .debug_macro   0x00000000       0x44 ./Generated_Code/BitIoLdd2.o
 .debug_macro   0x00000000      0x209 ./Generated_Code/BitIoLdd2.o
 .debug_macro   0x00000000     0x1672 ./Generated_Code/BitIoLdd2.o
 .debug_macro   0x00000000      0x14e ./Generated_Code/BitIoLdd2.o
 .debug_macro   0x00000000       0x6a ./Generated_Code/BitIoLdd2.o
 .debug_macro   0x00000000     0x9b9f ./Generated_Code/BitIoLdd2.o
 .debug_macro   0x00000000       0x94 ./Generated_Code/BitIoLdd2.o
 .debug_macro   0x00000000      0x12c ./Generated_Code/BitIoLdd2.o
 .debug_macro   0x00000000       0x9a ./Generated_Code/BitIoLdd2.o
 .group         0x00000000        0x8 ./Generated_Code/BitIoLdd3.o
 .group         0x00000000        0x8 ./Generated_Code/BitIoLdd3.o
 .group         0x00000000        0x8 ./Generated_Code/BitIoLdd3.o
 .group         0x00000000        0x8 ./Generated_Code/BitIoLdd3.o
 .group         0x00000000        0x8 ./Generated_Code/BitIoLdd3.o
 .group         0x00000000        0x8 ./Generated_Code/BitIoLdd3.o
 .group         0x00000000        0x8 ./Generated_Code/BitIoLdd3.o
 .group         0x00000000        0x8 ./Generated_Code/BitIoLdd3.o
 .group         0x00000000        0x8 ./Generated_Code/BitIoLdd3.o
 .group         0x00000000        0x8 ./Generated_Code/BitIoLdd3.o
 .group         0x00000000        0x8 ./Generated_Code/BitIoLdd3.o
 .group         0x00000000        0x8 ./Generated_Code/BitIoLdd3.o
 .text          0x00000000        0x0 ./Generated_Code/BitIoLdd3.o
 .data          0x00000000        0x0 ./Generated_Code/BitIoLdd3.o
 .bss           0x00000000        0x0 ./Generated_Code/BitIoLdd3.o
 .text.BitIoLdd3_GetVal
                0x00000000       0x30 ./Generated_Code/BitIoLdd3.o
 .text.BitIoLdd3_PutVal
                0x00000000       0x30 ./Generated_Code/BitIoLdd3.o
 .text.BitIoLdd3_ClrVal
                0x00000000       0x1c ./Generated_Code/BitIoLdd3.o
 .debug_macro   0x00000000      0x84a ./Generated_Code/BitIoLdd3.o
 .debug_macro   0x00000000       0x16 ./Generated_Code/BitIoLdd3.o
 .debug_macro   0x00000000       0x44 ./Generated_Code/BitIoLdd3.o
 .debug_macro   0x00000000      0x209 ./Generated_Code/BitIoLdd3.o
 .debug_macro   0x00000000     0x1672 ./Generated_Code/BitIoLdd3.o
 .debug_macro   0x00000000      0x14e ./Generated_Code/BitIoLdd3.o
 .debug_macro   0x00000000       0x6a ./Generated_Code/BitIoLdd3.o
 .debug_macro   0x00000000     0x9b9f ./Generated_Code/BitIoLdd3.o
 .debug_macro   0x00000000       0x94 ./Generated_Code/BitIoLdd3.o
 .debug_macro   0x00000000      0x12c ./Generated_Code/BitIoLdd3.o
 .debug_macro   0x00000000       0x9a ./Generated_Code/BitIoLdd3.o
 .group         0x00000000        0x8 ./Generated_Code/Blue.o
 .group         0x00000000        0x8 ./Generated_Code/Blue.o
 .group         0x00000000        0x8 ./Generated_Code/Blue.o
 .group         0x00000000        0x8 ./Generated_Code/Blue.o
 .group         0x00000000        0x8 ./Generated_Code/Blue.o
 .group         0x00000000        0x8 ./Generated_Code/Blue.o
 .group         0x00000000        0x8 ./Generated_Code/Blue.o
 .group         0x00000000        0x8 ./Generated_Code/Blue.o
 .group         0x00000000        0x8 ./Generated_Code/Blue.o
 .group         0x00000000        0x8 ./Generated_Code/Blue.o
 .group         0x00000000        0x8 ./Generated_Code/Blue.o
 .group         0x00000000        0x8 ./Generated_Code/Blue.o
 .group         0x00000000        0x8 ./Generated_Code/Blue.o
 .text          0x00000000        0x0 ./Generated_Code/Blue.o
 .data          0x00000000        0x0 ./Generated_Code/Blue.o
 .bss           0x00000000        0x0 ./Generated_Code/Blue.o
 .debug_info    0x00000000       0x7d ./Generated_Code/Blue.o
 .debug_abbrev  0x00000000       0x29 ./Generated_Code/Blue.o
 .debug_aranges
                0x00000000       0x18 ./Generated_Code/Blue.o
 .debug_macro   0x00000000       0xb5 ./Generated_Code/Blue.o
 .debug_macro   0x00000000      0x84a ./Generated_Code/Blue.o
 .debug_macro   0x00000000       0x16 ./Generated_Code/Blue.o
 .debug_macro   0x00000000       0x44 ./Generated_Code/Blue.o
 .debug_macro   0x00000000      0x209 ./Generated_Code/Blue.o
 .debug_macro   0x00000000     0x1672 ./Generated_Code/Blue.o
 .debug_macro   0x00000000      0x14e ./Generated_Code/Blue.o
 .debug_macro   0x00000000       0x6a ./Generated_Code/Blue.o
 .debug_macro   0x00000000     0x9b9f ./Generated_Code/Blue.o
 .debug_macro   0x00000000       0x94 ./Generated_Code/Blue.o
 .debug_macro   0x00000000      0x12c ./Generated_Code/Blue.o
 .debug_macro   0x00000000       0x9a ./Generated_Code/Blue.o
 .debug_macro   0x00000000       0x46 ./Generated_Code/Blue.o
 .debug_macro   0x00000000       0x26 ./Generated_Code/Blue.o
 .debug_line    0x00000000      0x247 ./Generated_Code/Blue.o
 .debug_str     0x00000000    0x3fd87 ./Generated_Code/Blue.o
 .comment       0x00000000       0x71 ./Generated_Code/Blue.o
 .ARM.attributes
                0x00000000       0x33 ./Generated_Code/Blue.o
 .group         0x00000000        0x8 ./Generated_Code/Cpu.o
 .group         0x00000000        0x8 ./Generated_Code/Cpu.o
 .group         0x00000000        0x8 ./Generated_Code/Cpu.o
 .group         0x00000000        0x8 ./Generated_Code/Cpu.o
 .group         0x00000000        0x8 ./Generated_Code/Cpu.o
 .group         0x00000000        0x8 ./Generated_Code/Cpu.o
 .group         0x00000000        0x8 ./Generated_Code/Cpu.o
 .group         0x00000000        0x8 ./Generated_Code/Cpu.o
 .group         0x00000000        0x8 ./Generated_Code/Cpu.o
 .group         0x00000000        0x8 ./Generated_Code/Cpu.o
 .group         0x00000000        0x8 ./Generated_Code/Cpu.o
 .group         0x00000000        0x8 ./Generated_Code/Cpu.o
 .group         0x00000000        0x8 ./Generated_Code/Cpu.o
 .group         0x00000000        0x8 ./Generated_Code/Cpu.o
 .group         0x00000000        0x8 ./Generated_Code/Cpu.o
 .group         0x00000000        0x8 ./Generated_Code/Cpu.o
 .group         0x00000000        0x8 ./Generated_Code/Cpu.o
 .group         0x00000000        0x8 ./Generated_Code/Cpu.o
 .group         0x00000000        0x8 ./Generated_Code/Cpu.o
 .text          0x00000000        0x0 ./Generated_Code/Cpu.o
 .data          0x00000000        0x0 ./Generated_Code/Cpu.o
 .bss           0x00000000        0x0 ./Generated_Code/Cpu.o
 .bss.SR_lock   0x00000000        0x1 ./Generated_Code/Cpu.o
 .debug_macro   0x00000000      0x84a ./Generated_Code/Cpu.o
 .debug_macro   0x00000000       0x16 ./Generated_Code/Cpu.o
 .debug_macro   0x00000000       0x44 ./Generated_Code/Cpu.o
 .debug_macro   0x00000000      0x209 ./Generated_Code/Cpu.o
 .debug_macro   0x00000000     0x1672 ./Generated_Code/Cpu.o
 .debug_macro   0x00000000      0x14e ./Generated_Code/Cpu.o
 .debug_macro   0x00000000       0x6a ./Generated_Code/Cpu.o
 .debug_macro   0x00000000     0x9b9f ./Generated_Code/Cpu.o
 .debug_macro   0x00000000       0x94 ./Generated_Code/Cpu.o
 .debug_macro   0x00000000      0x12c ./Generated_Code/Cpu.o
 .debug_macro   0x00000000       0x9a ./Generated_Code/Cpu.o
 .debug_macro   0x00000000       0x46 ./Generated_Code/Cpu.o
 .debug_macro   0x00000000       0x26 ./Generated_Code/Cpu.o
 .debug_macro   0x00000000       0x4c ./Generated_Code/Cpu.o
 .debug_macro   0x00000000       0x26 ./Generated_Code/Cpu.o
 .debug_macro   0x00000000       0x4c ./Generated_Code/Cpu.o
 .debug_macro   0x00000000       0x26 ./Generated_Code/Cpu.o
 .debug_macro   0x00000000       0x65 ./Generated_Code/Cpu.o
 .debug_macro   0x00000000       0x11 ./Generated_Code/Cpu.o
 COMMON         0x00000000        0x1 ./Generated_Code/Cpu.o
 .group         0x00000000        0x8 ./Generated_Code/Green.o
 .group         0x00000000        0x8 ./Generated_Code/Green.o
 .group         0x00000000        0x8 ./Generated_Code/Green.o
 .group         0x00000000        0x8 ./Generated_Code/Green.o
 .group         0x00000000        0x8 ./Generated_Code/Green.o
 .group         0x00000000        0x8 ./Generated_Code/Green.o
 .group         0x00000000        0x8 ./Generated_Code/Green.o
 .group         0x00000000        0x8 ./Generated_Code/Green.o
 .group         0x00000000        0x8 ./Generated_Code/Green.o
 .group         0x00000000        0x8 ./Generated_Code/Green.o
 .group         0x00000000        0x8 ./Generated_Code/Green.o
 .group         0x00000000        0x8 ./Generated_Code/Green.o
 .group         0x00000000        0x8 ./Generated_Code/Green.o
 .text          0x00000000        0x0 ./Generated_Code/Green.o
 .data          0x00000000        0x0 ./Generated_Code/Green.o
 .bss           0x00000000        0x0 ./Generated_Code/Green.o
 .debug_info    0x00000000       0x7d ./Generated_Code/Green.o
 .debug_abbrev  0x00000000       0x29 ./Generated_Code/Green.o
 .debug_aranges
                0x00000000       0x18 ./Generated_Code/Green.o
 .debug_macro   0x00000000       0xb5 ./Generated_Code/Green.o
 .debug_macro   0x00000000      0x84a ./Generated_Code/Green.o
 .debug_macro   0x00000000       0x16 ./Generated_Code/Green.o
 .debug_macro   0x00000000       0x44 ./Generated_Code/Green.o
 .debug_macro   0x00000000      0x209 ./Generated_Code/Green.o
 .debug_macro   0x00000000     0x1672 ./Generated_Code/Green.o
 .debug_macro   0x00000000      0x14e ./Generated_Code/Green.o
 .debug_macro   0x00000000       0x6a ./Generated_Code/Green.o
 .debug_macro   0x00000000     0x9b9f ./Generated_Code/Green.o
 .debug_macro   0x00000000       0x94 ./Generated_Code/Green.o
 .debug_macro   0x00000000      0x12c ./Generated_Code/Green.o
 .debug_macro   0x00000000       0x9a ./Generated_Code/Green.o
 .debug_macro   0x00000000       0x46 ./Generated_Code/Green.o
 .debug_macro   0x00000000       0x26 ./Generated_Code/Green.o
 .debug_line    0x00000000      0x249 ./Generated_Code/Green.o
 .debug_str     0x00000000    0x3fd8e ./Generated_Code/Green.o
 .comment       0x00000000       0x71 ./Generated_Code/Green.o
 .ARM.attributes
                0x00000000       0x33 ./Generated_Code/Green.o
 .group         0x00000000        0x8 ./Generated_Code/PE_LDD.o
 .group         0x00000000        0x8 ./Generated_Code/PE_LDD.o
 .group         0x00000000        0x8 ./Generated_Code/PE_LDD.o
 .group         0x00000000        0x8 ./Generated_Code/PE_LDD.o
 .group         0x00000000        0x8 ./Generated_Code/PE_LDD.o
 .group         0x00000000        0x8 ./Generated_Code/PE_LDD.o
 .group         0x00000000        0x8 ./Generated_Code/PE_LDD.o
 .group         0x00000000        0x8 ./Generated_Code/PE_LDD.o
 .group         0x00000000        0x8 ./Generated_Code/PE_LDD.o
 .group         0x00000000        0x8 ./Generated_Code/PE_LDD.o
 .group         0x00000000        0x8 ./Generated_Code/PE_LDD.o
 .group         0x00000000        0x8 ./Generated_Code/PE_LDD.o
 .group         0x00000000        0x8 ./Generated_Code/PE_LDD.o
 .group         0x00000000        0x8 ./Generated_Code/PE_LDD.o
 .group         0x00000000        0x8 ./Generated_Code/PE_LDD.o
 .group         0x00000000        0x8 ./Generated_Code/PE_LDD.o
 .group         0x00000000        0x8 ./Generated_Code/PE_LDD.o
 .group         0x00000000        0x8 ./Generated_Code/PE_LDD.o
 .group         0x00000000        0x8 ./Generated_Code/PE_LDD.o
 .text          0x00000000        0x0 ./Generated_Code/PE_LDD.o
 .data          0x00000000        0x0 ./Generated_Code/PE_LDD.o
 .bss           0x00000000        0x0 ./Generated_Code/PE_LDD.o
 .rodata.PE_CpuClockConfigurations
                0x00000000       0x28 ./Generated_Code/PE_LDD.o
 .text.PE_FillMemory
                0x00000000       0x24 ./Generated_Code/PE_LDD.o
 .text.PE_PeripheralUsed
                0x00000000       0x54 ./Generated_Code/PE_LDD.o
 .text.LDD_SetClockConfiguration
                0x00000000       0x14 ./Generated_Code/PE_LDD.o
 .debug_macro   0x00000000      0x84a ./Generated_Code/PE_LDD.o
 .debug_macro   0x00000000       0x16 ./Generated_Code/PE_LDD.o
 .debug_macro   0x00000000       0x44 ./Generated_Code/PE_LDD.o
 .debug_macro   0x00000000      0x209 ./Generated_Code/PE_LDD.o
 .debug_macro   0x00000000     0x1672 ./Generated_Code/PE_LDD.o
 .debug_macro   0x00000000      0x14e ./Generated_Code/PE_LDD.o
 .debug_macro   0x00000000       0x6a ./Generated_Code/PE_LDD.o
 .debug_macro   0x00000000     0x9b9f ./Generated_Code/PE_LDD.o
 .debug_macro   0x00000000       0x94 ./Generated_Code/PE_LDD.o
 .debug_macro   0x00000000      0x12c ./Generated_Code/PE_LDD.o
 .debug_macro   0x00000000       0x9a ./Generated_Code/PE_LDD.o
 .debug_macro   0x00000000       0x46 ./Generated_Code/PE_LDD.o
 .debug_macro   0x00000000       0x26 ./Generated_Code/PE_LDD.o
 .debug_macro   0x00000000       0x4c ./Generated_Code/PE_LDD.o
 .debug_macro   0x00000000       0x26 ./Generated_Code/PE_LDD.o
 .debug_macro   0x00000000       0x4c ./Generated_Code/PE_LDD.o
 .debug_macro   0x00000000       0x26 ./Generated_Code/PE_LDD.o
 .debug_macro   0x00000000       0x65 ./Generated_Code/PE_LDD.o
 .debug_macro   0x00000000       0x11 ./Generated_Code/PE_LDD.o
 .group         0x00000000        0x8 ./Generated_Code/Red.o
 .group         0x00000000        0x8 ./Generated_Code/Red.o
 .group         0x00000000        0x8 ./Generated_Code/Red.o
 .group         0x00000000        0x8 ./Generated_Code/Red.o
 .group         0x00000000        0x8 ./Generated_Code/Red.o
 .group         0x00000000        0x8 ./Generated_Code/Red.o
 .group         0x00000000        0x8 ./Generated_Code/Red.o
 .group         0x00000000        0x8 ./Generated_Code/Red.o
 .group         0x00000000        0x8 ./Generated_Code/Red.o
 .group         0x00000000        0x8 ./Generated_Code/Red.o
 .group         0x00000000        0x8 ./Generated_Code/Red.o
 .group         0x00000000        0x8 ./Generated_Code/Red.o
 .group         0x00000000        0x8 ./Generated_Code/Red.o
 .text          0x00000000        0x0 ./Generated_Code/Red.o
 .data          0x00000000        0x0 ./Generated_Code/Red.o
 .bss           0x00000000        0x0 ./Generated_Code/Red.o
 .debug_info    0x00000000       0x7d ./Generated_Code/Red.o
 .debug_abbrev  0x00000000       0x29 ./Generated_Code/Red.o
 .debug_aranges
                0x00000000       0x18 ./Generated_Code/Red.o
 .debug_macro   0x00000000       0xb5 ./Generated_Code/Red.o
 .debug_macro   0x00000000      0x84a ./Generated_Code/Red.o
 .debug_macro   0x00000000       0x16 ./Generated_Code/Red.o
 .debug_macro   0x00000000       0x44 ./Generated_Code/Red.o
 .debug_macro   0x00000000      0x209 ./Generated_Code/Red.o
 .debug_macro   0x00000000     0x1672 ./Generated_Code/Red.o
 .debug_macro   0x00000000      0x14e ./Generated_Code/Red.o
 .debug_macro   0x00000000       0x6a ./Generated_Code/Red.o
 .debug_macro   0x00000000     0x9b9f ./Generated_Code/Red.o
 .debug_macro   0x00000000       0x94 ./Generated_Code/Red.o
 .debug_macro   0x00000000      0x12c ./Generated_Code/Red.o
 .debug_macro   0x00000000       0x9a ./Generated_Code/Red.o
 .debug_macro   0x00000000       0x46 ./Generated_Code/Red.o
 .debug_macro   0x00000000       0x26 ./Generated_Code/Red.o
 .debug_line    0x00000000      0x245 ./Generated_Code/Red.o
 .debug_str     0x00000000    0x3fd80 ./Generated_Code/Red.o
 .comment       0x00000000       0x71 ./Generated_Code/Red.o
 .ARM.attributes
                0x00000000       0x33 ./Generated_Code/Red.o
 .group         0x00000000        0x8 ./Generated_Code/Vectors.o
 .group         0x00000000        0x8 ./Generated_Code/Vectors.o
 .group         0x00000000        0x8 ./Generated_Code/Vectors.o
 .group         0x00000000        0x8 ./Generated_Code/Vectors.o
 .group         0x00000000        0x8 ./Generated_Code/Vectors.o
 .group         0x00000000        0x8 ./Generated_Code/Vectors.o
 .group         0x00000000        0x8 ./Generated_Code/Vectors.o
 .group         0x00000000        0x8 ./Generated_Code/Vectors.o
 .group         0x00000000        0x8 ./Generated_Code/Vectors.o
 .group         0x00000000        0x8 ./Generated_Code/Vectors.o
 .group         0x00000000        0x8 ./Generated_Code/Vectors.o
 .group         0x00000000        0x8 ./Generated_Code/Vectors.o
 .group         0x00000000        0x8 ./Generated_Code/Vectors.o
 .group         0x00000000        0x8 ./Generated_Code/Vectors.o
 .group         0x00000000        0x8 ./Generated_Code/Vectors.o
 .group         0x00000000        0x8 ./Generated_Code/Vectors.o
 .group         0x00000000        0x8 ./Generated_Code/Vectors.o
 .group         0x00000000        0x8 ./Generated_Code/Vectors.o
 .group         0x00000000        0x8 ./Generated_Code/Vectors.o
 .text          0x00000000        0x0 ./Generated_Code/Vectors.o
 .data          0x00000000        0x0 ./Generated_Code/Vectors.o
 .bss           0x00000000        0x0 ./Generated_Code/Vectors.o
 .debug_macro   0x00000000      0x84a ./Generated_Code/Vectors.o
 .debug_macro   0x00000000       0x16 ./Generated_Code/Vectors.o
 .debug_macro   0x00000000       0x44 ./Generated_Code/Vectors.o
 .debug_macro   0x00000000      0x209 ./Generated_Code/Vectors.o
 .debug_macro   0x00000000     0x1672 ./Generated_Code/Vectors.o
 .debug_macro   0x00000000      0x14e ./Generated_Code/Vectors.o
 .debug_macro   0x00000000       0x6a ./Generated_Code/Vectors.o
 .debug_macro   0x00000000     0x9b9f ./Generated_Code/Vectors.o
 .debug_macro   0x00000000       0x94 ./Generated_Code/Vectors.o
 .debug_macro   0x00000000       0x94 ./Generated_Code/Vectors.o
 .debug_macro   0x00000000      0x12c ./Generated_Code/Vectors.o
 .debug_macro   0x00000000       0x46 ./Generated_Code/Vectors.o
 .debug_macro   0x00000000       0x26 ./Generated_Code/Vectors.o
 .debug_macro   0x00000000       0x4c ./Generated_Code/Vectors.o
 .debug_macro   0x00000000       0x26 ./Generated_Code/Vectors.o
 .debug_macro   0x00000000       0x4c ./Generated_Code/Vectors.o
 .debug_macro   0x00000000       0x26 ./Generated_Code/Vectors.o
 .debug_macro   0x00000000       0x65 ./Generated_Code/Vectors.o
 .debug_macro   0x00000000       0x11 ./Generated_Code/Vectors.o
 .text          0x00000000        0x0 c:/freescale/kds_v3/toolchain/bin/../lib/gcc/arm-none-eabi/4.8.4/../../../../arm-none-eabi/lib/armv7e-m\libg_s.a(lib_a-exit.o)
 .data          0x00000000        0x0 c:/freescale/kds_v3/toolchain/bin/../lib/gcc/arm-none-eabi/4.8.4/../../../../arm-none-eabi/lib/armv7e-m\libg_s.a(lib_a-exit.o)
 .bss           0x00000000        0x0 c:/freescale/kds_v3/toolchain/bin/../lib/gcc/arm-none-eabi/4.8.4/../../../../arm-none-eabi/lib/armv7e-m\libg_s.a(lib_a-exit.o)
 .text          0x00000000        0x0 c:/freescale/kds_v3/toolchain/bin/../lib/gcc/arm-none-eabi/4.8.4/../../../../arm-none-eabi/lib/armv7e-m\libg_s.a(lib_a-impure.o)
 .data          0x00000000        0x0 c:/freescale/kds_v3/toolchain/bin/../lib/gcc/arm-none-eabi/4.8.4/../../../../arm-none-eabi/lib/armv7e-m\libg_s.a(lib_a-impure.o)
 .bss           0x00000000        0x0 c:/freescale/kds_v3/toolchain/bin/../lib/gcc/arm-none-eabi/4.8.4/../../../../arm-none-eabi/lib/armv7e-m\libg_s.a(lib_a-impure.o)
 .data._impure_ptr
                0x00000000        0x4 c:/freescale/kds_v3/toolchain/bin/../lib/gcc/arm-none-eabi/4.8.4/../../../../arm-none-eabi/lib/armv7e-m\libg_s.a(lib_a-impure.o)
 .text          0x00000000        0x0 c:/freescale/kds_v3/toolchain/bin/../lib/gcc/arm-none-eabi/4.8.4/../../../../arm-none-eabi/lib/armv7e-m\libg_s.a(lib_a-init.o)
 .data          0x00000000        0x0 c:/freescale/kds_v3/toolchain/bin/../lib/gcc/arm-none-eabi/4.8.4/../../../../arm-none-eabi/lib/armv7e-m\libg_s.a(lib_a-init.o)
 .bss           0x00000000        0x0 c:/freescale/kds_v3/toolchain/bin/../lib/gcc/arm-none-eabi/4.8.4/../../../../arm-none-eabi/lib/armv7e-m\libg_s.a(lib_a-init.o)
 .text          0x00000000        0x0 c:/freescale/kds_v3/toolchain/bin/../lib/gcc/arm-none-eabi/4.8.4/../../../../arm-none-eabi/lib/armv7e-m\libg_s.a(lib_a-memset.o)
 .data          0x00000000        0x0 c:/freescale/kds_v3/toolchain/bin/../lib/gcc/arm-none-eabi/4.8.4/../../../../arm-none-eabi/lib/armv7e-m\libg_s.a(lib_a-memset.o)
 .bss           0x00000000        0x0 c:/freescale/kds_v3/toolchain/bin/../lib/gcc/arm-none-eabi/4.8.4/../../../../arm-none-eabi/lib/armv7e-m\libg_s.a(lib_a-memset.o)
 .text          0x00000000        0x0 c:/freescale/kds_v3/toolchain/bin/../lib/gcc/arm-none-eabi/4.8.4/../../../../arm-none-eabi/lib/armv7e-m\libg_s.a(lib_a-strlen.o)
 .data          0x00000000        0x0 c:/freescale/kds_v3/toolchain/bin/../lib/gcc/arm-none-eabi/4.8.4/../../../../arm-none-eabi/lib/armv7e-m\libg_s.a(lib_a-strlen.o)
 .bss           0x00000000        0x0 c:/freescale/kds_v3/toolchain/bin/../lib/gcc/arm-none-eabi/4.8.4/../../../../arm-none-eabi/lib/armv7e-m\libg_s.a(lib_a-strlen.o)
 .text          0x00000000        0x0 c:/freescale/kds_v3/toolchain/bin/../lib/gcc/arm-none-eabi/4.8.4/../../../../arm-none-eabi/lib/armv7e-m\libnosys.a(_exit.o)
 .data          0x00000000        0x0 c:/freescale/kds_v3/toolchain/bin/../lib/gcc/arm-none-eabi/4.8.4/../../../../arm-none-eabi/lib/armv7e-m\libnosys.a(_exit.o)
 .bss           0x00000000        0x0 c:/freescale/kds_v3/toolchain/bin/../lib/gcc/arm-none-eabi/4.8.4/../../../../arm-none-eabi/lib/armv7e-m\libnosys.a(_exit.o)
 .text          0x00000000        0x0 c:/freescale/kds_v3/toolchain/bin/../lib/gcc/arm-none-eabi/4.8.4/armv7e-m/crtend.o
 .data          0x00000000        0x0 c:/freescale/kds_v3/toolchain/bin/../lib/gcc/arm-none-eabi/4.8.4/armv7e-m/crtend.o
 .bss           0x00000000        0x0 c:/freescale/kds_v3/toolchain/bin/../lib/gcc/arm-none-eabi/4.8.4/armv7e-m/crtend.o
 .eh_frame      0x00000000        0x4 c:/freescale/kds_v3/toolchain/bin/../lib/gcc/arm-none-eabi/4.8.4/armv7e-m/crtend.o
 .jcr           0x00000000        0x4 c:/freescale/kds_v3/toolchain/bin/../lib/gcc/arm-none-eabi/4.8.4/armv7e-m/crtend.o
 .ARM.attributes
                0x00000000       0x2e c:/freescale/kds_v3/toolchain/bin/../lib/gcc/arm-none-eabi/4.8.4/armv7e-m/crtend.o
 .text          0x00000000        0x0 c:/freescale/kds_v3/toolchain/bin/../lib/gcc/arm-none-eabi/4.8.4/armv7e-m/crtn.o
 .data          0x00000000        0x0 c:/freescale/kds_v3/toolchain/bin/../lib/gcc/arm-none-eabi/4.8.4/armv7e-m/crtn.o
 .bss           0x00000000        0x0 c:/freescale/kds_v3/toolchain/bin/../lib/gcc/arm-none-eabi/4.8.4/armv7e-m/crtn.o

Memory Configuration

Name             Origin             Length             Attributes
m_interrupts     0x00000000         0x000000f8         xr
m_text           0x00000410         0x0001fbf0         xr
m_data           0x1fffe000         0x00002000         rw
m_data_20000000  0x20000000         0x00002000         rw
m_cfmprotrom     0x00000400         0x00000010         xr
*default*        0x00000000         0xffffffff

Linker script and memory map

LOAD c:/freescale/kds_v3/toolchain/bin/../lib/gcc/arm-none-eabi/4.8.4/armv7e-m/crti.o
LOAD c:/freescale/kds_v3/toolchain/bin/../lib/gcc/arm-none-eabi/4.8.4/armv7e-m/crtbegin.o
LOAD c:/freescale/kds_v3/toolchain/bin/../lib/gcc/arm-none-eabi/4.8.4/../../../../arm-none-eabi/lib/armv7e-m/crt0.o
LOAD ./Sources/Events.o
LOAD ./Sources/main.o
LOAD ./Project_Settings/Startup_Code/startup.o
LOAD ./Generated_Code/AS1.o
LOAD ./Generated_Code/ASerialLdd1.o
LOAD ./Generated_Code/BitIoLdd1.o
LOAD ./Generated_Code/BitIoLdd2.o
LOAD ./Generated_Code/BitIoLdd3.o
LOAD ./Generated_Code/Blue.o
LOAD ./Generated_Code/Cpu.o
LOAD ./Generated_Code/Green.o
LOAD ./Generated_Code/PE_LDD.o
LOAD ./Generated_Code/Red.o
LOAD ./Generated_Code/Vectors.o
LOAD c:/freescale/kds_v3/toolchain/bin/../lib/gcc/arm-none-eabi/4.8.4/../../../../arm-none-eabi/lib/armv7e-m\libstdc++_s.a
LOAD c:/freescale/kds_v3/toolchain/bin/../lib/gcc/arm-none-eabi/4.8.4/../../../../arm-none-eabi/lib/armv7e-m\libm.a
START GROUP
LOAD c:/freescale/kds_v3/toolchain/bin/../lib/gcc/arm-none-eabi/4.8.4/armv7e-m\libgcc.a
LOAD c:/freescale/kds_v3/toolchain/bin/../lib/gcc/arm-none-eabi/4.8.4/../../../../arm-none-eabi/lib/armv7e-m\libg_s.a
LOAD c:/freescale/kds_v3/toolchain/bin/../lib/gcc/arm-none-eabi/4.8.4/../../../../arm-none-eabi/lib/armv7e-m\libc_s.a
END GROUP
START GROUP
LOAD c:/freescale/kds_v3/toolchain/bin/../lib/gcc/arm-none-eabi/4.8.4/armv7e-m\libgcc.a
LOAD c:/freescale/kds_v3/toolchain/bin/../lib/gcc/arm-none-eabi/4.8.4/../../../../arm-none-eabi/lib/armv7e-m\libc_s.a
LOAD c:/freescale/kds_v3/toolchain/bin/../lib/gcc/arm-none-eabi/4.8.4/../../../../arm-none-eabi/lib/armv7e-m\libnosys.a
END GROUP
START GROUP
LOAD c:/freescale/kds_v3/toolchain/bin/../lib/gcc/arm-none-eabi/4.8.4/armv7e-m\libgcc.a
LOAD c:/freescale/kds_v3/toolchain/bin/../lib/gcc/arm-none-eabi/4.8.4/../../../../arm-none-eabi/lib/armv7e-m\libc_s.a
LOAD c:/freescale/kds_v3/toolchain/bin/../lib/gcc/arm-none-eabi/4.8.4/../../../../arm-none-eabi/lib/armv7e-m\libnosys.a
END GROUP
LOAD c:/freescale/kds_v3/toolchain/bin/../lib/gcc/arm-none-eabi/4.8.4/armv7e-m/crtend.o
LOAD c:/freescale/kds_v3/toolchain/bin/../lib/gcc/arm-none-eabi/4.8.4/armv7e-m/crtn.o
                0x20000000                _estack = 0x20000000
                0x20000000                __SP_INIT = _estack
                0x20000000                __stack = _estack
                0x00000000                __heap_size = 0x0
                0x00000400                __stack_size = 0x400

.interrupts     0x00000000       0xf8
                0x00000000                __vector_table = .
                0x00000000                . = ALIGN (0x4)
 *(.vectortable)
 .vectortable   0x00000000       0xf8 ./Generated_Code/Vectors.o
                0x00000000                __vect_table
                0x000000f8                . = ALIGN (0x4)

.cfmprotect     0x00000400       0x10
                0x00000400                . = ALIGN (0x4)
 *(.cfmconfig)
 .cfmconfig     0x00000400       0x10 ./Generated_Code/Cpu.o
                0x00000400                _cfm
                0x00000410                . = ALIGN (0x4)

.text           0x00000410      0xdd8
                0x00000410                . = ALIGN (0x4)
 *(.text)
 .text          0x00000410       0x54 c:/freescale/kds_v3/toolchain/bin/../lib/gcc/arm-none-eabi/4.8.4/armv7e-m/crtbegin.o
 .text          0x00000464       0x74 c:/freescale/kds_v3/toolchain/bin/../lib/gcc/arm-none-eabi/4.8.4/../../../../arm-none-eabi/lib/armv7e-m/crt0.o
                0x00000464                _start
                0x00000464                _mainCRTStartup
 *(.text*)
 .text.Cpu_OnNMIINT
                0x000004d8        0xc ./Sources/Events.o
                0x000004d8                Cpu_OnNMIINT
 .text.send_string
                0x000004e4       0x44 ./Sources/main.o
                0x000004e4                send_string
 .text.main     0x00000528       0xe0 ./Sources/main.o
                0x00000528                main
 .text.__copy_rom_section
                0x00000608       0xe4 ./Project_Settings/Startup_Code/startup.o
                0x00000608                __copy_rom_section
 .text.__copy_rom_sections_to_ram
                0x000006ec       0x9c ./Project_Settings/Startup_Code/startup.o
                0x000006ec                __copy_rom_sections_to_ram
 .text.__init_registers
                0x00000788        0xc ./Project_Settings/Startup_Code/startup.o
                0x00000788                __init_registers
 .text.__init_user
                0x00000794        0xc ./Project_Settings/Startup_Code/startup.o
                0x00000794                __init_user
 .text.__thumb_startup
                0x000007a0       0x34 ./Project_Settings/Startup_Code/startup.o
                0x000007a0                __thumb_startup
 .text.HWEnDi   0x000007d4       0x1c ./Generated_Code/AS1.o
 .text.AS1_RecvChar
                0x000007f0       0x80 ./Generated_Code/AS1.o
                0x000007f0                AS1_RecvChar
 .text.AS1_SendChar
                0x00000870       0x5c ./Generated_Code/AS1.o
                0x00000870                AS1_SendChar
 .text.AS1_Init
                0x000008cc       0x24 ./Generated_Code/AS1.o
                0x000008cc                AS1_Init
 .text.ASerialLdd1_OnBreak
                0x000008f0       0x24 ./Generated_Code/AS1.o
                0x000008f0                ASerialLdd1_OnBreak
 .text.ASerialLdd1_Init
                0x00000914      0x160 ./Generated_Code/ASerialLdd1.o
                0x00000914                ASerialLdd1_Init
 .text.ASerialLdd1_ReceiveBlock
                0x00000a74       0x48 ./Generated_Code/ASerialLdd1.o
                0x00000a74                ASerialLdd1_ReceiveBlock
 .text.ASerialLdd1_SendBlock
                0x00000abc       0x58 ./Generated_Code/ASerialLdd1.o
                0x00000abc                ASerialLdd1_SendBlock
 .text.ASerialLdd1_GetReceivedDataNum
                0x00000b14       0x1c ./Generated_Code/ASerialLdd1.o
                0x00000b14                ASerialLdd1_GetReceivedDataNum
 .text.InterruptRx
                0x00000b30       0x50 ./Generated_Code/ASerialLdd1.o
 .text.InterruptTx
                0x00000b80       0x60 ./Generated_Code/ASerialLdd1.o
 .text.ASerialLdd1_Main
                0x00000be0       0xd8 ./Generated_Code/ASerialLdd1.o
                0x00000be0                ASerialLdd1_Main
 .text.ASerialLdd1_GetError
                0x00000cb8       0x2c ./Generated_Code/ASerialLdd1.o
                0x00000cb8                ASerialLdd1_GetError
 .text.BitIoLdd1_Init
                0x00000ce4       0x64 ./Generated_Code/BitIoLdd1.o
                0x00000ce4                BitIoLdd1_Init
 .text.BitIoLdd1_SetVal
                0x00000d48       0x1c ./Generated_Code/BitIoLdd1.o
                0x00000d48                BitIoLdd1_SetVal
 .text.BitIoLdd1_NegVal
                0x00000d64       0x1c ./Generated_Code/BitIoLdd1.o
                0x00000d64                BitIoLdd1_NegVal
 .text.BitIoLdd2_Init
                0x00000d80       0x64 ./Generated_Code/BitIoLdd2.o
                0x00000d80                BitIoLdd2_Init
 .text.BitIoLdd2_SetVal
                0x00000de4       0x1c ./Generated_Code/BitIoLdd2.o
                0x00000de4                BitIoLdd2_SetVal
 .text.BitIoLdd2_NegVal
                0x00000e00       0x1c ./Generated_Code/BitIoLdd2.o
                0x00000e00                BitIoLdd2_NegVal
 .text.BitIoLdd3_Init
                0x00000e1c       0x64 ./Generated_Code/BitIoLdd3.o
                0x00000e1c                BitIoLdd3_Init
 .text.BitIoLdd3_SetVal
                0x00000e80       0x1c ./Generated_Code/BitIoLdd3.o
                0x00000e80                BitIoLdd3_SetVal
 .text.BitIoLdd3_NegVal
                0x00000e9c       0x1c ./Generated_Code/BitIoLdd3.o
                0x00000e9c                BitIoLdd3_NegVal
 .text.Cpu_INT_NMIInterrupt
                0x00000eb8       0x1c ./Generated_Code/Cpu.o
                0x00000eb8                Cpu_INT_NMIInterrupt
 .text.Cpu_Interrupt
                0x00000ed4       0x18 ./Generated_Code/Cpu.o
                0x00000ed4                Cpu_Interrupt
 .text.__init_hardware
                0x00000eec      0x11c ./Generated_Code/Cpu.o
                0x00000eec                __init_hardware
 .text.Cpu_SetBASEPRI
                0x00001008       0x18 ./Generated_Code/Cpu.o
                0x00001008                Cpu_SetBASEPRI
 .text.PE_low_level_init
                0x00001020       0xbc ./Generated_Code/Cpu.o
                0x00001020                PE_low_level_init
 .text.exit     0x000010dc       0x28 c:/freescale/kds_v3/toolchain/bin/../lib/gcc/arm-none-eabi/4.8.4/../../../../arm-none-eabi/lib/armv7e-m\libg_s.a(lib_a-exit.o)
                0x000010dc                exit
 .text.__libc_init_array
                0x00001104       0x4c c:/freescale/kds_v3/toolchain/bin/../lib/gcc/arm-none-eabi/4.8.4/../../../../arm-none-eabi/lib/armv7e-m\libg_s.a(lib_a-init.o)
                0x00001104                __libc_init_array
 .text.memset   0x00001150       0x10 c:/freescale/kds_v3/toolchain/bin/../lib/gcc/arm-none-eabi/4.8.4/../../../../arm-none-eabi/lib/armv7e-m\libg_s.a(lib_a-memset.o)
                0x00001150                memset
 .text.strlen   0x00001160       0x10 c:/freescale/kds_v3/toolchain/bin/../lib/gcc/arm-none-eabi/4.8.4/../../../../arm-none-eabi/lib/armv7e-m\libg_s.a(lib_a-strlen.o)
                0x00001160                strlen
 .text._exit    0x00001170        0x4 c:/freescale/kds_v3/toolchain/bin/../lib/gcc/arm-none-eabi/4.8.4/../../../../arm-none-eabi/lib/armv7e-m\libnosys.a(_exit.o)
                0x00001170                _exit
 *(.rodata)
 .rodata        0x00001174       0x54 ./Sources/main.o
 *(.rodata*)
 .rodata.str1.1
                0x000011c8        0x2 c:/freescale/kds_v3/toolchain/bin/../lib/gcc/arm-none-eabi/4.8.4/../../../../arm-none-eabi/lib/armv7e-m\libg_s.a(lib_a-impure.o)
 *fill*         0x000011ca        0x2 
 .rodata._global_impure_ptr
                0x000011cc        0x4 c:/freescale/kds_v3/toolchain/bin/../lib/gcc/arm-none-eabi/4.8.4/../../../../arm-none-eabi/lib/armv7e-m\libg_s.a(lib_a-impure.o)
                0x000011cc                _global_impure_ptr
 *(.glue_7)
 .glue_7        0x00000000        0x0 linker stubs
 *(.glue_7t)
 .glue_7t       0x00000000        0x0 linker stubs
 *(.eh_frame)
 .eh_frame      0x000011d0        0x0 c:/freescale/kds_v3/toolchain/bin/../lib/gcc/arm-none-eabi/4.8.4/armv7e-m/crtbegin.o
 *(.init)
 .init          0x000011d0        0x4 c:/freescale/kds_v3/toolchain/bin/../lib/gcc/arm-none-eabi/4.8.4/armv7e-m/crti.o
                0x000011d0                _init
 .init          0x000011d4        0x8 c:/freescale/kds_v3/toolchain/bin/../lib/gcc/arm-none-eabi/4.8.4/armv7e-m/crtn.o
 *(.fini)
 .fini          0x000011dc        0x4 c:/freescale/kds_v3/toolchain/bin/../lib/gcc/arm-none-eabi/4.8.4/armv7e-m/crti.o
                0x000011dc                _fini
 .fini          0x000011e0        0x8 c:/freescale/kds_v3/toolchain/bin/../lib/gcc/arm-none-eabi/4.8.4/armv7e-m/crtn.o
                0x000011e8                . = ALIGN (0x4)
                0x000011e8                _etext = .

.vfp11_veneer   0x000011e8        0x0
 .vfp11_veneer  0x00000000        0x0 linker stubs

.v4_bx          0x000011e8        0x0
 .v4_bx         0x00000000        0x0 linker stubs

.iplt           0x000011e8        0x0
 .iplt          0x00000000        0x0 c:/freescale/kds_v3/toolchain/bin/../lib/gcc/arm-none-eabi/4.8.4/armv7e-m/crtbegin.o

.ARM.extab
 *(.ARM.extab* .gnu.linkonce.armextab.*)

.ARM            0x000011e8        0x8
                0x000011e8                __exidx_start = .
 *(.ARM.exidx*)
 .ARM.exidx     0x000011e8        0x8 c:/freescale/kds_v3/toolchain/bin/../lib/gcc/arm-none-eabi/4.8.4/../../../../arm-none-eabi/lib/armv7e-m/crt0.o
                0x000011f0                __exidx_end = .

.rel.dyn        0x000011f0        0x0
 .rel.iplt      0x00000000        0x0 c:/freescale/kds_v3/toolchain/bin/../lib/gcc/arm-none-eabi/4.8.4/armv7e-m/crtbegin.o

.ctors          0x000011f0        0x0
                0x000011f0                __CTOR_LIST__ = .
 *crtbegin.o(.ctors)
 *(EXCLUDE_FILE(*crtend.o) .ctors)
 *(SORT(.ctors.*))
 *(.ctors)
                0x000011f0                __CTOR_END__ = .

.dtors          0x000011f0        0x0
                0x000011f0                __DTOR_LIST__ = .
 *crtbegin.o(.dtors)
 *(EXCLUDE_FILE(*crtend.o) .dtors)
 *(SORT(.dtors.*))
 *(.dtors)
                0x000011f0                __DTOR_END__ = .

.preinit_array  0x000011f0        0x0
                0x000011f0                PROVIDE (__preinit_array_start, .)
 *(.preinit_array*)
                0x000011f0                PROVIDE (__preinit_array_end, .)

.init_array     0x000011f0        0x4
                0x000011f0                PROVIDE (__init_array_start, .)
 *(SORT(.init_array.*))
 *(.init_array*)
 .init_array    0x000011f0        0x4 c:/freescale/kds_v3/toolchain/bin/../lib/gcc/arm-none-eabi/4.8.4/armv7e-m/crtbegin.o
                0x000011f4                PROVIDE (__init_array_end, .)

.fini_array     0x000011f4        0x4
                0x000011f4                PROVIDE (__fini_array_start, .)
 *(SORT(.fini_array.*))
 *(.fini_array*)
 .fini_array    0x000011f4        0x4 c:/freescale/kds_v3/toolchain/bin/../lib/gcc/arm-none-eabi/4.8.4/armv7e-m/crtbegin.o
                0x000011f8                PROVIDE (__fini_array_end, .)
                0x000011f8                ___ROM_AT = .

.data           0x1fffe000       0x60 load address 0x000011f8
                0x1fffe000                . = ALIGN (0x4)
                0x1fffe000                _sdata = .
 *(.data)
 *(.data*)
 .data.impure_data
                0x1fffe000       0x60 c:/freescale/kds_v3/toolchain/bin/../lib/gcc/arm-none-eabi/4.8.4/../../../../arm-none-eabi/lib/armv7e-m\libg_s.a(lib_a-impure.o)
                0x1fffe060                . = ALIGN (0x4)
                0x1fffe060                _edata = .
                0x00000060                ___data_size = (_edata - _sdata)
                0x00001258                ___m_data_20000000_ROMStart = (___ROM_AT + SIZEOF (.data))

.jcr            0x1fffe060        0x0 load address 0x00001258
 .jcr           0x1fffe060        0x0 c:/freescale/kds_v3/toolchain/bin/../lib/gcc/arm-none-eabi/4.8.4/armv7e-m/crtbegin.o

.igot.plt       0x1fffe060        0x0 load address 0x00001258
 .igot.plt      0x00000000        0x0 c:/freescale/kds_v3/toolchain/bin/../lib/gcc/arm-none-eabi/4.8.4/armv7e-m/crtbegin.o

.m_data_20000000
                0x20000000        0x0 load address 0x00001258
                0x20000000                . = ALIGN (0x4)
                0x20000000                ___m_data_20000000_RAMStart = .
 *(.m_data_20000000)
                0x20000000                ___m_data_20000000_RAMEnd = .
                0x20000000                . = ALIGN (0x4)
                0x00000000                ___m_data_20000000_ROMSize = (___m_data_20000000_RAMEnd - ___m_data_20000000_RAMStart)
                0x20000000                . = ALIGN (0x4)

.bss            0x1fffe060       0x64 load address 0x00001258
                0x1fffe060                __START_BSS = .
                0x1fffe060                PROVIDE (__bss_start__, __START_BSS)
 *(.bss)
 .bss           0x1fffe060       0x1c c:/freescale/kds_v3/toolchain/bin/../lib/gcc/arm-none-eabi/4.8.4/armv7e-m/crtbegin.o
 *(.bss*)
 .bss.SerFlag   0x1fffe07c        0x2 ./Generated_Code/AS1.o
 .bss.BufferRead
                0x1fffe07e        0x1 ./Generated_Code/AS1.o
 .bss.OutBuffer
                0x1fffe07f        0x1 ./Generated_Code/AS1.o
 .bss.DeviceDataPrv__DEFAULT_RTOS_ALLOC
                0x1fffe080       0x20 ./Generated_Code/ASerialLdd1.o
 .bss.DeviceDataPrv__DEFAULT_RTOS_ALLOC
                0x1fffe0a0        0x4 ./Generated_Code/BitIoLdd1.o
 .bss.DeviceDataPrv__DEFAULT_RTOS_ALLOC
                0x1fffe0a4        0x4 ./Generated_Code/BitIoLdd2.o
 .bss.DeviceDataPrv__DEFAULT_RTOS_ALLOC
                0x1fffe0a8        0x4 ./Generated_Code/BitIoLdd3.o
 .bss.PE_LDD_DeviceDataList
                0x1fffe0ac       0x10 ./Generated_Code/PE_LDD.o
                0x1fffe0ac                PE_LDD_DeviceDataList
 *(COMMON)
 COMMON         0x1fffe0bc        0x1 ./Sources/main.o
                0x1fffe0bc                c
 *fill*         0x1fffe0bd        0x3 
 COMMON         0x1fffe0c0        0x4 ./Generated_Code/AS1.o
                0x1fffe0c0                ASerialLdd1_DeviceDataPtr
                0x1fffe0c4                . = ALIGN (0x4)
                0x1fffe0c4                __END_BSS = .
                0x1fffe0c4                PROVIDE (__bss_end__, __END_BSS)
                0x00001258                _romp_at = ((___ROM_AT + SIZEOF (.data)) + SIZEOF (.m_data_20000000))

.romp           0x1fffe0c4       0x24 load address 0x00001258
                0x00001258                __S_romp = _romp_at
                0x1fffe0c4        0x4 LONG 0x11f8 ___ROM_AT
                0x1fffe0c8        0x4 LONG 0x1fffe000 _sdata
                0x1fffe0cc        0x4 LONG 0x60 ___data_size
                0x1fffe0d0        0x4 LONG 0x1258 ___m_data_20000000_ROMStart
                0x1fffe0d4        0x4 LONG 0x20000000 ___m_data_20000000_RAMStart
                0x1fffe0d8        0x4 LONG 0x0 ___m_data_20000000_ROMSize
                0x1fffe0dc        0x4 LONG 0x0
                0x1fffe0e0        0x4 LONG 0x0
                0x1fffe0e4        0x4 LONG 0x0
                0x00020000                text_end = (ORIGIN (m_text) + 0x1fbf0)
                0x0000127c                data_init_end = ((___m_data_20000000_ROMStart + SIZEOF (.m_data_20000000)) + SIZEOF (.romp))
                0x00000001                ASSERT ((data_init_end <= text_end), region m_text overflowed with text and data)

._user_heap_stack
                0x1fffe0e8      0x400 load address 0x0000127c
                0x1fffe0e8                . = ALIGN (0x4)
                0x1fffe0e8                PROVIDE (end, .)
                0x1fffe0e8                PROVIDE (_end, .)
                0x1fffe0e8                PROVIDE (__end__, .)
                0x1fffe0e8                __heap_addr = .
                0x1fffe0e8                __HeapBase = .
                0x1fffe0e8                . = (. + __heap_size)
                0x1fffe0e8                __HeapLimit = .
                0x1fffe4e8                . = (. + __stack_size)
 *fill*         0x1fffe0e8      0x400 
                0x1fffe4e8                . = ALIGN (0x4)

.ARM.attributes
                0x00000000       0x2a
 *(.ARM.attributes)
 .ARM.attributes
                0x00000000       0x1e c:/freescale/kds_v3/toolchain/bin/../lib/gcc/arm-none-eabi/4.8.4/armv7e-m/crti.o
 .ARM.attributes
                0x0000001e       0x2e c:/freescale/kds_v3/toolchain/bin/../lib/gcc/arm-none-eabi/4.8.4/armv7e-m/crtbegin.o
 .ARM.attributes
                0x0000004c       0x1c c:/freescale/kds_v3/toolchain/bin/../lib/gcc/arm-none-eabi/4.8.4/../../../../arm-none-eabi/lib/armv7e-m/crt0.o
 .ARM.attributes
                0x00000068       0x33 ./Sources/Events.o
 .ARM.attributes
                0x0000009b       0x33 ./Sources/main.o
 .ARM.attributes
                0x000000ce       0x33 ./Project_Settings/Startup_Code/startup.o
 .ARM.attributes
                0x00000101       0x33 ./Generated_Code/AS1.o
 .ARM.attributes
                0x00000134       0x33 ./Generated_Code/ASerialLdd1.o
 .ARM.attributes
                0x00000167       0x33 ./Generated_Code/BitIoLdd1.o
 .ARM.attributes
                0x0000019a       0x33 ./Generated_Code/BitIoLdd2.o
 .ARM.attributes
                0x000001cd       0x33 ./Generated_Code/BitIoLdd3.o
 .ARM.attributes
                0x00000200       0x33 ./Generated_Code/Cpu.o
 .ARM.attributes
                0x00000233       0x33 ./Generated_Code/PE_LDD.o
 .ARM.attributes
                0x00000266       0x33 ./Generated_Code/Vectors.o
 .ARM.attributes
                0x00000299       0x2e c:/freescale/kds_v3/toolchain/bin/../lib/gcc/arm-none-eabi/4.8.4/../../../../arm-none-eabi/lib/armv7e-m\libg_s.a(lib_a-exit.o)
 .ARM.attributes
                0x000002c7       0x2e c:/freescale/kds_v3/toolchain/bin/../lib/gcc/arm-none-eabi/4.8.4/../../../../arm-none-eabi/lib/armv7e-m\libg_s.a(lib_a-impure.o)
 .ARM.attributes
                0x000002f5       0x2e c:/freescale/kds_v3/toolchain/bin/../lib/gcc/arm-none-eabi/4.8.4/../../../../arm-none-eabi/lib/armv7e-m\libg_s.a(lib_a-init.o)
 .ARM.attributes
                0x00000323       0x2e c:/freescale/kds_v3/toolchain/bin/../lib/gcc/arm-none-eabi/4.8.4/../../../../arm-none-eabi/lib/armv7e-m\libg_s.a(lib_a-memset.o)
 .ARM.attributes
                0x00000351       0x2e c:/freescale/kds_v3/toolchain/bin/../lib/gcc/arm-none-eabi/4.8.4/../../../../arm-none-eabi/lib/armv7e-m\libg_s.a(lib_a-strlen.o)
 .ARM.attributes
                0x0000037f       0x2e c:/freescale/kds_v3/toolchain/bin/../lib/gcc/arm-none-eabi/4.8.4/../../../../arm-none-eabi/lib/armv7e-m\libnosys.a(_exit.o)
 .ARM.attributes
                0x000003ad       0x1e c:/freescale/kds_v3/toolchain/bin/../lib/gcc/arm-none-eabi/4.8.4/armv7e-m/crtn.o
OUTPUT(Lab4.elf elf32-littlearm)

.debug_info     0x00000000     0x2909
 .debug_info    0x00000000       0x96 ./Sources/Events.o
 .debug_info    0x00000096      0x324 ./Sources/main.o
 .debug_info    0x000003ba      0x20a ./Project_Settings/Startup_Code/startup.o
 .debug_info    0x000005c4      0x222 ./Generated_Code/AS1.o
 .debug_info    0x000007e6      0x976 ./Generated_Code/ASerialLdd1.o
 .debug_info    0x0000115c      0x377 ./Generated_Code/BitIoLdd1.o
 .debug_info    0x000014d3      0x377 ./Generated_Code/BitIoLdd2.o
 .debug_info    0x0000184a      0x377 ./Generated_Code/BitIoLdd3.o
 .debug_info    0x00001bc1      0x9e9 ./Generated_Code/Cpu.o
 .debug_info    0x000025aa      0x251 ./Generated_Code/PE_LDD.o
 .debug_info    0x000027fb      0x10e ./Generated_Code/Vectors.o

.debug_abbrev   0x00000000      0xcad
 .debug_abbrev  0x00000000       0x45 ./Sources/Events.o
 .debug_abbrev  0x00000045      0x12a ./Sources/main.o
 .debug_abbrev  0x0000016f      0x11e ./Project_Settings/Startup_Code/startup.o
 .debug_abbrev  0x0000028d      0x117 ./Generated_Code/AS1.o
 .debug_abbrev  0x000003a4      0x1c3 ./Generated_Code/ASerialLdd1.o
 .debug_abbrev  0x00000567      0x15f ./Generated_Code/BitIoLdd1.o
 .debug_abbrev  0x000006c6      0x15f ./Generated_Code/BitIoLdd2.o
 .debug_abbrev  0x00000825      0x15f ./Generated_Code/BitIoLdd3.o
 .debug_abbrev  0x00000984      0x178 ./Generated_Code/Cpu.o
 .debug_abbrev  0x00000afc      0x10d ./Generated_Code/PE_LDD.o
 .debug_abbrev  0x00000c09       0xa4 ./Generated_Code/Vectors.o

.debug_aranges  0x00000000      0x2a8
 .debug_aranges
                0x00000000       0x20 ./Sources/Events.o
 .debug_aranges
                0x00000020       0x28 ./Sources/main.o
 .debug_aranges
                0x00000048       0x50 ./Project_Settings/Startup_Code/startup.o
 .debug_aranges
                0x00000098       0x50 ./Generated_Code/AS1.o
 .debug_aranges
                0x000000e8       0x60 ./Generated_Code/ASerialLdd1.o
 .debug_aranges
                0x00000148       0x48 ./Generated_Code/BitIoLdd1.o
 .debug_aranges
                0x00000190       0x48 ./Generated_Code/BitIoLdd2.o
 .debug_aranges
                0x000001d8       0x48 ./Generated_Code/BitIoLdd3.o
 .debug_aranges
                0x00000220       0x40 ./Generated_Code/Cpu.o
 .debug_aranges
                0x00000260       0x30 ./Generated_Code/PE_LDD.o
 .debug_aranges
                0x00000290       0x18 ./Generated_Code/Vectors.o

.debug_ranges   0x00000000      0x1f0
 .debug_ranges  0x00000000       0x10 ./Sources/Events.o
 .debug_ranges  0x00000010       0x18 ./Sources/main.o
 .debug_ranges  0x00000028       0x40 ./Project_Settings/Startup_Code/startup.o
 .debug_ranges  0x00000068       0x40 ./Generated_Code/AS1.o
 .debug_ranges  0x000000a8       0x50 ./Generated_Code/ASerialLdd1.o
 .debug_ranges  0x000000f8       0x38 ./Generated_Code/BitIoLdd1.o
 .debug_ranges  0x00000130       0x38 ./Generated_Code/BitIoLdd2.o
 .debug_ranges  0x00000168       0x38 ./Generated_Code/BitIoLdd3.o
 .debug_ranges  0x000001a0       0x30 ./Generated_Code/Cpu.o
 .debug_ranges  0x000001d0       0x20 ./Generated_Code/PE_LDD.o

.debug_macro    0x00000000    0x186a9
 .debug_macro   0x00000000      0x131 ./Sources/Events.o
 .debug_macro   0x00000131      0x84a ./Sources/Events.o
 .debug_macro   0x0000097b       0x16 ./Sources/Events.o
 .debug_macro   0x00000991       0x44 ./Sources/Events.o
 .debug_macro   0x000009d5      0x209 ./Sources/Events.o
 .debug_macro   0x00000bde     0x1672 ./Sources/Events.o
 .debug_macro   0x00002250      0x14e ./Sources/Events.o
 .debug_macro   0x0000239e       0x6a ./Sources/Events.o
 .debug_macro   0x00002408     0x9b9f ./Sources/Events.o
 .debug_macro   0x0000bfa7       0x94 ./Sources/Events.o
 .debug_macro   0x0000c03b       0x94 ./Sources/Events.o
 .debug_macro   0x0000c0cf      0x12c ./Sources/Events.o
 .debug_macro   0x0000c1fb       0x46 ./Sources/Events.o
 .debug_macro   0x0000c241       0x26 ./Sources/Events.o
 .debug_macro   0x0000c267       0x4c ./Sources/Events.o
 .debug_macro   0x0000c2b3       0x26 ./Sources/Events.o
 .debug_macro   0x0000c2d9       0x4c ./Sources/Events.o
 .debug_macro   0x0000c325       0x26 ./Sources/Events.o
 .debug_macro   0x0000c34b       0x65 ./Sources/Events.o
 .debug_macro   0x0000c3b0       0x11 ./Sources/Events.o
 .debug_macro   0x0000c3c1      0x1d9 ./Sources/main.o
 .debug_macro   0x0000c59a       0x58 ./Sources/main.o
 .debug_macro   0x0000c5f2       0x35 ./Sources/main.o
 .debug_macro   0x0000c627       0xa3 ./Sources/main.o
 .debug_macro   0x0000c6ca      0x166 ./Sources/main.o
 .debug_macro   0x0000c830       0x52 ./Sources/main.o
 .debug_macro   0x0000c882       0x16 ./Sources/main.o
 .debug_macro   0x0000c898       0x43 ./Sources/main.o
 .debug_macro   0x0000c8db      0x180 ./Sources/main.o
 .debug_macro   0x0000ca5b      0x2a6 ./Sources/main.o
 .debug_macro   0x0000cd01       0x10 ./Sources/main.o
 .debug_macro   0x0000cd11       0x35 ./Sources/main.o
 .debug_macro   0x0000cd46      0x121 ./Project_Settings/Startup_Code/startup.o
 .debug_macro   0x0000ce67       0x4a ./Project_Settings/Startup_Code/startup.o
 .debug_macro   0x0000ceb1       0x16 ./Project_Settings/Startup_Code/startup.o
 .debug_macro   0x0000cec7       0x22 ./Project_Settings/Startup_Code/startup.o
 .debug_macro   0x0000cee9       0x10 ./Project_Settings/Startup_Code/startup.o
 .debug_macro   0x0000cef9      0x20f ./Project_Settings/Startup_Code/startup.o
 .debug_macro   0x0000d108     0x9b93 ./Project_Settings/Startup_Code/startup.o
 .debug_macro   0x00016c9b       0xdf ./Generated_Code/AS1.o
 .debug_macro   0x00016d7a       0x5f ./Generated_Code/AS1.o
 .debug_macro   0x00016dd9       0xc5 ./Generated_Code/ASerialLdd1.o
 .debug_macro   0x00016e9e       0x17 ./Generated_Code/ASerialLdd1.o
 .debug_macro   0x00016eb5      0x7ab ./Generated_Code/ASerialLdd1.o
 .debug_macro   0x00017660      0x9b1 ./Generated_Code/ASerialLdd1.o
 .debug_macro   0x00018011       0xa6 ./Generated_Code/BitIoLdd1.o
 .debug_macro   0x000180b7       0x9a ./Generated_Code/BitIoLdd1.o
 .debug_macro   0x00018151       0xa6 ./Generated_Code/BitIoLdd2.o
 .debug_macro   0x000181f7       0x46 ./Generated_Code/BitIoLdd2.o
 .debug_macro   0x0001823d       0xa6 ./Generated_Code/BitIoLdd3.o
 .debug_macro   0x000182e3       0x46 ./Generated_Code/BitIoLdd3.o
 .debug_macro   0x00018329      0x13c ./Generated_Code/Cpu.o
 .debug_macro   0x00018465      0x107 ./Generated_Code/PE_LDD.o
 .debug_macro   0x0001856c      0x13d ./Generated_Code/Vectors.o

.debug_line     0x00000000     0x2326
 .debug_line    0x00000000      0x2dc ./Sources/Events.o
 .debug_line    0x000002dc      0x3e9 ./Sources/main.o
 .debug_line    0x000006c5      0x3b5 ./Project_Settings/Startup_Code/startup.o
 .debug_line    0x00000a7a      0x28a ./Generated_Code/AS1.o
 .debug_line    0x00000d04      0x359 ./Generated_Code/ASerialLdd1.o
 .debug_line    0x0000105d      0x2b7 ./Generated_Code/BitIoLdd1.o
 .debug_line    0x00001314      0x2b7 ./Generated_Code/BitIoLdd2.o
 .debug_line    0x000015cb      0x2b7 ./Generated_Code/BitIoLdd3.o
 .debug_line    0x00001882      0x41f ./Generated_Code/Cpu.o
 .debug_line    0x00001ca1      0x2eb ./Generated_Code/PE_LDD.o
 .debug_line    0x00001f8c      0x39a ./Generated_Code/Vectors.o

.debug_str      0x00000000    0x5198a
 .debug_str     0x00000000    0x40448 ./Sources/Events.o
                              0x40592 (size before relaxing)
 .debug_str     0x00040448     0x257c ./Sources/main.o
                              0x42b8b (size before relaxing)
 .debug_str     0x000429c4      0x1b0 ./Project_Settings/Startup_Code/startup.o
                              0x3a1cb (size before relaxing)
 .debug_str     0x00042b74      0x1b8 ./Generated_Code/AS1.o
                              0x3f13c (size before relaxing)
 .debug_str     0x00042d2c     0xe5d7 ./Generated_Code/ASerialLdd1.o
                              0x4dbd1 (size before relaxing)
 .debug_str     0x00051303       0xf8 ./Generated_Code/BitIoLdd1.o
                              0x3fe34 (size before relaxing)
 .debug_str     0x000513fb       0xb1 ./Generated_Code/BitIoLdd2.o
                              0x3fe34 (size before relaxing)
 .debug_str     0x000514ac       0xb1 ./Generated_Code/BitIoLdd3.o
                              0x3fe34 (size before relaxing)
 .debug_str     0x0005155d      0x293 ./Generated_Code/Cpu.o
                              0x4094f (size before relaxing)
 .debug_str     0x000517f0      0x17e ./Generated_Code/PE_LDD.o
                              0x40747 (size before relaxing)
 .debug_str     0x0005196e       0x1c ./Generated_Code/Vectors.o
                              0x405da (size before relaxing)

.comment        0x00000000       0x70
 .comment       0x00000000       0x70 ./Sources/Events.o
                                 0x71 (size before relaxing)
 .comment       0x00000000       0x71 ./Sources/main.o
 .comment       0x00000000       0x71 ./Project_Settings/Startup_Code/startup.o
 .comment       0x00000000       0x71 ./Generated_Code/AS1.o
 .comment       0x00000000       0x71 ./Generated_Code/ASerialLdd1.o
 .comment       0x00000000       0x71 ./Generated_Code/BitIoLdd1.o
 .comment       0x00000000       0x71 ./Generated_Code/BitIoLdd2.o
 .comment       0x00000000       0x71 ./Generated_Code/BitIoLdd3.o
 .comment       0x00000000       0x71 ./Generated_Code/Cpu.o
 .comment       0x00000000       0x71 ./Generated_Code/PE_LDD.o
 .comment       0x00000000       0x71 ./Generated_Code/Vectors.o

.debug_frame    0x00000000      0x710
 .debug_frame   0x00000000       0x28 ./Sources/Events.o
 .debug_frame   0x00000028       0x4c ./Sources/main.o
 .debug_frame   0x00000074       0xc0 ./Project_Settings/Startup_Code/startup.o
 .debug_frame   0x00000134       0xdc ./Generated_Code/AS1.o
 .debug_frame   0x00000210      0x11c ./Generated_Code/ASerialLdd1.o
 .debug_frame   0x0000032c       0xb8 ./Generated_Code/BitIoLdd1.o
 .debug_frame   0x000003e4       0xb8 ./Generated_Code/BitIoLdd2.o
 .debug_frame   0x0000049c       0xb8 ./Generated_Code/BitIoLdd3.o
 .debug_frame   0x00000554       0xa4 ./Generated_Code/Cpu.o
 .debug_frame   0x000005f8       0x64 ./Generated_Code/PE_LDD.o
 .debug_frame   0x0000065c       0x28 c:/freescale/kds_v3/toolchain/bin/../lib/gcc/arm-none-eabi/4.8.4/../../../../arm-none-eabi/lib/armv7e-m\libg_s.a(lib_a-exit.o)
 .debug_frame   0x00000684       0x2c c:/freescale/kds_v3/toolchain/bin/../lib/gcc/arm-none-eabi/4.8.4/../../../../arm-none-eabi/lib/armv7e-m\libg_s.a(lib_a-init.o)
 .debug_frame   0x000006b0       0x20 c:/freescale/kds_v3/toolchain/bin/../lib/gcc/arm-none-eabi/4.8.4/../../../../arm-none-eabi/lib/armv7e-m\libg_s.a(lib_a-memset.o)
 .debug_frame   0x000006d0       0x20 c:/freescale/kds_v3/toolchain/bin/../lib/gcc/arm-none-eabi/4.8.4/../../../../arm-none-eabi/lib/armv7e-m\libg_s.a(lib_a-strlen.o)
 .debug_frame   0x000006f0       0x20 c:/freescale/kds_v3/toolchain/bin/../lib/gcc/arm-none-eabi/4.8.4/../../../../arm-none-eabi/lib/armv7e-m\libnosys.a(_exit.o)
