Archive member included because of file (symbol)

c:/freescale/kds_v3/toolchain/bin/../lib/gcc/arm-none-eabi/4.8.4/armv7e-m\libgcc.a(_arm_addsubsf3.o)
                              ./Generated_Code/Term1.o (__aeabi_fsub)
c:/freescale/kds_v3/toolchain/bin/../lib/gcc/arm-none-eabi/4.8.4/armv7e-m\libgcc.a(_arm_muldivsf3.o)
                              ./Generated_Code/PwmLdd1.o (__aeabi_fmul)
c:/freescale/kds_v3/toolchain/bin/../lib/gcc/arm-none-eabi/4.8.4/armv7e-m\libgcc.a(_arm_cmpsf2.o)
                              ./Generated_Code/Term1.o (__aeabi_fcmplt)
c:/freescale/kds_v3/toolchain/bin/../lib/gcc/arm-none-eabi/4.8.4/armv7e-m\libgcc.a(_arm_fixunssfsi.o)
                              ./Generated_Code/PwmLdd1.o (__aeabi_f2uiz)
c:/freescale/kds_v3/toolchain/bin/../lib/gcc/arm-none-eabi/4.8.4/../../../../arm-none-eabi/lib/armv7e-m\libg_s.a(lib_a-exit.o)
                              c:/freescale/kds_v3/toolchain/bin/../lib/gcc/arm-none-eabi/4.8.4/../../../../arm-none-eabi/lib/armv7e-m/crt0.o (exit)
c:/freescale/kds_v3/toolchain/bin/../lib/gcc/arm-none-eabi/4.8.4/../../../../arm-none-eabi/lib/armv7e-m\libg_s.a(lib_a-impure.o)
                              c:/freescale/kds_v3/toolchain/bin/../lib/gcc/arm-none-eabi/4.8.4/../../../../arm-none-eabi/lib/armv7e-m\libg_s.a(lib_a-exit.o) (_global_impure_ptr)
c:/freescale/kds_v3/toolchain/bin/../lib/gcc/arm-none-eabi/4.8.4/../../../../arm-none-eabi/lib/armv7e-m\libg_s.a(lib_a-init.o)
                              c:/freescale/kds_v3/toolchain/bin/../lib/gcc/arm-none-eabi/4.8.4/../../../../arm-none-eabi/lib/armv7e-m/crt0.o (__libc_init_array)
c:/freescale/kds_v3/toolchain/bin/../lib/gcc/arm-none-eabi/4.8.4/../../../../arm-none-eabi/lib/armv7e-m\libg_s.a(lib_a-memset.o)
                              c:/freescale/kds_v3/toolchain/bin/../lib/gcc/arm-none-eabi/4.8.4/../../../../arm-none-eabi/lib/armv7e-m/crt0.o (memset)
c:/freescale/kds_v3/toolchain/bin/../lib/gcc/arm-none-eabi/4.8.4/../../../../arm-none-eabi/lib/armv7e-m\libnosys.a(_exit.o)
                              c:/freescale/kds_v3/toolchain/bin/../lib/gcc/arm-none-eabi/4.8.4/../../../../arm-none-eabi/lib/armv7e-m\libg_s.a(lib_a-exit.o) (_exit)

Allocating common symbols
Common symbol       size              file

ASerialLdd1_DeviceDataPtr
                    0x4               ./Generated_Code/Inhr1.o
AD1_OutV            0x2               ./Generated_Code/AD1.o
AdcLdd1_DeviceDataPtr
                    0x4               ./Generated_Code/AD1.o
lightvalue          0x7d0             ./Sources/main.o
SR_reg              0x1               ./Generated_Code/Cpu.o
Values              0x2               ./Sources/main.o

Discarded input sections

 .text          0x00000000        0x0 c:/freescale/kds_v3/toolchain/bin/../lib/gcc/arm-none-eabi/4.8.4/armv7e-m/crti.o
 .data          0x00000000        0x0 c:/freescale/kds_v3/toolchain/bin/../lib/gcc/arm-none-eabi/4.8.4/armv7e-m/crti.o
 .bss           0x00000000        0x0 c:/freescale/kds_v3/toolchain/bin/../lib/gcc/arm-none-eabi/4.8.4/armv7e-m/crti.o
 .data          0x00000000        0x4 c:/freescale/kds_v3/toolchain/bin/../lib/gcc/arm-none-eabi/4.8.4/armv7e-m/crtbegin.o
 .data          0x00000000        0x0 c:/freescale/kds_v3/toolchain/bin/../lib/gcc/arm-none-eabi/4.8.4/../../../../arm-none-eabi/lib/armv7e-m/crt0.o
 .bss           0x00000000        0x0 c:/freescale/kds_v3/toolchain/bin/../lib/gcc/arm-none-eabi/4.8.4/../../../../arm-none-eabi/lib/armv7e-m/crt0.o
 .ARM.extab     0x00000000        0x0 c:/freescale/kds_v3/toolchain/bin/../lib/gcc/arm-none-eabi/4.8.4/../../../../arm-none-eabi/lib/armv7e-m/crt0.o
 .group         0x00000000        0x8 ./Sources/Events.o
 .group         0x00000000        0x8 ./Sources/Events.o
 .group         0x00000000        0x8 ./Sources/Events.o
 .group         0x00000000        0x8 ./Sources/Events.o
 .group         0x00000000        0x8 ./Sources/Events.o
 .group         0x00000000        0x8 ./Sources/Events.o
 .group         0x00000000        0x8 ./Sources/Events.o
 .group         0x00000000        0x8 ./Sources/Events.o
 .group         0x00000000        0x8 ./Sources/Events.o
 .group         0x00000000        0x8 ./Sources/Events.o
 .group         0x00000000        0x8 ./Sources/Events.o
 .group         0x00000000        0x8 ./Sources/Events.o
 .group         0x00000000        0x8 ./Sources/Events.o
 .group         0x00000000        0x8 ./Sources/Events.o
 .group         0x00000000        0x8 ./Sources/Events.o
 .group         0x00000000        0x8 ./Sources/Events.o
 .group         0x00000000        0x8 ./Sources/Events.o
 .group         0x00000000        0x8 ./Sources/Events.o
 .group         0x00000000        0x8 ./Sources/Events.o
 .text          0x00000000        0x0 ./Sources/Events.o
 .data          0x00000000        0x0 ./Sources/Events.o
 .bss           0x00000000        0x0 ./Sources/Events.o
 .group         0x00000000        0x8 ./Sources/main.o
 .group         0x00000000        0x8 ./Sources/main.o
 .group         0x00000000        0x8 ./Sources/main.o
 .group         0x00000000        0x8 ./Sources/main.o
 .group         0x00000000        0x8 ./Sources/main.o
 .group         0x00000000        0x8 ./Sources/main.o
 .group         0x00000000        0x8 ./Sources/main.o
 .group         0x00000000        0x8 ./Sources/main.o
 .group         0x00000000        0x8 ./Sources/main.o
 .group         0x00000000        0x8 ./Sources/main.o
 .group         0x00000000        0x8 ./Sources/main.o
 .group         0x00000000        0x8 ./Sources/main.o
 .group         0x00000000        0x8 ./Sources/main.o
 .group         0x00000000        0x8 ./Sources/main.o
 .group         0x00000000        0x8 ./Sources/main.o
 .group         0x00000000        0x8 ./Sources/main.o
 .group         0x00000000        0x8 ./Sources/main.o
 .group         0x00000000        0x8 ./Sources/main.o
 .group         0x00000000        0x8 ./Sources/main.o
 .group         0x00000000        0x8 ./Sources/main.o
 .group         0x00000000        0x8 ./Sources/main.o
 .group         0x00000000        0x8 ./Sources/main.o
 .group         0x00000000        0x8 ./Sources/main.o
 .group         0x00000000        0x8 ./Sources/main.o
 .group         0x00000000        0x8 ./Sources/main.o
 .group         0x00000000        0x8 ./Sources/main.o
 .group         0x00000000        0x8 ./Sources/main.o
 .group         0x00000000        0x8 ./Sources/main.o
 .group         0x00000000        0x8 ./Sources/main.o
 .group         0x00000000        0x8 ./Sources/main.o
 .group         0x00000000        0x8 ./Sources/main.o
 .group         0x00000000        0x8 ./Sources/main.o
 .group         0x00000000        0x8 ./Sources/main.o
 .group         0x00000000        0x8 ./Sources/main.o
 .group         0x00000000        0x8 ./Sources/main.o
 .text          0x00000000        0x0 ./Sources/main.o
 .data          0x00000000        0x0 ./Sources/main.o
 .bss           0x00000000        0x0 ./Sources/main.o
 .bss.ValuesAvailable
                0x00000000        0x1 ./Sources/main.o
 .debug_macro   0x00000000      0x84a ./Sources/main.o
 .debug_macro   0x00000000       0x16 ./Sources/main.o
 .debug_macro   0x00000000       0x44 ./Sources/main.o
 .debug_macro   0x00000000      0x209 ./Sources/main.o
 .debug_macro   0x00000000     0x1672 ./Sources/main.o
 .debug_macro   0x00000000      0x14e ./Sources/main.o
 .debug_macro   0x00000000       0x6a ./Sources/main.o
 .debug_macro   0x00000000     0x9b9f ./Sources/main.o
 .debug_macro   0x00000000       0x94 ./Sources/main.o
 .debug_macro   0x00000000       0x5e ./Sources/main.o
 .debug_macro   0x00000000       0x11 ./Sources/main.o
 .debug_macro   0x00000000       0x94 ./Sources/main.o
 .debug_macro   0x00000000      0x6a0 ./Sources/main.o
 .debug_macro   0x00000000       0x74 ./Sources/main.o
 .debug_macro   0x00000000       0x37 ./Sources/main.o
 .debug_macro   0x00000000       0x25 ./Sources/main.o
 .debug_macro   0x00000000      0x61c ./Sources/main.o
 .debug_macro   0x00000000       0x7b ./Sources/main.o
 .debug_macro   0x00000000       0x10 ./Sources/main.o
 .group         0x00000000        0x8 ./Project_Settings/Startup_Code/startup.o
 .group         0x00000000        0x8 ./Project_Settings/Startup_Code/startup.o
 .group         0x00000000        0x8 ./Project_Settings/Startup_Code/startup.o
 .group         0x00000000        0x8 ./Project_Settings/Startup_Code/startup.o
 .group         0x00000000        0x8 ./Project_Settings/Startup_Code/startup.o
 .group         0x00000000        0x8 ./Project_Settings/Startup_Code/startup.o
 .group         0x00000000        0x8 ./Project_Settings/Startup_Code/startup.o
 .group         0x00000000        0x8 ./Project_Settings/Startup_Code/startup.o
 .group         0x00000000        0x8 ./Project_Settings/Startup_Code/startup.o
 .group         0x00000000        0x8 ./Project_Settings/Startup_Code/startup.o
 .group         0x00000000        0x8 ./Project_Settings/Startup_Code/startup.o
 .group         0x00000000        0x8 ./Project_Settings/Startup_Code/startup.o
 .group         0x00000000        0x8 ./Project_Settings/Startup_Code/startup.o
 .group         0x00000000        0x8 ./Project_Settings/Startup_Code/startup.o
 .group         0x00000000        0x8 ./Project_Settings/Startup_Code/startup.o
 .group         0x00000000        0x8 ./Project_Settings/Startup_Code/startup.o
 .group         0x00000000        0x8 ./Project_Settings/Startup_Code/startup.o
 .group         0x00000000        0x8 ./Project_Settings/Startup_Code/startup.o
 .group         0x00000000        0x8 ./Project_Settings/Startup_Code/startup.o
 .text          0x00000000        0x0 ./Project_Settings/Startup_Code/startup.o
 .data          0x00000000        0x0 ./Project_Settings/Startup_Code/startup.o
 .bss           0x00000000        0x0 ./Project_Settings/Startup_Code/startup.o
 .text.__init_hardware
                0x00000000        0xc ./Project_Settings/Startup_Code/startup.o
 .text.__iar_program_start
                0x00000000        0xc ./Project_Settings/Startup_Code/startup.o
 .debug_macro   0x00000000      0x84a ./Project_Settings/Startup_Code/startup.o
 .debug_macro   0x00000000       0x58 ./Project_Settings/Startup_Code/startup.o
 .debug_macro   0x00000000       0x16 ./Project_Settings/Startup_Code/startup.o
 .debug_macro   0x00000000       0x35 ./Project_Settings/Startup_Code/startup.o
 .debug_macro   0x00000000       0xa3 ./Project_Settings/Startup_Code/startup.o
 .debug_macro   0x00000000       0x52 ./Project_Settings/Startup_Code/startup.o
 .debug_macro   0x00000000       0x16 ./Project_Settings/Startup_Code/startup.o
 .debug_macro   0x00000000       0x43 ./Project_Settings/Startup_Code/startup.o
 .debug_macro   0x00000000      0x180 ./Project_Settings/Startup_Code/startup.o
 .group         0x00000000        0x8 ./Generated_Code/AD1.o
 .group         0x00000000        0x8 ./Generated_Code/AD1.o
 .group         0x00000000        0x8 ./Generated_Code/AD1.o
 .group         0x00000000        0x8 ./Generated_Code/AD1.o
 .group         0x00000000        0x8 ./Generated_Code/AD1.o
 .group         0x00000000        0x8 ./Generated_Code/AD1.o
 .group         0x00000000        0x8 ./Generated_Code/AD1.o
 .group         0x00000000        0x8 ./Generated_Code/AD1.o
 .group         0x00000000        0x8 ./Generated_Code/AD1.o
 .group         0x00000000        0x8 ./Generated_Code/AD1.o
 .group         0x00000000        0x8 ./Generated_Code/AD1.o
 .group         0x00000000        0x8 ./Generated_Code/AD1.o
 .group         0x00000000        0x8 ./Generated_Code/AD1.o
 .group         0x00000000        0x8 ./Generated_Code/AD1.o
 .group         0x00000000        0x8 ./Generated_Code/AD1.o
 .group         0x00000000        0x8 ./Generated_Code/AD1.o
 .group         0x00000000        0x8 ./Generated_Code/AD1.o
 .group         0x00000000        0x8 ./Generated_Code/AD1.o
 .group         0x00000000        0x8 ./Generated_Code/AD1.o
 .text          0x00000000        0x0 ./Generated_Code/AD1.o
 .data          0x00000000        0x0 ./Generated_Code/AD1.o
 .bss           0x00000000        0x0 ./Generated_Code/AD1.o
 .debug_macro   0x00000000      0x84a ./Generated_Code/AD1.o
 .debug_macro   0x00000000       0x16 ./Generated_Code/AD1.o
 .debug_macro   0x00000000       0x44 ./Generated_Code/AD1.o
 .debug_macro   0x00000000      0x209 ./Generated_Code/AD1.o
 .debug_macro   0x00000000     0x1672 ./Generated_Code/AD1.o
 .debug_macro   0x00000000      0x14e ./Generated_Code/AD1.o
 .debug_macro   0x00000000       0x6a ./Generated_Code/AD1.o
 .debug_macro   0x00000000     0x9b9f ./Generated_Code/AD1.o
 .debug_macro   0x00000000       0x5e ./Generated_Code/AD1.o
 .debug_macro   0x00000000       0x11 ./Generated_Code/AD1.o
 .debug_macro   0x00000000       0x94 ./Generated_Code/AD1.o
 .debug_macro   0x00000000      0x6a0 ./Generated_Code/AD1.o
 .debug_macro   0x00000000       0x74 ./Generated_Code/AD1.o
 .debug_macro   0x00000000       0x37 ./Generated_Code/AD1.o
 .debug_macro   0x00000000       0x25 ./Generated_Code/AD1.o
 .debug_macro   0x00000000      0x61c ./Generated_Code/AD1.o
 .debug_macro   0x00000000       0x7b ./Generated_Code/AD1.o
 .debug_macro   0x00000000       0x10 ./Generated_Code/AD1.o
 .group         0x00000000        0x8 ./Generated_Code/ASerialLdd1.o
 .group         0x00000000        0x8 ./Generated_Code/ASerialLdd1.o
 .group         0x00000000        0x8 ./Generated_Code/ASerialLdd1.o
 .group         0x00000000        0x8 ./Generated_Code/ASerialLdd1.o
 .group         0x00000000        0x8 ./Generated_Code/ASerialLdd1.o
 .group         0x00000000        0x8 ./Generated_Code/ASerialLdd1.o
 .group         0x00000000        0x8 ./Generated_Code/ASerialLdd1.o
 .group         0x00000000        0x8 ./Generated_Code/ASerialLdd1.o
 .group         0x00000000        0x8 ./Generated_Code/ASerialLdd1.o
 .group         0x00000000        0x8 ./Generated_Code/ASerialLdd1.o
 .group         0x00000000        0x8 ./Generated_Code/ASerialLdd1.o
 .group         0x00000000        0x8 ./Generated_Code/ASerialLdd1.o
 .group         0x00000000        0x8 ./Generated_Code/ASerialLdd1.o
 .group         0x00000000        0x8 ./Generated_Code/ASerialLdd1.o
 .text          0x00000000        0x0 ./Generated_Code/ASerialLdd1.o
 .data          0x00000000        0x0 ./Generated_Code/ASerialLdd1.o
 .bss           0x00000000        0x0 ./Generated_Code/ASerialLdd1.o
 .text.ASerialLdd1_GetReceivedDataNum
                0x00000000       0x1c ./Generated_Code/ASerialLdd1.o
 .text.ASerialLdd1_GetError
                0x00000000       0x2c ./Generated_Code/ASerialLdd1.o
 .debug_macro   0x00000000      0x84a ./Generated_Code/ASerialLdd1.o
 .debug_macro   0x00000000       0x16 ./Generated_Code/ASerialLdd1.o
 .debug_macro   0x00000000       0x44 ./Generated_Code/ASerialLdd1.o
 .debug_macro   0x00000000      0x209 ./Generated_Code/ASerialLdd1.o
 .debug_macro   0x00000000     0x1672 ./Generated_Code/ASerialLdd1.o
 .debug_macro   0x00000000      0x14e ./Generated_Code/ASerialLdd1.o
 .debug_macro   0x00000000       0x6a ./Generated_Code/ASerialLdd1.o
 .debug_macro   0x00000000     0x9b9f ./Generated_Code/ASerialLdd1.o
 .debug_macro   0x00000000       0x94 ./Generated_Code/ASerialLdd1.o
 .debug_macro   0x00000000       0x94 ./Generated_Code/ASerialLdd1.o
 .group         0x00000000        0x8 ./Generated_Code/AdcLdd1.o
 .group         0x00000000        0x8 ./Generated_Code/AdcLdd1.o
 .group         0x00000000        0x8 ./Generated_Code/AdcLdd1.o
 .group         0x00000000        0x8 ./Generated_Code/AdcLdd1.o
 .group         0x00000000        0x8 ./Generated_Code/AdcLdd1.o
 .group         0x00000000        0x8 ./Generated_Code/AdcLdd1.o
 .group         0x00000000        0x8 ./Generated_Code/AdcLdd1.o
 .group         0x00000000        0x8 ./Generated_Code/AdcLdd1.o
 .group         0x00000000        0x8 ./Generated_Code/AdcLdd1.o
 .group         0x00000000        0x8 ./Generated_Code/AdcLdd1.o
 .group         0x00000000        0x8 ./Generated_Code/AdcLdd1.o
 .group         0x00000000        0x8 ./Generated_Code/AdcLdd1.o
 .group         0x00000000        0x8 ./Generated_Code/AdcLdd1.o
 .text          0x00000000        0x0 ./Generated_Code/AdcLdd1.o
 .data          0x00000000        0x0 ./Generated_Code/AdcLdd1.o
 .bss           0x00000000        0x0 ./Generated_Code/AdcLdd1.o
 .rodata.ChannelToPin
                0x00000000        0x4 ./Generated_Code/AdcLdd1.o
 .text.AdcLdd1_CancelMeasurement
                0x00000000       0x2c ./Generated_Code/AdcLdd1.o
 .debug_macro   0x00000000      0x84a ./Generated_Code/AdcLdd1.o
 .debug_macro   0x00000000       0x16 ./Generated_Code/AdcLdd1.o
 .debug_macro   0x00000000       0x44 ./Generated_Code/AdcLdd1.o
 .debug_macro   0x00000000      0x209 ./Generated_Code/AdcLdd1.o
 .debug_macro   0x00000000     0x1672 ./Generated_Code/AdcLdd1.o
 .debug_macro   0x00000000      0x14e ./Generated_Code/AdcLdd1.o
 .debug_macro   0x00000000       0x6a ./Generated_Code/AdcLdd1.o
 .debug_macro   0x00000000     0x9b9f ./Generated_Code/AdcLdd1.o
 .debug_macro   0x00000000       0x9a ./Generated_Code/AdcLdd1.o
 .debug_macro   0x00000000       0x94 ./Generated_Code/AdcLdd1.o
 .debug_macro   0x00000000       0x7b ./Generated_Code/AdcLdd1.o
 .debug_macro   0x00000000       0x10 ./Generated_Code/AdcLdd1.o
 .group         0x00000000        0x8 ./Generated_Code/Blue.o
 .group         0x00000000        0x8 ./Generated_Code/Blue.o
 .group         0x00000000        0x8 ./Generated_Code/Blue.o
 .group         0x00000000        0x8 ./Generated_Code/Blue.o
 .group         0x00000000        0x8 ./Generated_Code/Blue.o
 .group         0x00000000        0x8 ./Generated_Code/Blue.o
 .group         0x00000000        0x8 ./Generated_Code/Blue.o
 .group         0x00000000        0x8 ./Generated_Code/Blue.o
 .group         0x00000000        0x8 ./Generated_Code/Blue.o
 .group         0x00000000        0x8 ./Generated_Code/Blue.o
 .group         0x00000000        0x8 ./Generated_Code/Blue.o
 .group         0x00000000        0x8 ./Generated_Code/Blue.o
 .group         0x00000000        0x8 ./Generated_Code/Blue.o
 .group         0x00000000        0x8 ./Generated_Code/Blue.o
 .text          0x00000000        0x0 ./Generated_Code/Blue.o
 .data          0x00000000        0x0 ./Generated_Code/Blue.o
 .bss           0x00000000        0x0 ./Generated_Code/Blue.o
 .debug_info    0x00000000       0x7d ./Generated_Code/Blue.o
 .debug_abbrev  0x00000000       0x29 ./Generated_Code/Blue.o
 .debug_aranges
                0x00000000       0x18 ./Generated_Code/Blue.o
 .debug_macro   0x00000000       0xc4 ./Generated_Code/Blue.o
 .debug_macro   0x00000000      0x84a ./Generated_Code/Blue.o
 .debug_macro   0x00000000       0x16 ./Generated_Code/Blue.o
 .debug_macro   0x00000000       0x44 ./Generated_Code/Blue.o
 .debug_macro   0x00000000      0x209 ./Generated_Code/Blue.o
 .debug_macro   0x00000000     0x1672 ./Generated_Code/Blue.o
 .debug_macro   0x00000000      0x14e ./Generated_Code/Blue.o
 .debug_macro   0x00000000       0x6a ./Generated_Code/Blue.o
 .debug_macro   0x00000000     0x9b9f ./Generated_Code/Blue.o
 .debug_macro   0x00000000       0x94 ./Generated_Code/Blue.o
 .debug_macro   0x00000000      0x6a0 ./Generated_Code/Blue.o
 .debug_macro   0x00000000       0x9a ./Generated_Code/Blue.o
 .debug_macro   0x00000000       0x74 ./Generated_Code/Blue.o
 .debug_macro   0x00000000       0x37 ./Generated_Code/Blue.o
 .debug_macro   0x00000000       0x25 ./Generated_Code/Blue.o
 .debug_line    0x00000000      0x24d ./Generated_Code/Blue.o
 .debug_str     0x00000000    0x483ad ./Generated_Code/Blue.o
 .comment       0x00000000       0x71 ./Generated_Code/Blue.o
 .ARM.attributes
                0x00000000       0x33 ./Generated_Code/Blue.o
 .group         0x00000000        0x8 ./Generated_Code/Cpu.o
 .group         0x00000000        0x8 ./Generated_Code/Cpu.o
 .group         0x00000000        0x8 ./Generated_Code/Cpu.o
 .group         0x00000000        0x8 ./Generated_Code/Cpu.o
 .group         0x00000000        0x8 ./Generated_Code/Cpu.o
 .group         0x00000000        0x8 ./Generated_Code/Cpu.o
 .group         0x00000000        0x8 ./Generated_Code/Cpu.o
 .group         0x00000000        0x8 ./Generated_Code/Cpu.o
 .group         0x00000000        0x8 ./Generated_Code/Cpu.o
 .group         0x00000000        0x8 ./Generated_Code/Cpu.o
 .group         0x00000000        0x8 ./Generated_Code/Cpu.o
 .group         0x00000000        0x8 ./Generated_Code/Cpu.o
 .group         0x00000000        0x8 ./Generated_Code/Cpu.o
 .group         0x00000000        0x8 ./Generated_Code/Cpu.o
 .group         0x00000000        0x8 ./Generated_Code/Cpu.o
 .group         0x00000000        0x8 ./Generated_Code/Cpu.o
 .group         0x00000000        0x8 ./Generated_Code/Cpu.o
 .group         0x00000000        0x8 ./Generated_Code/Cpu.o
 .group         0x00000000        0x8 ./Generated_Code/Cpu.o
 .text          0x00000000        0x0 ./Generated_Code/Cpu.o
 .data          0x00000000        0x0 ./Generated_Code/Cpu.o
 .bss           0x00000000        0x0 ./Generated_Code/Cpu.o
 .debug_macro   0x00000000      0x84a ./Generated_Code/Cpu.o
 .debug_macro   0x00000000       0x16 ./Generated_Code/Cpu.o
 .debug_macro   0x00000000       0x44 ./Generated_Code/Cpu.o
 .debug_macro   0x00000000      0x209 ./Generated_Code/Cpu.o
 .debug_macro   0x00000000     0x1672 ./Generated_Code/Cpu.o
 .debug_macro   0x00000000      0x14e ./Generated_Code/Cpu.o
 .debug_macro   0x00000000       0x6a ./Generated_Code/Cpu.o
 .debug_macro   0x00000000     0x9b9f ./Generated_Code/Cpu.o
 .debug_macro   0x00000000       0x9a ./Generated_Code/Cpu.o
 .debug_macro   0x00000000       0x5e ./Generated_Code/Cpu.o
 .debug_macro   0x00000000       0x11 ./Generated_Code/Cpu.o
 .debug_macro   0x00000000       0x94 ./Generated_Code/Cpu.o
 .debug_macro   0x00000000      0x6a0 ./Generated_Code/Cpu.o
 .debug_macro   0x00000000       0x74 ./Generated_Code/Cpu.o
 .debug_macro   0x00000000       0x37 ./Generated_Code/Cpu.o
 .debug_macro   0x00000000       0x25 ./Generated_Code/Cpu.o
 .debug_macro   0x00000000      0x61c ./Generated_Code/Cpu.o
 .debug_macro   0x00000000       0x7b ./Generated_Code/Cpu.o
 .debug_macro   0x00000000       0x10 ./Generated_Code/Cpu.o
 .group         0x00000000        0x8 ./Generated_Code/Inhr1.o
 .group         0x00000000        0x8 ./Generated_Code/Inhr1.o
 .group         0x00000000        0x8 ./Generated_Code/Inhr1.o
 .group         0x00000000        0x8 ./Generated_Code/Inhr1.o
 .group         0x00000000        0x8 ./Generated_Code/Inhr1.o
 .group         0x00000000        0x8 ./Generated_Code/Inhr1.o
 .group         0x00000000        0x8 ./Generated_Code/Inhr1.o
 .group         0x00000000        0x8 ./Generated_Code/Inhr1.o
 .group         0x00000000        0x8 ./Generated_Code/Inhr1.o
 .group         0x00000000        0x8 ./Generated_Code/Inhr1.o
 .group         0x00000000        0x8 ./Generated_Code/Inhr1.o
 .text          0x00000000        0x0 ./Generated_Code/Inhr1.o
 .data          0x00000000        0x0 ./Generated_Code/Inhr1.o
 .bss           0x00000000        0x0 ./Generated_Code/Inhr1.o
 .text.Inhr1_RecvChar
                0x00000000       0x80 ./Generated_Code/Inhr1.o
 .text.Inhr1_GetCharsInRxBuf
                0x00000000       0x24 ./Generated_Code/Inhr1.o
 .debug_macro   0x00000000      0x84a ./Generated_Code/Inhr1.o
 .debug_macro   0x00000000       0x16 ./Generated_Code/Inhr1.o
 .debug_macro   0x00000000       0x44 ./Generated_Code/Inhr1.o
 .debug_macro   0x00000000      0x209 ./Generated_Code/Inhr1.o
 .debug_macro   0x00000000     0x1672 ./Generated_Code/Inhr1.o
 .debug_macro   0x00000000      0x14e ./Generated_Code/Inhr1.o
 .debug_macro   0x00000000       0x6a ./Generated_Code/Inhr1.o
 .debug_macro   0x00000000     0x9b9f ./Generated_Code/Inhr1.o
 .debug_macro   0x00000000       0x94 ./Generated_Code/Inhr1.o
 .debug_macro   0x00000000       0x58 ./Generated_Code/Inhr1.o
 .debug_macro   0x00000000       0x11 ./Generated_Code/Inhr1.o
 .group         0x00000000        0x8 ./Generated_Code/PE_LDD.o
 .group         0x00000000        0x8 ./Generated_Code/PE_LDD.o
 .group         0x00000000        0x8 ./Generated_Code/PE_LDD.o
 .group         0x00000000        0x8 ./Generated_Code/PE_LDD.o
 .group         0x00000000        0x8 ./Generated_Code/PE_LDD.o
 .group         0x00000000        0x8 ./Generated_Code/PE_LDD.o
 .group         0x00000000        0x8 ./Generated_Code/PE_LDD.o
 .group         0x00000000        0x8 ./Generated_Code/PE_LDD.o
 .group         0x00000000        0x8 ./Generated_Code/PE_LDD.o
 .group         0x00000000        0x8 ./Generated_Code/PE_LDD.o
 .group         0x00000000        0x8 ./Generated_Code/PE_LDD.o
 .group         0x00000000        0x8 ./Generated_Code/PE_LDD.o
 .group         0x00000000        0x8 ./Generated_Code/PE_LDD.o
 .group         0x00000000        0x8 ./Generated_Code/PE_LDD.o
 .group         0x00000000        0x8 ./Generated_Code/PE_LDD.o
 .group         0x00000000        0x8 ./Generated_Code/PE_LDD.o
 .group         0x00000000        0x8 ./Generated_Code/PE_LDD.o
 .group         0x00000000        0x8 ./Generated_Code/PE_LDD.o
 .group         0x00000000        0x8 ./Generated_Code/PE_LDD.o
 .text          0x00000000        0x0 ./Generated_Code/PE_LDD.o
 .data          0x00000000        0x0 ./Generated_Code/PE_LDD.o
 .bss           0x00000000        0x0 ./Generated_Code/PE_LDD.o
 .rodata.PE_CpuClockConfigurations
                0x00000000       0x28 ./Generated_Code/PE_LDD.o
 .text.PE_FillMemory
                0x00000000       0x24 ./Generated_Code/PE_LDD.o
 .text.PE_PeripheralUsed
                0x00000000       0x44 ./Generated_Code/PE_LDD.o
 .text.LDD_SetClockConfiguration
                0x00000000       0x14 ./Generated_Code/PE_LDD.o
 .debug_macro   0x00000000      0x84a ./Generated_Code/PE_LDD.o
 .debug_macro   0x00000000       0x16 ./Generated_Code/PE_LDD.o
 .debug_macro   0x00000000       0x44 ./Generated_Code/PE_LDD.o
 .debug_macro   0x00000000      0x209 ./Generated_Code/PE_LDD.o
 .debug_macro   0x00000000     0x1672 ./Generated_Code/PE_LDD.o
 .debug_macro   0x00000000      0x14e ./Generated_Code/PE_LDD.o
 .debug_macro   0x00000000       0x6a ./Generated_Code/PE_LDD.o
 .debug_macro   0x00000000     0x9b9f ./Generated_Code/PE_LDD.o
 .debug_macro   0x00000000       0x9a ./Generated_Code/PE_LDD.o
 .debug_macro   0x00000000       0x5e ./Generated_Code/PE_LDD.o
 .debug_macro   0x00000000       0x11 ./Generated_Code/PE_LDD.o
 .debug_macro   0x00000000       0x94 ./Generated_Code/PE_LDD.o
 .debug_macro   0x00000000      0x6a0 ./Generated_Code/PE_LDD.o
 .debug_macro   0x00000000       0x74 ./Generated_Code/PE_LDD.o
 .debug_macro   0x00000000       0x37 ./Generated_Code/PE_LDD.o
 .debug_macro   0x00000000       0x25 ./Generated_Code/PE_LDD.o
 .debug_macro   0x00000000      0x61c ./Generated_Code/PE_LDD.o
 .debug_macro   0x00000000       0x7b ./Generated_Code/PE_LDD.o
 .debug_macro   0x00000000       0x10 ./Generated_Code/PE_LDD.o
 .group         0x00000000        0x8 ./Generated_Code/PwmLdd1.o
 .group         0x00000000        0x8 ./Generated_Code/PwmLdd1.o
 .group         0x00000000        0x8 ./Generated_Code/PwmLdd1.o
 .group         0x00000000        0x8 ./Generated_Code/PwmLdd1.o
 .group         0x00000000        0x8 ./Generated_Code/PwmLdd1.o
 .group         0x00000000        0x8 ./Generated_Code/PwmLdd1.o
 .group         0x00000000        0x8 ./Generated_Code/PwmLdd1.o
 .group         0x00000000        0x8 ./Generated_Code/PwmLdd1.o
 .group         0x00000000        0x8 ./Generated_Code/PwmLdd1.o
 .group         0x00000000        0x8 ./Generated_Code/PwmLdd1.o
 .group         0x00000000        0x8 ./Generated_Code/PwmLdd1.o
 .group         0x00000000        0x8 ./Generated_Code/PwmLdd1.o
 .group         0x00000000        0x8 ./Generated_Code/PwmLdd1.o
 .text          0x00000000        0x0 ./Generated_Code/PwmLdd1.o
 .data          0x00000000        0x0 ./Generated_Code/PwmLdd1.o
 .bss           0x00000000        0x0 ./Generated_Code/PwmLdd1.o
 .text.PwmLdd1_SetDutyUS
                0x00000000       0x74 ./Generated_Code/PwmLdd1.o
 .text.PwmLdd1_SetDutyMS
                0x00000000       0x70 ./Generated_Code/PwmLdd1.o
 .debug_macro   0x00000000      0x84a ./Generated_Code/PwmLdd1.o
 .debug_macro   0x00000000       0x16 ./Generated_Code/PwmLdd1.o
 .debug_macro   0x00000000       0x44 ./Generated_Code/PwmLdd1.o
 .debug_macro   0x00000000      0x209 ./Generated_Code/PwmLdd1.o
 .debug_macro   0x00000000     0x1672 ./Generated_Code/PwmLdd1.o
 .debug_macro   0x00000000      0x14e ./Generated_Code/PwmLdd1.o
 .debug_macro   0x00000000       0x6a ./Generated_Code/PwmLdd1.o
 .debug_macro   0x00000000     0x9b9f ./Generated_Code/PwmLdd1.o
 .debug_macro   0x00000000       0x94 ./Generated_Code/PwmLdd1.o
 .debug_macro   0x00000000      0x6a0 ./Generated_Code/PwmLdd1.o
 .debug_macro   0x00000000       0x9a ./Generated_Code/PwmLdd1.o
 .debug_macro   0x00000000       0x74 ./Generated_Code/PwmLdd1.o
 .debug_macro   0x00000000       0x37 ./Generated_Code/PwmLdd1.o
 .group         0x00000000        0x8 ./Generated_Code/TU1.o
 .group         0x00000000        0x8 ./Generated_Code/TU1.o
 .group         0x00000000        0x8 ./Generated_Code/TU1.o
 .group         0x00000000        0x8 ./Generated_Code/TU1.o
 .group         0x00000000        0x8 ./Generated_Code/TU1.o
 .group         0x00000000        0x8 ./Generated_Code/TU1.o
 .group         0x00000000        0x8 ./Generated_Code/TU1.o
 .group         0x00000000        0x8 ./Generated_Code/TU1.o
 .group         0x00000000        0x8 ./Generated_Code/TU1.o
 .group         0x00000000        0x8 ./Generated_Code/TU1.o
 .group         0x00000000        0x8 ./Generated_Code/TU1.o
 .group         0x00000000        0x8 ./Generated_Code/TU1.o
 .text          0x00000000        0x0 ./Generated_Code/TU1.o
 .data          0x00000000        0x0 ./Generated_Code/TU1.o
 .bss           0x00000000        0x0 ./Generated_Code/TU1.o
 .rodata.ChannelDevice
                0x00000000        0x4 ./Generated_Code/TU1.o
 .rodata.ChannelMode
                0x00000000        0x4 ./Generated_Code/TU1.o
 .text.TU1_GetCounterValue
                0x00000000       0x20 ./Generated_Code/TU1.o
 .text.TU1_GetOffsetTicks
                0x00000000       0x48 ./Generated_Code/TU1.o
 .text.TU1_SelectOutputAction
                0x00000000      0x1bc ./Generated_Code/TU1.o
 .debug_macro   0x00000000      0x84a ./Generated_Code/TU1.o
 .debug_macro   0x00000000       0x16 ./Generated_Code/TU1.o
 .debug_macro   0x00000000       0x44 ./Generated_Code/TU1.o
 .debug_macro   0x00000000      0x209 ./Generated_Code/TU1.o
 .debug_macro   0x00000000     0x1672 ./Generated_Code/TU1.o
 .debug_macro   0x00000000      0x14e ./Generated_Code/TU1.o
 .debug_macro   0x00000000       0x6a ./Generated_Code/TU1.o
 .debug_macro   0x00000000     0x9b9f ./Generated_Code/TU1.o
 .debug_macro   0x00000000       0x94 ./Generated_Code/TU1.o
 .debug_macro   0x00000000      0x6a0 ./Generated_Code/TU1.o
 .debug_macro   0x00000000       0x9a ./Generated_Code/TU1.o
 .debug_macro   0x00000000       0x74 ./Generated_Code/TU1.o
 .group         0x00000000        0x8 ./Generated_Code/Term1.o
 .group         0x00000000        0x8 ./Generated_Code/Term1.o
 .group         0x00000000        0x8 ./Generated_Code/Term1.o
 .group         0x00000000        0x8 ./Generated_Code/Term1.o
 .group         0x00000000        0x8 ./Generated_Code/Term1.o
 .group         0x00000000        0x8 ./Generated_Code/Term1.o
 .group         0x00000000        0x8 ./Generated_Code/Term1.o
 .group         0x00000000        0x8 ./Generated_Code/Term1.o
 .group         0x00000000        0x8 ./Generated_Code/Term1.o
 .group         0x00000000        0x8 ./Generated_Code/Term1.o
 .group         0x00000000        0x8 ./Generated_Code/Term1.o
 .text          0x00000000        0x0 ./Generated_Code/Term1.o
 .data          0x00000000        0x0 ./Generated_Code/Term1.o
 .bss           0x00000000        0x0 ./Generated_Code/Term1.o
 .text.SendESCPrefix
                0x00000000       0x24 ./Generated_Code/Term1.o
 .text.Term1_ReadChar
                0x00000000       0x1c ./Generated_Code/Term1.o
 .text.Term1_KeyPressed
                0x00000000       0x1c ./Generated_Code/Term1.o
 .text.Term1_CRLF
                0x00000000       0x24 ./Generated_Code/Term1.o
 .text.Term1_SendStr
                0x00000000       0x34 ./Generated_Code/Term1.o
 .text.FloatToStr
                0x00000000      0x1bc ./Generated_Code/Term1.o
 .text.Term1_SendFloatNum
                0x00000000       0x64 ./Generated_Code/Term1.o
 .text.Term1_Cls
                0x00000000       0x28 ./Generated_Code/Term1.o
 .text.Term1_MoveTo
                0x00000000       0x44 ./Generated_Code/Term1.o
 .debug_macro   0x00000000      0x84a ./Generated_Code/Term1.o
 .debug_macro   0x00000000       0x16 ./Generated_Code/Term1.o
 .debug_macro   0x00000000       0x44 ./Generated_Code/Term1.o
 .debug_macro   0x00000000      0x209 ./Generated_Code/Term1.o
 .debug_macro   0x00000000     0x1672 ./Generated_Code/Term1.o
 .debug_macro   0x00000000      0x14e ./Generated_Code/Term1.o
 .debug_macro   0x00000000       0x6a ./Generated_Code/Term1.o
 .debug_macro   0x00000000     0x9b9f ./Generated_Code/Term1.o
 .debug_macro   0x00000000       0x9a ./Generated_Code/Term1.o
 .debug_macro   0x00000000       0x5e ./Generated_Code/Term1.o
 .debug_macro   0x00000000       0x11 ./Generated_Code/Term1.o
 .group         0x00000000        0x8 ./Generated_Code/Vectors.o
 .group         0x00000000        0x8 ./Generated_Code/Vectors.o
 .group         0x00000000        0x8 ./Generated_Code/Vectors.o
 .group         0x00000000        0x8 ./Generated_Code/Vectors.o
 .group         0x00000000        0x8 ./Generated_Code/Vectors.o
 .group         0x00000000        0x8 ./Generated_Code/Vectors.o
 .group         0x00000000        0x8 ./Generated_Code/Vectors.o
 .group         0x00000000        0x8 ./Generated_Code/Vectors.o
 .group         0x00000000        0x8 ./Generated_Code/Vectors.o
 .group         0x00000000        0x8 ./Generated_Code/Vectors.o
 .group         0x00000000        0x8 ./Generated_Code/Vectors.o
 .group         0x00000000        0x8 ./Generated_Code/Vectors.o
 .group         0x00000000        0x8 ./Generated_Code/Vectors.o
 .group         0x00000000        0x8 ./Generated_Code/Vectors.o
 .group         0x00000000        0x8 ./Generated_Code/Vectors.o
 .group         0x00000000        0x8 ./Generated_Code/Vectors.o
 .group         0x00000000        0x8 ./Generated_Code/Vectors.o
 .group         0x00000000        0x8 ./Generated_Code/Vectors.o
 .group         0x00000000        0x8 ./Generated_Code/Vectors.o
 .text          0x00000000        0x0 ./Generated_Code/Vectors.o
 .data          0x00000000        0x0 ./Generated_Code/Vectors.o
 .bss           0x00000000        0x0 ./Generated_Code/Vectors.o
 .debug_macro   0x00000000      0x84a ./Generated_Code/Vectors.o
 .debug_macro   0x00000000       0x16 ./Generated_Code/Vectors.o
 .debug_macro   0x00000000       0x44 ./Generated_Code/Vectors.o
 .debug_macro   0x00000000      0x209 ./Generated_Code/Vectors.o
 .debug_macro   0x00000000     0x1672 ./Generated_Code/Vectors.o
 .debug_macro   0x00000000      0x14e ./Generated_Code/Vectors.o
 .debug_macro   0x00000000       0x6a ./Generated_Code/Vectors.o
 .debug_macro   0x00000000     0x9b9f ./Generated_Code/Vectors.o
 .debug_macro   0x00000000       0x94 ./Generated_Code/Vectors.o
 .debug_macro   0x00000000       0x5e ./Generated_Code/Vectors.o
 .debug_macro   0x00000000       0x11 ./Generated_Code/Vectors.o
 .debug_macro   0x00000000       0x94 ./Generated_Code/Vectors.o
 .debug_macro   0x00000000      0x6a0 ./Generated_Code/Vectors.o
 .debug_macro   0x00000000       0x74 ./Generated_Code/Vectors.o
 .debug_macro   0x00000000       0x37 ./Generated_Code/Vectors.o
 .debug_macro   0x00000000       0x25 ./Generated_Code/Vectors.o
 .debug_macro   0x00000000      0x61c ./Generated_Code/Vectors.o
 .debug_macro   0x00000000       0x7b ./Generated_Code/Vectors.o
 .debug_macro   0x00000000       0x10 ./Generated_Code/Vectors.o
 .text          0x00000000      0x21c c:/freescale/kds_v3/toolchain/bin/../lib/gcc/arm-none-eabi/4.8.4/armv7e-m\libgcc.a(_arm_addsubsf3.o)
 .data          0x00000000        0x0 c:/freescale/kds_v3/toolchain/bin/../lib/gcc/arm-none-eabi/4.8.4/armv7e-m\libgcc.a(_arm_addsubsf3.o)
 .bss           0x00000000        0x0 c:/freescale/kds_v3/toolchain/bin/../lib/gcc/arm-none-eabi/4.8.4/armv7e-m\libgcc.a(_arm_addsubsf3.o)
 .ARM.attributes
                0x00000000       0x1e c:/freescale/kds_v3/toolchain/bin/../lib/gcc/arm-none-eabi/4.8.4/armv7e-m\libgcc.a(_arm_addsubsf3.o)
 .text          0x00000000      0x2a0 c:/freescale/kds_v3/toolchain/bin/../lib/gcc/arm-none-eabi/4.8.4/armv7e-m\libgcc.a(_arm_muldivsf3.o)
 .data          0x00000000        0x0 c:/freescale/kds_v3/toolchain/bin/../lib/gcc/arm-none-eabi/4.8.4/armv7e-m\libgcc.a(_arm_muldivsf3.o)
 .bss           0x00000000        0x0 c:/freescale/kds_v3/toolchain/bin/../lib/gcc/arm-none-eabi/4.8.4/armv7e-m\libgcc.a(_arm_muldivsf3.o)
 .ARM.attributes
                0x00000000       0x1e c:/freescale/kds_v3/toolchain/bin/../lib/gcc/arm-none-eabi/4.8.4/armv7e-m\libgcc.a(_arm_muldivsf3.o)
 .text          0x00000000       0xec c:/freescale/kds_v3/toolchain/bin/../lib/gcc/arm-none-eabi/4.8.4/armv7e-m\libgcc.a(_arm_cmpsf2.o)
 .data          0x00000000        0x0 c:/freescale/kds_v3/toolchain/bin/../lib/gcc/arm-none-eabi/4.8.4/armv7e-m\libgcc.a(_arm_cmpsf2.o)
 .bss           0x00000000        0x0 c:/freescale/kds_v3/toolchain/bin/../lib/gcc/arm-none-eabi/4.8.4/armv7e-m\libgcc.a(_arm_cmpsf2.o)
 .ARM.attributes
                0x00000000       0x1e c:/freescale/kds_v3/toolchain/bin/../lib/gcc/arm-none-eabi/4.8.4/armv7e-m\libgcc.a(_arm_cmpsf2.o)
 .text          0x00000000       0x40 c:/freescale/kds_v3/toolchain/bin/../lib/gcc/arm-none-eabi/4.8.4/armv7e-m\libgcc.a(_arm_fixunssfsi.o)
 .data          0x00000000        0x0 c:/freescale/kds_v3/toolchain/bin/../lib/gcc/arm-none-eabi/4.8.4/armv7e-m\libgcc.a(_arm_fixunssfsi.o)
 .bss           0x00000000        0x0 c:/freescale/kds_v3/toolchain/bin/../lib/gcc/arm-none-eabi/4.8.4/armv7e-m\libgcc.a(_arm_fixunssfsi.o)
 .ARM.attributes
                0x00000000       0x1e c:/freescale/kds_v3/toolchain/bin/../lib/gcc/arm-none-eabi/4.8.4/armv7e-m\libgcc.a(_arm_fixunssfsi.o)
 .text          0x00000000        0x0 c:/freescale/kds_v3/toolchain/bin/../lib/gcc/arm-none-eabi/4.8.4/../../../../arm-none-eabi/lib/armv7e-m\libg_s.a(lib_a-exit.o)
 .data          0x00000000        0x0 c:/freescale/kds_v3/toolchain/bin/../lib/gcc/arm-none-eabi/4.8.4/../../../../arm-none-eabi/lib/armv7e-m\libg_s.a(lib_a-exit.o)
 .bss           0x00000000        0x0 c:/freescale/kds_v3/toolchain/bin/../lib/gcc/arm-none-eabi/4.8.4/../../../../arm-none-eabi/lib/armv7e-m\libg_s.a(lib_a-exit.o)
 .text          0x00000000        0x0 c:/freescale/kds_v3/toolchain/bin/../lib/gcc/arm-none-eabi/4.8.4/../../../../arm-none-eabi/lib/armv7e-m\libg_s.a(lib_a-impure.o)
 .data          0x00000000        0x0 c:/freescale/kds_v3/toolchain/bin/../lib/gcc/arm-none-eabi/4.8.4/../../../../arm-none-eabi/lib/armv7e-m\libg_s.a(lib_a-impure.o)
 .bss           0x00000000        0x0 c:/freescale/kds_v3/toolchain/bin/../lib/gcc/arm-none-eabi/4.8.4/../../../../arm-none-eabi/lib/armv7e-m\libg_s.a(lib_a-impure.o)
 .data._impure_ptr
                0x00000000        0x4 c:/freescale/kds_v3/toolchain/bin/../lib/gcc/arm-none-eabi/4.8.4/../../../../arm-none-eabi/lib/armv7e-m\libg_s.a(lib_a-impure.o)
 .text          0x00000000        0x0 c:/freescale/kds_v3/toolchain/bin/../lib/gcc/arm-none-eabi/4.8.4/../../../../arm-none-eabi/lib/armv7e-m\libg_s.a(lib_a-init.o)
 .data          0x00000000        0x0 c:/freescale/kds_v3/toolchain/bin/../lib/gcc/arm-none-eabi/4.8.4/../../../../arm-none-eabi/lib/armv7e-m\libg_s.a(lib_a-init.o)
 .bss           0x00000000        0x0 c:/freescale/kds_v3/toolchain/bin/../lib/gcc/arm-none-eabi/4.8.4/../../../../arm-none-eabi/lib/armv7e-m\libg_s.a(lib_a-init.o)
 .text          0x00000000        0x0 c:/freescale/kds_v3/toolchain/bin/../lib/gcc/arm-none-eabi/4.8.4/../../../../arm-none-eabi/lib/armv7e-m\libg_s.a(lib_a-memset.o)
 .data          0x00000000        0x0 c:/freescale/kds_v3/toolchain/bin/../lib/gcc/arm-none-eabi/4.8.4/../../../../arm-none-eabi/lib/armv7e-m\libg_s.a(lib_a-memset.o)
 .bss           0x00000000        0x0 c:/freescale/kds_v3/toolchain/bin/../lib/gcc/arm-none-eabi/4.8.4/../../../../arm-none-eabi/lib/armv7e-m\libg_s.a(lib_a-memset.o)
 .text          0x00000000        0x0 c:/freescale/kds_v3/toolchain/bin/../lib/gcc/arm-none-eabi/4.8.4/../../../../arm-none-eabi/lib/armv7e-m\libnosys.a(_exit.o)
 .data          0x00000000        0x0 c:/freescale/kds_v3/toolchain/bin/../lib/gcc/arm-none-eabi/4.8.4/../../../../arm-none-eabi/lib/armv7e-m\libnosys.a(_exit.o)
 .bss           0x00000000        0x0 c:/freescale/kds_v3/toolchain/bin/../lib/gcc/arm-none-eabi/4.8.4/../../../../arm-none-eabi/lib/armv7e-m\libnosys.a(_exit.o)
 .text          0x00000000        0x0 c:/freescale/kds_v3/toolchain/bin/../lib/gcc/arm-none-eabi/4.8.4/armv7e-m/crtend.o
 .data          0x00000000        0x0 c:/freescale/kds_v3/toolchain/bin/../lib/gcc/arm-none-eabi/4.8.4/armv7e-m/crtend.o
 .bss           0x00000000        0x0 c:/freescale/kds_v3/toolchain/bin/../lib/gcc/arm-none-eabi/4.8.4/armv7e-m/crtend.o
 .eh_frame      0x00000000        0x4 c:/freescale/kds_v3/toolchain/bin/../lib/gcc/arm-none-eabi/4.8.4/armv7e-m/crtend.o
 .jcr           0x00000000        0x4 c:/freescale/kds_v3/toolchain/bin/../lib/gcc/arm-none-eabi/4.8.4/armv7e-m/crtend.o
 .ARM.attributes
                0x00000000       0x2e c:/freescale/kds_v3/toolchain/bin/../lib/gcc/arm-none-eabi/4.8.4/armv7e-m/crtend.o
 .text          0x00000000        0x0 c:/freescale/kds_v3/toolchain/bin/../lib/gcc/arm-none-eabi/4.8.4/armv7e-m/crtn.o
 .data          0x00000000        0x0 c:/freescale/kds_v3/toolchain/bin/../lib/gcc/arm-none-eabi/4.8.4/armv7e-m/crtn.o
 .bss           0x00000000        0x0 c:/freescale/kds_v3/toolchain/bin/../lib/gcc/arm-none-eabi/4.8.4/armv7e-m/crtn.o

Memory Configuration

Name             Origin             Length             Attributes
m_interrupts     0x00000000         0x000000f8         xr
m_text           0x00000410         0x0001fbf0         xr
m_data           0x1fffe000         0x00002000         rw
m_data_20000000  0x20000000         0x00002000         rw
m_cfmprotrom     0x00000400         0x00000010         xr
*default*        0x00000000         0xffffffff

Linker script and memory map

LOAD c:/freescale/kds_v3/toolchain/bin/../lib/gcc/arm-none-eabi/4.8.4/armv7e-m/crti.o
LOAD c:/freescale/kds_v3/toolchain/bin/../lib/gcc/arm-none-eabi/4.8.4/armv7e-m/crtbegin.o
LOAD c:/freescale/kds_v3/toolchain/bin/../lib/gcc/arm-none-eabi/4.8.4/../../../../arm-none-eabi/lib/armv7e-m/crt0.o
LOAD ./Sources/Events.o
LOAD ./Sources/main.o
LOAD ./Project_Settings/Startup_Code/startup.o
LOAD ./Generated_Code/AD1.o
LOAD ./Generated_Code/ASerialLdd1.o
LOAD ./Generated_Code/AdcLdd1.o
LOAD ./Generated_Code/Blue.o
LOAD ./Generated_Code/Cpu.o
LOAD ./Generated_Code/Inhr1.o
LOAD ./Generated_Code/PE_LDD.o
LOAD ./Generated_Code/PwmLdd1.o
LOAD ./Generated_Code/TU1.o
LOAD ./Generated_Code/Term1.o
LOAD ./Generated_Code/Vectors.o
LOAD c:/freescale/kds_v3/toolchain/bin/../lib/gcc/arm-none-eabi/4.8.4/../../../../arm-none-eabi/lib/armv7e-m\libstdc++_s.a
LOAD c:/freescale/kds_v3/toolchain/bin/../lib/gcc/arm-none-eabi/4.8.4/../../../../arm-none-eabi/lib/armv7e-m\libm.a
START GROUP
LOAD c:/freescale/kds_v3/toolchain/bin/../lib/gcc/arm-none-eabi/4.8.4/armv7e-m\libgcc.a
LOAD c:/freescale/kds_v3/toolchain/bin/../lib/gcc/arm-none-eabi/4.8.4/../../../../arm-none-eabi/lib/armv7e-m\libg_s.a
LOAD c:/freescale/kds_v3/toolchain/bin/../lib/gcc/arm-none-eabi/4.8.4/../../../../arm-none-eabi/lib/armv7e-m\libc_s.a
END GROUP
START GROUP
LOAD c:/freescale/kds_v3/toolchain/bin/../lib/gcc/arm-none-eabi/4.8.4/armv7e-m\libgcc.a
LOAD c:/freescale/kds_v3/toolchain/bin/../lib/gcc/arm-none-eabi/4.8.4/../../../../arm-none-eabi/lib/armv7e-m\libc_s.a
LOAD c:/freescale/kds_v3/toolchain/bin/../lib/gcc/arm-none-eabi/4.8.4/../../../../arm-none-eabi/lib/armv7e-m\libnosys.a
END GROUP
START GROUP
LOAD c:/freescale/kds_v3/toolchain/bin/../lib/gcc/arm-none-eabi/4.8.4/armv7e-m\libgcc.a
LOAD c:/freescale/kds_v3/toolchain/bin/../lib/gcc/arm-none-eabi/4.8.4/../../../../arm-none-eabi/lib/armv7e-m\libc_s.a
LOAD c:/freescale/kds_v3/toolchain/bin/../lib/gcc/arm-none-eabi/4.8.4/../../../../arm-none-eabi/lib/armv7e-m\libnosys.a
END GROUP
LOAD c:/freescale/kds_v3/toolchain/bin/../lib/gcc/arm-none-eabi/4.8.4/armv7e-m/crtend.o
LOAD c:/freescale/kds_v3/toolchain/bin/../lib/gcc/arm-none-eabi/4.8.4/armv7e-m/crtn.o
                0x20000000                _estack = 0x20000000
                0x20000000                __SP_INIT = _estack
                0x20000000                __stack = _estack
                0x00000000                __heap_size = 0x0
                0x00000400                __stack_size = 0x400

.interrupts     0x00000000       0xf8
                0x00000000                __vector_table = .
                0x00000000                . = ALIGN (0x4)
 *(.vectortable)
 .vectortable   0x00000000       0xf8 ./Generated_Code/Vectors.o
                0x00000000                __vect_table
                0x000000f8                . = ALIGN (0x4)

.cfmprotect     0x00000400       0x10
                0x00000400                . = ALIGN (0x4)
 *(.cfmconfig)
 .cfmconfig     0x00000400       0x10 ./Generated_Code/Cpu.o
                0x00000400                _cfm
                0x00000410                . = ALIGN (0x4)

.text           0x00000410     0x1330
                0x00000410                . = ALIGN (0x4)
 *(.text)
 .text          0x00000410       0x54 c:/freescale/kds_v3/toolchain/bin/../lib/gcc/arm-none-eabi/4.8.4/armv7e-m/crtbegin.o
 .text          0x00000464       0x74 c:/freescale/kds_v3/toolchain/bin/../lib/gcc/arm-none-eabi/4.8.4/../../../../arm-none-eabi/lib/armv7e-m/crt0.o
                0x00000464                _start
                0x00000464                _mainCRTStartup
 *(.text*)
 .text.Cpu_OnNMIINT
                0x000004d8        0xc ./Sources/Events.o
                0x000004d8                Cpu_OnNMIINT
 .text.AD1_OnEnd
                0x000004e4        0xc ./Sources/Events.o
                0x000004e4                AD1_OnEnd
 .text.AD1_OnCalibrationEnd
                0x000004f0        0xc ./Sources/Events.o
                0x000004f0                AD1_OnCalibrationEnd
 .text.main     0x000004fc       0xb0 ./Sources/main.o
                0x000004fc                main
 .text.__copy_rom_section
                0x000005ac       0xe4 ./Project_Settings/Startup_Code/startup.o
                0x000005ac                __copy_rom_section
 .text.__copy_rom_sections_to_ram
                0x00000690       0x9c ./Project_Settings/Startup_Code/startup.o
                0x00000690                __copy_rom_sections_to_ram
 .text.__init_registers
                0x0000072c        0xc ./Project_Settings/Startup_Code/startup.o
                0x0000072c                __init_registers
 .text.__init_user
                0x00000738        0xc ./Project_Settings/Startup_Code/startup.o
                0x00000738                __init_user
 .text.__thumb_startup
                0x00000744       0x34 ./Project_Settings/Startup_Code/startup.o
                0x00000744                __thumb_startup
 .text.AD1_HWEnDi
                0x00000778       0x44 ./Generated_Code/AD1.o
                0x00000778                AD1_HWEnDi
 .text.AD1_Measure
                0x000007bc       0x44 ./Generated_Code/AD1.o
                0x000007bc                AD1_Measure
 .text.AD1_GetValue16
                0x00000800       0x38 ./Generated_Code/AD1.o
                0x00000800                AD1_GetValue16
 .text.AD1_Calibrate
                0x00000838       0x7c ./Generated_Code/AD1.o
                0x00000838                AD1_Calibrate
 .text.AdcLdd1_OnMeasurementComplete
                0x000008b4       0x5c ./Generated_Code/AD1.o
                0x000008b4                AdcLdd1_OnMeasurementComplete
 .text.AD1_Init
                0x00000910       0x2c ./Generated_Code/AD1.o
                0x00000910                AD1_Init
 .text.ASerialLdd1_Init
                0x0000093c      0x160 ./Generated_Code/ASerialLdd1.o
                0x0000093c                ASerialLdd1_Init
 .text.ASerialLdd1_ReceiveBlock
                0x00000a9c       0x48 ./Generated_Code/ASerialLdd1.o
                0x00000a9c                ASerialLdd1_ReceiveBlock
 .text.ASerialLdd1_SendBlock
                0x00000ae4       0x58 ./Generated_Code/ASerialLdd1.o
                0x00000ae4                ASerialLdd1_SendBlock
 .text.InterruptRx
                0x00000b3c       0x50 ./Generated_Code/ASerialLdd1.o
 .text.InterruptTx
                0x00000b8c       0x60 ./Generated_Code/ASerialLdd1.o
 .text.ASerialLdd1_Main
                0x00000bec       0xd8 ./Generated_Code/ASerialLdd1.o
                0x00000bec                ASerialLdd1_Main
 .text.AdcLdd1_Init
                0x00000cc4       0x9c ./Generated_Code/AdcLdd1.o
                0x00000cc4                AdcLdd1_Init
 .text.AdcLdd1_StartSingleMeasurement
                0x00000d60       0x4c ./Generated_Code/AdcLdd1.o
                0x00000d60                AdcLdd1_StartSingleMeasurement
 .text.AdcLdd1_CreateSampleGroup
                0x00000dac       0x64 ./Generated_Code/AdcLdd1.o
                0x00000dac                AdcLdd1_CreateSampleGroup
 .text.AdcLdd1_GetMeasuredValues
                0x00000e10       0x4c ./Generated_Code/AdcLdd1.o
                0x00000e10                AdcLdd1_GetMeasuredValues
 .text.AdcLdd1_GetMeasurementCompleteStatus
                0x00000e5c       0x78 ./Generated_Code/AdcLdd1.o
                0x00000e5c                AdcLdd1_GetMeasurementCompleteStatus
 .text.AdcLdd1_StartCalibration
                0x00000ed4       0x4c ./Generated_Code/AdcLdd1.o
                0x00000ed4                AdcLdd1_StartCalibration
 .text.AdcLdd1_GetCalibrationResultStatus
                0x00000f20       0xbc ./Generated_Code/AdcLdd1.o
                0x00000f20                AdcLdd1_GetCalibrationResultStatus
 .text.AdcLdd1_MeasurementCompleteInterrupt
                0x00000fdc       0x3c ./Generated_Code/AdcLdd1.o
                0x00000fdc                AdcLdd1_MeasurementCompleteInterrupt
 .text.Cpu_INT_NMIInterrupt
                0x00001018       0x1c ./Generated_Code/Cpu.o
                0x00001018                Cpu_INT_NMIInterrupt
 .text.Cpu_Interrupt
                0x00001034       0x18 ./Generated_Code/Cpu.o
                0x00001034                Cpu_Interrupt
 .text.__init_hardware
                0x0000104c      0x11c ./Generated_Code/Cpu.o
                0x0000104c                __init_hardware
 .text.Cpu_SetBASEPRI
                0x00001168       0x18 ./Generated_Code/Cpu.o
                0x00001168                Cpu_SetBASEPRI
 .text.PE_low_level_init
                0x00001180       0xb4 ./Generated_Code/Cpu.o
                0x00001180                PE_low_level_init
 .text.HWEnDi   0x00001234       0x1c ./Generated_Code/Inhr1.o
 .text.Inhr1_SendChar
                0x00001250       0x5c ./Generated_Code/Inhr1.o
                0x00001250                Inhr1_SendChar
 .text.Inhr1_Init
                0x000012ac       0x24 ./Generated_Code/Inhr1.o
                0x000012ac                Inhr1_Init
 .text.ASerialLdd1_OnBreak
                0x000012d0       0x24 ./Generated_Code/Inhr1.o
                0x000012d0                ASerialLdd1_OnBreak
 .text.PwmLdd1_Init
                0x000012f4       0x58 ./Generated_Code/PwmLdd1.o
                0x000012f4                PwmLdd1_Init
 .text.PwmLdd1_SetRatio16
                0x0000134c       0x28 ./Generated_Code/PwmLdd1.o
                0x0000134c                PwmLdd1_SetRatio16
 .text.SetRatio
                0x00001374       0x54 ./Generated_Code/PwmLdd1.o
 .text.TU1_Init
                0x000013c8       0xf4 ./Generated_Code/TU1.o
                0x000013c8                TU1_Init
 .text.TU1_GetPeriodTicks
                0x000014bc       0x30 ./Generated_Code/TU1.o
                0x000014bc                TU1_GetPeriodTicks
 .text.TU1_SetOffsetTicks
                0x000014ec       0x44 ./Generated_Code/TU1.o
                0x000014ec                TU1_SetOffsetTicks
 .text.Term1_SendChar
                0x00001530       0x20 ./Generated_Code/Term1.o
                0x00001530                Term1_SendChar
 .text.LongToStr
                0x00001550       0xf4 ./Generated_Code/Term1.o
 .text.Term1_SendNum
                0x00001644       0x54 ./Generated_Code/Term1.o
                0x00001644                Term1_SendNum
 .text.exit     0x00001698       0x28 c:/freescale/kds_v3/toolchain/bin/../lib/gcc/arm-none-eabi/4.8.4/../../../../arm-none-eabi/lib/armv7e-m\libg_s.a(lib_a-exit.o)
                0x00001698                exit
 .text.__libc_init_array
                0x000016c0       0x4c c:/freescale/kds_v3/toolchain/bin/../lib/gcc/arm-none-eabi/4.8.4/../../../../arm-none-eabi/lib/armv7e-m\libg_s.a(lib_a-init.o)
                0x000016c0                __libc_init_array
 .text.memset   0x0000170c       0x10 c:/freescale/kds_v3/toolchain/bin/../lib/gcc/arm-none-eabi/4.8.4/../../../../arm-none-eabi/lib/armv7e-m\libg_s.a(lib_a-memset.o)
                0x0000170c                memset
 .text._exit    0x0000171c        0x4 c:/freescale/kds_v3/toolchain/bin/../lib/gcc/arm-none-eabi/4.8.4/../../../../arm-none-eabi/lib/armv7e-m\libnosys.a(_exit.o)
                0x0000171c                _exit
 *(.rodata)
 *(.rodata*)
 .rodata.str1.1
                0x00001720        0x2 c:/freescale/kds_v3/toolchain/bin/../lib/gcc/arm-none-eabi/4.8.4/../../../../arm-none-eabi/lib/armv7e-m\libg_s.a(lib_a-impure.o)
 *fill*         0x00001722        0x2 
 .rodata._global_impure_ptr
                0x00001724        0x4 c:/freescale/kds_v3/toolchain/bin/../lib/gcc/arm-none-eabi/4.8.4/../../../../arm-none-eabi/lib/armv7e-m\libg_s.a(lib_a-impure.o)
                0x00001724                _global_impure_ptr
 *(.glue_7)
 .glue_7        0x00000000        0x0 linker stubs
 *(.glue_7t)
 .glue_7t       0x00000000        0x0 linker stubs
 *(.eh_frame)
 .eh_frame      0x00001728        0x0 c:/freescale/kds_v3/toolchain/bin/../lib/gcc/arm-none-eabi/4.8.4/armv7e-m/crtbegin.o
 *(.init)
 .init          0x00001728        0x4 c:/freescale/kds_v3/toolchain/bin/../lib/gcc/arm-none-eabi/4.8.4/armv7e-m/crti.o
                0x00001728                _init
 .init          0x0000172c        0x8 c:/freescale/kds_v3/toolchain/bin/../lib/gcc/arm-none-eabi/4.8.4/armv7e-m/crtn.o
 *(.fini)
 .fini          0x00001734        0x4 c:/freescale/kds_v3/toolchain/bin/../lib/gcc/arm-none-eabi/4.8.4/armv7e-m/crti.o
                0x00001734                _fini
 .fini          0x00001738        0x8 c:/freescale/kds_v3/toolchain/bin/../lib/gcc/arm-none-eabi/4.8.4/armv7e-m/crtn.o
                0x00001740                . = ALIGN (0x4)
                0x00001740                _etext = .

.vfp11_veneer   0x00001740        0x0
 .vfp11_veneer  0x00000000        0x0 linker stubs

.v4_bx          0x00001740        0x0
 .v4_bx         0x00000000        0x0 linker stubs

.iplt           0x00001740        0x0
 .iplt          0x00000000        0x0 c:/freescale/kds_v3/toolchain/bin/../lib/gcc/arm-none-eabi/4.8.4/armv7e-m/crtbegin.o

.ARM.extab
 *(.ARM.extab* .gnu.linkonce.armextab.*)

.ARM            0x00001740        0x8
                0x00001740                __exidx_start = .
 *(.ARM.exidx*)
 .ARM.exidx     0x00001740        0x8 c:/freescale/kds_v3/toolchain/bin/../lib/gcc/arm-none-eabi/4.8.4/../../../../arm-none-eabi/lib/armv7e-m/crt0.o
                0x00001748                __exidx_end = .

.rel.dyn        0x00001748        0x0
 .rel.iplt      0x00000000        0x0 c:/freescale/kds_v3/toolchain/bin/../lib/gcc/arm-none-eabi/4.8.4/armv7e-m/crtbegin.o

.ctors          0x00001748        0x0
                0x00001748                __CTOR_LIST__ = .
 *crtbegin.o(.ctors)
 *(EXCLUDE_FILE(*crtend.o) .ctors)
 *(SORT(.ctors.*))
 *(.ctors)
                0x00001748                __CTOR_END__ = .

.dtors          0x00001748        0x0
                0x00001748                __DTOR_LIST__ = .
 *crtbegin.o(.dtors)
 *(EXCLUDE_FILE(*crtend.o) .dtors)
 *(SORT(.dtors.*))
 *(.dtors)
                0x00001748                __DTOR_END__ = .

.preinit_array  0x00001748        0x0
                0x00001748                PROVIDE (__preinit_array_start, .)
 *(.preinit_array*)
                0x00001748                PROVIDE (__preinit_array_end, .)

.init_array     0x00001748        0x4
                0x00001748                PROVIDE (__init_array_start, .)
 *(SORT(.init_array.*))
 *(.init_array*)
 .init_array    0x00001748        0x4 c:/freescale/kds_v3/toolchain/bin/../lib/gcc/arm-none-eabi/4.8.4/armv7e-m/crtbegin.o
                0x0000174c                PROVIDE (__init_array_end, .)

.fini_array     0x0000174c        0x4
                0x0000174c                PROVIDE (__fini_array_start, .)
 *(SORT(.fini_array.*))
 *(.fini_array*)
 .fini_array    0x0000174c        0x4 c:/freescale/kds_v3/toolchain/bin/../lib/gcc/arm-none-eabi/4.8.4/armv7e-m/crtbegin.o
                0x00001750                PROVIDE (__fini_array_end, .)
                0x00001750                ___ROM_AT = .

.data           0x1fffe000       0x60 load address 0x00001750
                0x1fffe000                . = ALIGN (0x4)
                0x1fffe000                _sdata = .
 *(.data)
 *(.data*)
 .data.impure_data
                0x1fffe000       0x60 c:/freescale/kds_v3/toolchain/bin/../lib/gcc/arm-none-eabi/4.8.4/../../../../arm-none-eabi/lib/armv7e-m\libg_s.a(lib_a-impure.o)
                0x1fffe060                . = ALIGN (0x4)
                0x1fffe060                _edata = .
                0x00000060                ___data_size = (_edata - _sdata)
                0x000017b0                ___m_data_20000000_ROMStart = (___ROM_AT + SIZEOF (.data))

.jcr            0x1fffe060        0x0 load address 0x000017b0
 .jcr           0x1fffe060        0x0 c:/freescale/kds_v3/toolchain/bin/../lib/gcc/arm-none-eabi/4.8.4/armv7e-m/crtbegin.o

.igot.plt       0x1fffe060        0x0 load address 0x000017b0
 .igot.plt      0x00000000        0x0 c:/freescale/kds_v3/toolchain/bin/../lib/gcc/arm-none-eabi/4.8.4/armv7e-m/crtbegin.o

.m_data_20000000
                0x20000000        0x0 load address 0x000017b0
                0x20000000                . = ALIGN (0x4)
                0x20000000                ___m_data_20000000_RAMStart = .
 *(.m_data_20000000)
                0x20000000                ___m_data_20000000_RAMEnd = .
                0x20000000                . = ALIGN (0x4)
                0x00000000                ___m_data_20000000_ROMSize = (___m_data_20000000_RAMEnd - ___m_data_20000000_RAMStart)
                0x20000000                . = ALIGN (0x4)

.bss            0x1fffe060      0x864 load address 0x000017b0
                0x1fffe060                __START_BSS = .
                0x1fffe060                PROVIDE (__bss_start__, __START_BSS)
 *(.bss)
 .bss           0x1fffe060       0x1c c:/freescale/kds_v3/toolchain/bin/../lib/gcc/arm-none-eabi/4.8.4/armv7e-m/crtbegin.o
 *(.bss*)
 .bss.ModeFlg   0x1fffe07c        0x1 ./Generated_Code/AD1.o
 *fill*         0x1fffe07d        0x3 
 .bss.SampleGroup
                0x1fffe080        0x4 ./Generated_Code/AD1.o
 .bss.OutFlg    0x1fffe084        0x1 ./Generated_Code/AD1.o
 *fill*         0x1fffe085        0x3 
 .bss.DeviceDataPrv__DEFAULT_RTOS_ALLOC
                0x1fffe088       0x20 ./Generated_Code/ASerialLdd1.o
 .bss.DeviceDataPrv__DEFAULT_RTOS_ALLOC
                0x1fffe0a8        0x8 ./Generated_Code/AdcLdd1.o
 .bss.INT_ADC0__DEFAULT_RTOS_ISRPARAM
                0x1fffe0b0        0x4 ./Generated_Code/AdcLdd1.o
 .bss.SR_lock   0x1fffe0b4        0x1 ./Generated_Code/Cpu.o
                0x1fffe0b4                SR_lock
 *fill*         0x1fffe0b5        0x1 
 .bss.SerFlag   0x1fffe0b6        0x2 ./Generated_Code/Inhr1.o
 .bss.BufferRead
                0x1fffe0b8        0x1 ./Generated_Code/Inhr1.o
 .bss.OutBuffer
                0x1fffe0b9        0x1 ./Generated_Code/Inhr1.o
 *fill*         0x1fffe0ba        0x2 
 .bss.PE_LDD_DeviceDataList
                0x1fffe0bc       0x10 ./Generated_Code/PE_LDD.o
                0x1fffe0bc                PE_LDD_DeviceDataList
 .bss.DeviceDataPrv__DEFAULT_RTOS_ALLOC
                0x1fffe0cc        0xc ./Generated_Code/PwmLdd1.o
 .bss.DeviceDataPrv__DEFAULT_RTOS_ALLOC
                0x1fffe0d8        0x8 ./Generated_Code/TU1.o
 *(COMMON)
 COMMON         0x1fffe0e0      0x7d2 ./Sources/main.o
                0x1fffe0e0                lightvalue
                0x1fffe8b0                Values
 *fill*         0x1fffe8b2        0x2 
 COMMON         0x1fffe8b4        0x8 ./Generated_Code/AD1.o
                0x1fffe8b4                AD1_OutV
                0x1fffe8b8                AdcLdd1_DeviceDataPtr
 COMMON         0x1fffe8bc        0x1 ./Generated_Code/Cpu.o
                0x1fffe8bc                SR_reg
 *fill*         0x1fffe8bd        0x3 
 COMMON         0x1fffe8c0        0x4 ./Generated_Code/Inhr1.o
                0x1fffe8c0                ASerialLdd1_DeviceDataPtr
                0x1fffe8c4                . = ALIGN (0x4)
                0x1fffe8c4                __END_BSS = .
                0x1fffe8c4                PROVIDE (__bss_end__, __END_BSS)
                0x000017b0                _romp_at = ((___ROM_AT + SIZEOF (.data)) + SIZEOF (.m_data_20000000))

.romp           0x1fffe8c4       0x24 load address 0x000017b0
                0x000017b0                __S_romp = _romp_at
                0x1fffe8c4        0x4 LONG 0x1750 ___ROM_AT
                0x1fffe8c8        0x4 LONG 0x1fffe000 _sdata
                0x1fffe8cc        0x4 LONG 0x60 ___data_size
                0x1fffe8d0        0x4 LONG 0x17b0 ___m_data_20000000_ROMStart
                0x1fffe8d4        0x4 LONG 0x20000000 ___m_data_20000000_RAMStart
                0x1fffe8d8        0x4 LONG 0x0 ___m_data_20000000_ROMSize
                0x1fffe8dc        0x4 LONG 0x0
                0x1fffe8e0        0x4 LONG 0x0
                0x1fffe8e4        0x4 LONG 0x0
                0x00020000                text_end = (ORIGIN (m_text) + 0x1fbf0)
                0x000017d4                data_init_end = ((___m_data_20000000_ROMStart + SIZEOF (.m_data_20000000)) + SIZEOF (.romp))
                0x00000001                ASSERT ((data_init_end <= text_end), region m_text overflowed with text and data)

._user_heap_stack
                0x1fffe8e8      0x400 load address 0x000017d4
                0x1fffe8e8                . = ALIGN (0x4)
                0x1fffe8e8                PROVIDE (end, .)
                0x1fffe8e8                PROVIDE (_end, .)
                0x1fffe8e8                PROVIDE (__end__, .)
                0x1fffe8e8                __heap_addr = .
                0x1fffe8e8                __HeapBase = .
                0x1fffe8e8                . = (. + __heap_size)
                0x1fffe8e8                __HeapLimit = .
                0x1fffece8                . = (. + __stack_size)
 *fill*         0x1fffe8e8      0x400 
                0x1fffece8                . = ALIGN (0x4)

.ARM.attributes
                0x00000000       0x2a
 *(.ARM.attributes)
 .ARM.attributes
                0x00000000       0x1e c:/freescale/kds_v3/toolchain/bin/../lib/gcc/arm-none-eabi/4.8.4/armv7e-m/crti.o
 .ARM.attributes
                0x0000001e       0x2e c:/freescale/kds_v3/toolchain/bin/../lib/gcc/arm-none-eabi/4.8.4/armv7e-m/crtbegin.o
 .ARM.attributes
                0x0000004c       0x1c c:/freescale/kds_v3/toolchain/bin/../lib/gcc/arm-none-eabi/4.8.4/../../../../arm-none-eabi/lib/armv7e-m/crt0.o
 .ARM.attributes
                0x00000068       0x33 ./Sources/Events.o
 .ARM.attributes
                0x0000009b       0x33 ./Sources/main.o
 .ARM.attributes
                0x000000ce       0x33 ./Project_Settings/Startup_Code/startup.o
 .ARM.attributes
                0x00000101       0x33 ./Generated_Code/AD1.o
 .ARM.attributes
                0x00000134       0x33 ./Generated_Code/ASerialLdd1.o
 .ARM.attributes
                0x00000167       0x33 ./Generated_Code/AdcLdd1.o
 .ARM.attributes
                0x0000019a       0x33 ./Generated_Code/Cpu.o
 .ARM.attributes
                0x000001cd       0x33 ./Generated_Code/Inhr1.o
 .ARM.attributes
                0x00000200       0x33 ./Generated_Code/PE_LDD.o
 .ARM.attributes
                0x00000233       0x33 ./Generated_Code/PwmLdd1.o
 .ARM.attributes
                0x00000266       0x33 ./Generated_Code/TU1.o
 .ARM.attributes
                0x00000299       0x33 ./Generated_Code/Term1.o
 .ARM.attributes
                0x000002cc       0x33 ./Generated_Code/Vectors.o
 .ARM.attributes
                0x000002ff       0x2e c:/freescale/kds_v3/toolchain/bin/../lib/gcc/arm-none-eabi/4.8.4/../../../../arm-none-eabi/lib/armv7e-m\libg_s.a(lib_a-exit.o)
 .ARM.attributes
                0x0000032d       0x2e c:/freescale/kds_v3/toolchain/bin/../lib/gcc/arm-none-eabi/4.8.4/../../../../arm-none-eabi/lib/armv7e-m\libg_s.a(lib_a-impure.o)
 .ARM.attributes
                0x0000035b       0x2e c:/freescale/kds_v3/toolchain/bin/../lib/gcc/arm-none-eabi/4.8.4/../../../../arm-none-eabi/lib/armv7e-m\libg_s.a(lib_a-init.o)
 .ARM.attributes
                0x00000389       0x2e c:/freescale/kds_v3/toolchain/bin/../lib/gcc/arm-none-eabi/4.8.4/../../../../arm-none-eabi/lib/armv7e-m\libg_s.a(lib_a-memset.o)
 .ARM.attributes
                0x000003b7       0x2e c:/freescale/kds_v3/toolchain/bin/../lib/gcc/arm-none-eabi/4.8.4/../../../../arm-none-eabi/lib/armv7e-m\libnosys.a(_exit.o)
 .ARM.attributes
                0x000003e5       0x1e c:/freescale/kds_v3/toolchain/bin/../lib/gcc/arm-none-eabi/4.8.4/armv7e-m/crtn.o
OUTPUT(Lab8.elf elf32-littlearm)

.debug_info     0x00000000     0x358f
 .debug_info    0x00000000       0xb8 ./Sources/Events.o
 .debug_info    0x000000b8      0x16e ./Sources/main.o
 .debug_info    0x00000226      0x20a ./Project_Settings/Startup_Code/startup.o
 .debug_info    0x00000430      0x23b ./Generated_Code/AD1.o
 .debug_info    0x0000066b      0x939 ./Generated_Code/ASerialLdd1.o
 .debug_info    0x00000fa4      0x885 ./Generated_Code/AdcLdd1.o
 .debug_info    0x00001829      0x9e9 ./Generated_Code/Cpu.o
 .debug_info    0x00002212      0x20b ./Generated_Code/Inhr1.o
 .debug_info    0x0000241d      0x251 ./Generated_Code/PE_LDD.o
 .debug_info    0x0000266e      0x2d4 ./Generated_Code/PwmLdd1.o
 .debug_info    0x00002942      0x765 ./Generated_Code/TU1.o
 .debug_info    0x000030a7      0x3da ./Generated_Code/Term1.o
 .debug_info    0x00003481      0x10e ./Generated_Code/Vectors.o

.debug_abbrev   0x00000000      0xfb6
 .debug_abbrev  0x00000000       0x45 ./Sources/Events.o
 .debug_abbrev  0x00000045       0xde ./Sources/main.o
 .debug_abbrev  0x00000123      0x11e ./Project_Settings/Startup_Code/startup.o
 .debug_abbrev  0x00000241      0x150 ./Generated_Code/AD1.o
 .debug_abbrev  0x00000391      0x1c3 ./Generated_Code/ASerialLdd1.o
 .debug_abbrev  0x00000554      0x1b4 ./Generated_Code/AdcLdd1.o
 .debug_abbrev  0x00000708      0x178 ./Generated_Code/Cpu.o
 .debug_abbrev  0x00000880      0x117 ./Generated_Code/Inhr1.o
 .debug_abbrev  0x00000997      0x10d ./Generated_Code/PE_LDD.o
 .debug_abbrev  0x00000aa4      0x122 ./Generated_Code/PwmLdd1.o
 .debug_abbrev  0x00000bc6      0x198 ./Generated_Code/TU1.o
 .debug_abbrev  0x00000d5e      0x1b4 ./Generated_Code/Term1.o
 .debug_abbrev  0x00000f12       0xa4 ./Generated_Code/Vectors.o

.debug_aranges  0x00000000      0x370
 .debug_aranges
                0x00000000       0x30 ./Sources/Events.o
 .debug_aranges
                0x00000030       0x20 ./Sources/main.o
 .debug_aranges
                0x00000050       0x50 ./Project_Settings/Startup_Code/startup.o
 .debug_aranges
                0x000000a0       0x48 ./Generated_Code/AD1.o
 .debug_aranges
                0x000000e8       0x58 ./Generated_Code/ASerialLdd1.o
 .debug_aranges
                0x00000140       0x60 ./Generated_Code/AdcLdd1.o
 .debug_aranges
                0x000001a0       0x40 ./Generated_Code/Cpu.o
 .debug_aranges
                0x000001e0       0x48 ./Generated_Code/Inhr1.o
 .debug_aranges
                0x00000228       0x30 ./Generated_Code/PE_LDD.o
 .debug_aranges
                0x00000258       0x40 ./Generated_Code/PwmLdd1.o
 .debug_aranges
                0x00000298       0x48 ./Generated_Code/TU1.o
 .debug_aranges
                0x000002e0       0x78 ./Generated_Code/Term1.o
 .debug_aranges
                0x00000358       0x18 ./Generated_Code/Vectors.o

.debug_ranges   0x00000000      0x298
 .debug_ranges  0x00000000       0x20 ./Sources/Events.o
 .debug_ranges  0x00000020       0x10 ./Sources/main.o
 .debug_ranges  0x00000030       0x40 ./Project_Settings/Startup_Code/startup.o
 .debug_ranges  0x00000070       0x38 ./Generated_Code/AD1.o
 .debug_ranges  0x000000a8       0x48 ./Generated_Code/ASerialLdd1.o
 .debug_ranges  0x000000f0       0x50 ./Generated_Code/AdcLdd1.o
 .debug_ranges  0x00000140       0x30 ./Generated_Code/Cpu.o
 .debug_ranges  0x00000170       0x38 ./Generated_Code/Inhr1.o
 .debug_ranges  0x000001a8       0x20 ./Generated_Code/PE_LDD.o
 .debug_ranges  0x000001c8       0x30 ./Generated_Code/PwmLdd1.o
 .debug_ranges  0x000001f8       0x38 ./Generated_Code/TU1.o
 .debug_ranges  0x00000230       0x68 ./Generated_Code/Term1.o

.debug_macro    0x00000000    0x19e87
 .debug_macro   0x00000000      0x142 ./Sources/Events.o
 .debug_macro   0x00000142      0x84a ./Sources/Events.o
 .debug_macro   0x0000098c       0x16 ./Sources/Events.o
 .debug_macro   0x000009a2       0x44 ./Sources/Events.o
 .debug_macro   0x000009e6      0x209 ./Sources/Events.o
 .debug_macro   0x00000bef     0x1672 ./Sources/Events.o
 .debug_macro   0x00002261      0x14e ./Sources/Events.o
 .debug_macro   0x000023af       0x6a ./Sources/Events.o
 .debug_macro   0x00002419     0x9b9f ./Sources/Events.o
 .debug_macro   0x0000bfb8       0x94 ./Sources/Events.o
 .debug_macro   0x0000c04c       0x5e ./Sources/Events.o
 .debug_macro   0x0000c0aa       0x11 ./Sources/Events.o
 .debug_macro   0x0000c0bb       0x94 ./Sources/Events.o
 .debug_macro   0x0000c14f      0x6a0 ./Sources/Events.o
 .debug_macro   0x0000c7ef       0x74 ./Sources/Events.o
 .debug_macro   0x0000c863       0x37 ./Sources/Events.o
 .debug_macro   0x0000c89a       0x25 ./Sources/Events.o
 .debug_macro   0x0000c8bf      0x61c ./Sources/Events.o
 .debug_macro   0x0000cedb       0x7b ./Sources/Events.o
 .debug_macro   0x0000cf56       0x10 ./Sources/Events.o
 .debug_macro   0x0000cf66      0x20a ./Sources/main.o
 .debug_macro   0x0000d170       0x58 ./Sources/main.o
 .debug_macro   0x0000d1c8       0x35 ./Sources/main.o
 .debug_macro   0x0000d1fd       0xa3 ./Sources/main.o
 .debug_macro   0x0000d2a0       0x16 ./Sources/main.o
 .debug_macro   0x0000d2b6       0x97 ./Sources/main.o
 .debug_macro   0x0000d34d       0x10 ./Sources/main.o
 .debug_macro   0x0000d35d       0xef ./Sources/main.o
 .debug_macro   0x0000d44c       0x52 ./Sources/main.o
 .debug_macro   0x0000d49e       0x16 ./Sources/main.o
 .debug_macro   0x0000d4b4       0x43 ./Sources/main.o
 .debug_macro   0x0000d4f7      0x180 ./Sources/main.o
 .debug_macro   0x0000d677       0x10 ./Sources/main.o
 .debug_macro   0x0000d687       0x22 ./Sources/main.o
 .debug_macro   0x0000d6a9       0xbd ./Sources/main.o
 .debug_macro   0x0000d766       0x16 ./Sources/main.o
 .debug_macro   0x0000d77c      0x14a ./Sources/main.o
 .debug_macro   0x0000d8c6      0x121 ./Project_Settings/Startup_Code/startup.o
 .debug_macro   0x0000d9e7      0x166 ./Project_Settings/Startup_Code/startup.o
 .debug_macro   0x0000db4d       0x4a ./Project_Settings/Startup_Code/startup.o
 .debug_macro   0x0000db97      0x2a6 ./Project_Settings/Startup_Code/startup.o
 .debug_macro   0x0000de3d       0x10 ./Project_Settings/Startup_Code/startup.o
 .debug_macro   0x0000de4d       0x35 ./Project_Settings/Startup_Code/startup.o
 .debug_macro   0x0000de82       0x16 ./Project_Settings/Startup_Code/startup.o
 .debug_macro   0x0000de98       0x22 ./Project_Settings/Startup_Code/startup.o
 .debug_macro   0x0000deba       0x10 ./Project_Settings/Startup_Code/startup.o
 .debug_macro   0x0000deca      0x20f ./Project_Settings/Startup_Code/startup.o
 .debug_macro   0x0000e0d9     0x9b93 ./Project_Settings/Startup_Code/startup.o
 .debug_macro   0x00017c6c      0x15a ./Generated_Code/AD1.o
 .debug_macro   0x00017dc6       0x9a ./Generated_Code/AD1.o
 .debug_macro   0x00017e60       0xc5 ./Generated_Code/ASerialLdd1.o
 .debug_macro   0x00017f25       0x58 ./Generated_Code/ASerialLdd1.o
 .debug_macro   0x00017f7d       0x17 ./Generated_Code/ASerialLdd1.o
 .debug_macro   0x00017f94      0x7ab ./Generated_Code/ASerialLdd1.o
 .debug_macro   0x0001873f      0x9b1 ./Generated_Code/ASerialLdd1.o
 .debug_macro   0x000190f0       0xd3 ./Generated_Code/AdcLdd1.o
 .debug_macro   0x000191c3      0x616 ./Generated_Code/AdcLdd1.o
 .debug_macro   0x000197d9      0x14d ./Generated_Code/Cpu.o
 .debug_macro   0x00019926       0xdf ./Generated_Code/Inhr1.o
 .debug_macro   0x00019a05      0x118 ./Generated_Code/PE_LDD.o
 .debug_macro   0x00019b1d       0xbb ./Generated_Code/PwmLdd1.o
 .debug_macro   0x00019bd8       0xb4 ./Generated_Code/TU1.o
 .debug_macro   0x00019c8c       0xad ./Generated_Code/Term1.o
 .debug_macro   0x00019d39      0x14e ./Generated_Code/Vectors.o

.debug_line     0x00000000     0x2b8d
 .debug_line    0x00000000      0x302 ./Sources/Events.o
 .debug_line    0x00000302      0x3b3 ./Sources/main.o
 .debug_line    0x000006b5      0x3b5 ./Project_Settings/Startup_Code/startup.o
 .debug_line    0x00000a6a      0x3a4 ./Generated_Code/AD1.o
 .debug_line    0x00000e0e      0x348 ./Generated_Code/ASerialLdd1.o
 .debug_line    0x00001156      0x35c ./Generated_Code/AdcLdd1.o
 .debug_line    0x000014b2      0x41a ./Generated_Code/Cpu.o
 .debug_line    0x000018cc      0x27b ./Generated_Code/Inhr1.o
 .debug_line    0x00001b47      0x2e9 ./Generated_Code/PE_LDD.o
 .debug_line    0x00001e30      0x2c1 ./Generated_Code/PwmLdd1.o
 .debug_line    0x000020f1      0x2f2 ./Generated_Code/TU1.o
 .debug_line    0x000023e3      0x414 ./Generated_Code/Term1.o
 .debug_line    0x000027f7      0x396 ./Generated_Code/Vectors.o

.debug_str      0x00000000    0x5f746
 .debug_str     0x00000000    0x4d235 ./Sources/Events.o
                              0x4d385 (size before relaxing)
 .debug_str     0x0004d235     0x1f9f ./Sources/main.o
                              0x4f377 (size before relaxing)
 .debug_str     0x0004f1d4     0x10bd ./Project_Settings/Startup_Code/startup.o
                              0x3a1cb (size before relaxing)
 .debug_str     0x00050291      0x14b ./Generated_Code/AD1.o
                              0x4d4c0 (size before relaxing)
 .debug_str     0x000503dc     0xe6a7 ./Generated_Code/ASerialLdd1.o
                              0x4db87 (size before relaxing)
 .debug_str     0x0005ea83      0x371 ./Generated_Code/AdcLdd1.o
                              0x4459a (size before relaxing)
 .debug_str     0x0005edf4      0x240 ./Generated_Code/Cpu.o
                              0x4d723 (size before relaxing)
 .debug_str     0x0005f034      0x16c ./Generated_Code/Inhr1.o
                              0x3f105 (size before relaxing)
 .debug_str     0x0005f1a0      0x17e ./Generated_Code/PE_LDD.o
                              0x4d51b (size before relaxing)
 .debug_str     0x0005f31e       0xcf ./Generated_Code/PwmLdd1.o
                              0x48401 (size before relaxing)
 .debug_str     0x0005f3ed      0x236 ./Generated_Code/TU1.o
                              0x48528 (size before relaxing)
 .debug_str     0x0005f623      0x107 ./Generated_Code/Term1.o
                              0x3f091 (size before relaxing)
 .debug_str     0x0005f72a       0x1c ./Generated_Code/Vectors.o
                              0x4d3ae (size before relaxing)

.comment        0x00000000       0x70
 .comment       0x00000000       0x70 ./Sources/Events.o
                                 0x71 (size before relaxing)
 .comment       0x00000000       0x71 ./Sources/main.o
 .comment       0x00000000       0x71 ./Project_Settings/Startup_Code/startup.o
 .comment       0x00000000       0x71 ./Generated_Code/AD1.o
 .comment       0x00000000       0x71 ./Generated_Code/ASerialLdd1.o
 .comment       0x00000000       0x71 ./Generated_Code/AdcLdd1.o
 .comment       0x00000000       0x71 ./Generated_Code/Cpu.o
 .comment       0x00000000       0x71 ./Generated_Code/Inhr1.o
 .comment       0x00000000       0x71 ./Generated_Code/PE_LDD.o
 .comment       0x00000000       0x71 ./Generated_Code/PwmLdd1.o
 .comment       0x00000000       0x71 ./Generated_Code/TU1.o
 .comment       0x00000000       0x71 ./Generated_Code/Term1.o
 .comment       0x00000000       0x71 ./Generated_Code/Vectors.o

.debug_frame    0x00000000      0x960
 .debug_frame   0x00000000       0x58 ./Sources/Events.o
 .debug_frame   0x00000058       0x30 ./Sources/main.o
 .debug_frame   0x00000088       0xc0 ./Project_Settings/Startup_Code/startup.o
 .debug_frame   0x00000148       0xc4 ./Generated_Code/AD1.o
 .debug_frame   0x0000020c      0x100 ./Generated_Code/ASerialLdd1.o
 .debug_frame   0x0000030c      0x114 ./Generated_Code/AdcLdd1.o
 .debug_frame   0x00000420       0xa4 ./Generated_Code/Cpu.o
 .debug_frame   0x000004c4       0xc0 ./Generated_Code/Inhr1.o
 .debug_frame   0x00000584       0x64 ./Generated_Code/PE_LDD.o
 .debug_frame   0x000005e8       0xb0 ./Generated_Code/PwmLdd1.o
 .debug_frame   0x00000698       0xb8 ./Generated_Code/TU1.o
 .debug_frame   0x00000750      0x17c ./Generated_Code/Term1.o
 .debug_frame   0x000008cc       0x28 c:/freescale/kds_v3/toolchain/bin/../lib/gcc/arm-none-eabi/4.8.4/../../../../arm-none-eabi/lib/armv7e-m\libg_s.a(lib_a-exit.o)
 .debug_frame   0x000008f4       0x2c c:/freescale/kds_v3/toolchain/bin/../lib/gcc/arm-none-eabi/4.8.4/../../../../arm-none-eabi/lib/armv7e-m\libg_s.a(lib_a-init.o)
 .debug_frame   0x00000920       0x20 c:/freescale/kds_v3/toolchain/bin/../lib/gcc/arm-none-eabi/4.8.4/../../../../arm-none-eabi/lib/armv7e-m\libg_s.a(lib_a-memset.o)
 .debug_frame   0x00000940       0x20 c:/freescale/kds_v3/toolchain/bin/../lib/gcc/arm-none-eabi/4.8.4/../../../../arm-none-eabi/lib/armv7e-m\libnosys.a(_exit.o)
